[2026-08-31 01:11:53] 本次订阅抓取结果统计:
[2026-08-31 01:11:53] 共 28 条RSS, 成功抓取 25 条.
[2026-08-31 01:11:53] ✘ 有 3 条订阅解析失败:
[2026-08-31 01:11:53] - https://geekinney.com/index.xml
[2026-08-31 01:11:53] - https://tcxx.info/feed
[2026-08-31 01:11:53] - https://www.shephe.com/feed
[2026-08-31 01:11:53] ✘ 有 2 条订阅头像无法访问, 已使用默认头像:
[2026-08-31 01:11:53] - https://www.loyhome.com/feed
[2026-08-31 01:11:53] - http://feeds.feedburner.com/ruanyifeng
[2026-08-31 08:19:50] 本次订阅抓取结果统计:
[2026-08-31 08:19:50] 共 28 条RSS, 成功抓取 25 条.
[2026-08-31 08:19:50] ✘ 有 3 条订阅解析失败:
[2026-08-31 08:19:50] - https://geekinney.com/index.xml
[2026-08-31 08:19:50] - https://www.shephe.com/feed
[2026-08-31 08:19:50] - https://tcxx.info/feed
[2026-08-31 08:19:50] ✘ 有 2 条订阅头像无法访问, 已使用默认头像:
[2026-08-31 08:19:50] - https://www.loyhome.com/feed
[2026-08-31 08:19:50] - http://feeds.feedburner.com/ruanyifeng
[2026-08-31 16:52:04] 本次订阅抓取结果统计:
[2026-08-31 16:52:04] 共 28 条RSS, 成功抓取 24 条.
[2026-08-31 16:52:04] ✘ 有 4 条订阅解析失败:
[2026-08-31 16:52:04] - https://geekinney.com/index.xml
[2026-08-31 16:52:04] - https://tcxx.info/feed
[2026-08-31 16:52:04] - https://www.shephe.com/feed
[2026-08-31 16:52:04] - https://oba.by/feed
[2026-08-31 16:52:04] ✘ 有 3 条订阅头像无法访问, 已使用默认头像:
[2026-08-31 16:52:04] - https://www.loyhome.com/feed
[2026-08-31 16:52:04] - http://feeds.feedburner.com/ruanyifeng
[2026-08-31 16:52:04] - https://blog.yanqingshan.com/feed
[2026-08-31 21:47:39] 本次订阅抓取结果统计:
[2026-08-31 21:47:39] 共 28 条RSS, 成功抓取 25 条.
[2026-08-31 21:47:39] ✘ 有 3 条订阅解析失败:
[2026-08-31 21:47:39] - https://geekinney.com/index.xml
[2026-08-31 21:47:39] - https://tcxx.info/feed
[2026-08-31 21:47:39] - https://www.shephe.com/feed
[2026-08-31 21:47:39] ✘ 有 2 条订阅头像无法访问, 已使用默认头像:
[2026-08-31 21:47:39] - https://www.loyhome.com/feed
[2026-08-31 21:47:39] - http://feeds.feedburner.com/ruanyifeng
