[2026-10-09 01:49:32] 本次订阅抓取结果统计:
[2026-10-09 01:49:32] 共 28 条RSS, 成功抓取 24 条.
[2026-10-09 01:49:32] ✘ 有 4 条订阅解析失败:
[2026-10-09 01:49:32] - https://wangpei.net/feed
[2026-10-09 01:49:32] - https://geekinney.com/index.xml
[2026-10-09 01:49:32] - https://tcxx.info/feed
[2026-10-09 01:49:32] - https://www.shephe.com/feed
[2026-10-09 01:49:32] ✘ 有 4 条订阅头像无法访问, 已使用默认头像:
[2026-10-09 01:49:32] - https://hwv430.blogspot.com/feeds/posts/default
[2026-10-09 01:49:32] - https://www.loyhome.com/feed
[2026-10-09 01:49:32] - http://feeds.feedburner.com/ruanyifeng
[2026-10-09 01:49:32] - https://xyzbz.cn/feed
[2026-10-09 08:39:00] 本次订阅抓取结果统计:
[2026-10-09 08:39:00] 共 28 条RSS, 成功抓取 24 条.
[2026-10-09 08:39:00] ✘ 有 4 条订阅解析失败:
[2026-10-09 08:39:00] - https://wangpei.net/feed
[2026-10-09 08:39:00] - https://geekinney.com/index.xml
[2026-10-09 08:39:00] - https://tcxx.info/feed
[2026-10-09 08:39:00] - https://www.shephe.com/feed
[2026-10-09 08:39:00] ✘ 有 2 条订阅头像无法访问, 已使用默认头像:
[2026-10-09 08:39:00] - https://www.loyhome.com/feed
[2026-10-09 08:39:00] - http://feeds.feedburner.com/ruanyifeng
[2026-10-09 15:55:40] 本次订阅抓取结果统计:
[2026-10-09 15:55:40] 共 28 条RSS, 成功抓取 24 条.
[2026-10-09 15:55:40] ✘ 有 4 条订阅解析失败:
[2026-10-09 15:55:40] - https://wangpei.net/feed
[2026-10-09 15:55:40] - https://geekinney.com/index.xml
[2026-10-09 15:55:40] - https://tcxx.info/feed
[2026-10-09 15:55:40] - https://www.shephe.com/feed
[2026-10-09 15:55:40] ✘ 有 2 条订阅头像无法访问, 已使用默认头像:
[2026-10-09 15:55:40] - https://www.loyhome.com/feed
[2026-10-09 15:55:40] - http://feeds.feedburner.com/ruanyifeng
[2026-10-09 20:39:45] 本次订阅抓取结果统计:
[2026-10-09 20:39:45] 共 28 条RSS, 成功抓取 23 条.
[2026-10-09 20:39:45] ✘ 有 5 条订阅解析失败:
[2026-10-09 20:39:45] - https://wangpei.net/feed
[2026-10-09 20:39:45] - https://geekinney.com/index.xml
[2026-10-09 20:39:45] - https://tcxx.info/feed
[2026-10-09 20:39:45] - https://www.shephe.com/feed
[2026-10-09 20:39:45] - https://tumutanzi.com/feed
[2026-10-09 20:39:45] ✘ 有 3 条订阅头像无法访问, 已使用默认头像:
[2026-10-09 20:39:45] - https://hwv430.blogspot.com/feeds/posts/default
[2026-10-09 20:39:45] - https://www.loyhome.com/feed
[2026-10-09 20:39:45] - http://feeds.feedburner.com/ruanyifeng
