[2026-08-26 01:27:43] 本次订阅抓取结果统计:
[2026-08-26 01:27:43] 共 28 条RSS, 成功抓取 25 条.
[2026-08-26 01:27:43] ✘ 有 3 条订阅解析失败:
[2026-08-26 01:27:43] - https://geekinney.com/index.xml
[2026-08-26 01:27:43] - https://tcxx.info/feed
[2026-08-26 01:27:43] - https://www.shephe.com/feed
[2026-08-26 01:27:43] ✘ 有 3 条订阅头像无法访问, 已使用默认头像:
[2026-08-26 01:27:43] - https://hwv430.blogspot.com/feeds/posts/default
[2026-08-26 01:27:43] - https://www.loyhome.com/feed
[2026-08-26 01:27:43] - http://feeds.feedburner.com/ruanyifeng
[2026-08-26 03:08:55] 本次订阅抓取结果统计:
[2026-08-26 03:08:55] 共 28 条RSS, 成功抓取 25 条.
[2026-08-26 03:08:55] ✘ 有 3 条订阅解析失败:
[2026-08-26 03:08:55] - https://geekinney.com/index.xml
[2026-08-26 03:08:55] - https://tcxx.info/feed
[2026-08-26 03:08:55] - https://www.shephe.com/feed
[2026-08-26 03:08:55] ✘ 有 2 条订阅头像无法访问, 已使用默认头像:
[2026-08-26 03:08:55] - https://www.loyhome.com/feed
[2026-08-26 03:08:55] - http://feeds.feedburner.com/ruanyifeng
[2026-08-26 04:42:43] 本次订阅抓取结果统计:
[2026-08-26 04:42:43] 共 28 条RSS, 成功抓取 25 条.
[2026-08-26 04:42:43] ✘ 有 3 条订阅解析失败:
[2026-08-26 04:42:43] - https://geekinney.com/index.xml
[2026-08-26 04:42:43] - https://tcxx.info/feed
[2026-08-26 04:42:43] - https://www.shephe.com/feed
[2026-08-26 04:42:43] ✘ 有 3 条订阅头像无法访问, 已使用默认头像:
[2026-08-26 04:42:43] - https://hwv430.blogspot.com/feeds/posts/default
[2026-08-26 04:42:43] - https://www.loyhome.com/feed
[2026-08-26 04:42:43] - http://feeds.feedburner.com/ruanyifeng
[2026-08-26 05:36:21] 本次订阅抓取结果统计:
[2026-08-26 05:36:21] 共 28 条RSS, 成功抓取 24 条.
[2026-08-26 05:36:21] ✘ 有 4 条订阅解析失败:
[2026-08-26 05:36:21] - https://geekinney.com/index.xml
[2026-08-26 05:36:21] - https://tcxx.info/feed
[2026-08-26 05:36:21] - https://tumutanzi.com/feed
[2026-08-26 05:36:21] - https://www.shephe.com/feed
[2026-08-26 05:36:21] ✘ 有 2 条订阅头像无法访问, 已使用默认头像:
[2026-08-26 05:36:21] - https://www.loyhome.com/feed
[2026-08-26 05:36:21] - http://feeds.feedburner.com/ruanyifeng
[2026-08-26 06:53:37] 本次订阅抓取结果统计:
[2026-08-26 06:53:37] 共 28 条RSS, 成功抓取 25 条.
[2026-08-26 06:53:37] ✘ 有 3 条订阅解析失败:
[2026-08-26 06:53:37] - https://geekinney.com/index.xml
[2026-08-26 06:53:37] - https://www.shephe.com/feed
[2026-08-26 06:53:37] - https://tcxx.info/feed
[2026-08-26 06:53:37] ✘ 有 3 条订阅头像无法访问, 已使用默认头像:
[2026-08-26 06:53:37] - https://hwv430.blogspot.com/feeds/posts/default
[2026-08-26 06:53:37] - https://www.loyhome.com/feed
[2026-08-26 06:53:37] - http://feeds.feedburner.com/ruanyifeng
[2026-08-26 07:49:49] 本次订阅抓取结果统计:
[2026-08-26 07:49:49] 共 28 条RSS, 成功抓取 25 条.
[2026-08-26 07:49:49] ✘ 有 3 条订阅解析失败:
[2026-08-26 07:49:49] - https://geekinney.com/index.xml
[2026-08-26 07:49:49] - https://tcxx.info/feed
[2026-08-26 07:49:49] - https://www.shephe.com/feed
[2026-08-26 07:49:49] ✘ 有 3 条订阅头像无法访问, 已使用默认头像:
[2026-08-26 07:49:49] - https://hwv430.blogspot.com/feeds/posts/default
[2026-08-26 07:49:49] - https://www.loyhome.com/feed
[2026-08-26 07:49:49] - http://feeds.feedburner.com/ruanyifeng
[2026-08-26 08:47:20] 本次订阅抓取结果统计:
[2026-08-26 08:47:20] 共 28 条RSS, 成功抓取 25 条.
[2026-08-26 08:47:20] ✘ 有 3 条订阅解析失败:
[2026-08-26 08:47:20] - https://geekinney.com/index.xml
[2026-08-26 08:47:20] - https://tcxx.info/feed
[2026-08-26 08:47:20] - https://www.shephe.com/feed
[2026-08-26 08:47:20] ✘ 有 3 条订阅头像无法访问, 已使用默认头像:
[2026-08-26 08:47:20] - https://hwv430.blogspot.com/feeds/posts/default
[2026-08-26 08:47:20] - https://www.loyhome.com/feed
[2026-08-26 08:47:20] - http://feeds.feedburner.com/ruanyifeng
[2026-08-26 09:44:48] 本次订阅抓取结果统计:
[2026-08-26 09:44:48] 共 28 条RSS, 成功抓取 25 条.
[2026-08-26 09:44:48] ✘ 有 3 条订阅解析失败:
[2026-08-26 09:44:48] - https://www.shephe.com/feed
[2026-08-26 09:44:48] - https://geekinney.com/index.xml
[2026-08-26 09:44:48] - https://tcxx.info/feed
[2026-08-26 09:44:48] ✘ 有 2 条订阅头像无法访问, 已使用默认头像:
[2026-08-26 09:44:48] - https://www.loyhome.com/feed
[2026-08-26 09:44:48] - http://feeds.feedburner.com/ruanyifeng
[2026-08-26 10:37:58] 本次订阅抓取结果统计:
[2026-08-26 10:37:58] 共 28 条RSS, 成功抓取 25 条.
[2026-08-26 10:37:58] ✘ 有 3 条订阅解析失败:
[2026-08-26 10:37:58] - https://geekinney.com/index.xml
[2026-08-26 10:37:58] - https://tcxx.info/feed
[2026-08-26 10:37:58] - https://www.shephe.com/feed
[2026-08-26 10:37:58] ✘ 有 3 条订阅头像无法访问, 已使用默认头像:
[2026-08-26 10:37:58] - https://hwv430.blogspot.com/feeds/posts/default
[2026-08-26 10:37:58] - https://www.loyhome.com/feed
[2026-08-26 10:37:58] - http://feeds.feedburner.com/ruanyifeng
[2026-08-26 11:32:15] 本次订阅抓取结果统计:
[2026-08-26 11:32:15] 共 28 条RSS, 成功抓取 25 条.
[2026-08-26 11:32:15] ✘ 有 3 条订阅解析失败:
[2026-08-26 11:32:15] - https://geekinney.com/index.xml
[2026-08-26 11:32:15] - https://tcxx.info/feed
[2026-08-26 11:32:15] - https://www.shephe.com/feed
[2026-08-26 11:32:15] ✘ 有 3 条订阅头像无法访问, 已使用默认头像:
[2026-08-26 11:32:15] - https://hwv430.blogspot.com/feeds/posts/default
[2026-08-26 11:32:15] - https://www.loyhome.com/feed
[2026-08-26 11:32:15] - http://feeds.feedburner.com/ruanyifeng
[2026-08-26 12:56:44] 本次订阅抓取结果统计:
[2026-08-26 12:56:44] 共 28 条RSS, 成功抓取 24 条.
[2026-08-26 12:56:44] ✘ 有 4 条订阅解析失败:
[2026-08-26 12:56:44] - https://geekinney.com/index.xml
[2026-08-26 12:56:44] - https://tcxx.info/feed
[2026-08-26 12:56:44] - https://www.shephe.com/feed
[2026-08-26 12:56:44] - https://tumutanzi.com/feed
[2026-08-26 12:56:44] ✘ 有 2 条订阅头像无法访问, 已使用默认头像:
[2026-08-26 12:56:44] - https://www.loyhome.com/feed
[2026-08-26 12:56:44] - http://feeds.feedburner.com/ruanyifeng
[2026-08-26 13:57:34] 本次订阅抓取结果统计:
[2026-08-26 13:57:34] 共 28 条RSS, 成功抓取 25 条.
[2026-08-26 13:57:34] ✘ 有 3 条订阅解析失败:
[2026-08-26 13:57:34] - https://geekinney.com/index.xml
[2026-08-26 13:57:34] - https://tcxx.info/feed
[2026-08-26 13:57:34] - https://www.shephe.com/feed
[2026-08-26 13:57:34] ✘ 有 2 条订阅头像无法访问, 已使用默认头像:
[2026-08-26 13:57:34] - https://www.loyhome.com/feed
[2026-08-26 13:57:34] - http://feeds.feedburner.com/ruanyifeng
