[2026-09-23 00:07:57] 本次订阅抓取结果统计:
[2026-09-23 00:07:57] 共 28 条RSS, 成功抓取 24 条.
[2026-09-23 00:07:57] ✘ 有 4 条订阅解析失败:
[2026-09-23 00:07:57] - https://wangpei.net/feed
[2026-09-23 00:07:57] - https://www.shephe.com/feed
[2026-09-23 00:07:57] - https://geekinney.com/index.xml
[2026-09-23 00:07:57] - https://tcxx.info/feed
[2026-09-23 00:07:57] ✘ 有 2 条订阅头像无法访问, 已使用默认头像:
[2026-09-23 00:07:57] - https://www.loyhome.com/feed
[2026-09-23 00:07:57] - http://feeds.feedburner.com/ruanyifeng
[2026-09-23 05:38:15] 本次订阅抓取结果统计:
[2026-09-23 05:38:15] 共 28 条RSS, 成功抓取 24 条.
[2026-09-23 05:38:15] ✘ 有 4 条订阅解析失败:
[2026-09-23 05:38:15] - https://wangpei.net/feed
[2026-09-23 05:38:15] - https://geekinney.com/index.xml
[2026-09-23 05:38:15] - https://tcxx.info/feed
[2026-09-23 05:38:15] - https://www.shephe.com/feed
[2026-09-23 05:38:15] ✘ 有 2 条订阅头像无法访问, 已使用默认头像:
[2026-09-23 05:38:15] - https://www.loyhome.com/feed
[2026-09-23 05:38:15] - http://feeds.feedburner.com/ruanyifeng
[2026-09-23 11:03:00] 本次订阅抓取结果统计:
[2026-09-23 11:03:00] 共 28 条RSS, 成功抓取 24 条.
[2026-09-23 11:03:00] ✘ 有 4 条订阅解析失败:
[2026-09-23 11:03:00] - https://wangpei.net/feed
[2026-09-23 11:03:00] - https://geekinney.com/index.xml
[2026-09-23 11:03:00] - https://tcxx.info/feed
[2026-09-23 11:03:00] - https://www.shephe.com/feed
[2026-09-23 11:03:00] ✘ 有 2 条订阅头像无法访问, 已使用默认头像:
[2026-09-23 11:03:00] - https://www.loyhome.com/feed
[2026-09-23 11:03:00] - http://feeds.feedburner.com/ruanyifeng
