[2026-09-08 00:03:27] 本次订阅抓取结果统计:
[2026-09-08 00:03:27] 共 28 条RSS, 成功抓取 24 条.
[2026-09-08 00:03:27] ✘ 有 4 条订阅解析失败:
[2026-09-08 00:03:27] - https://wangpei.net/feed
[2026-09-08 00:03:27] - https://geekinney.com/index.xml
[2026-09-08 00:03:27] - https://www.shephe.com/feed
[2026-09-08 00:03:27] - https://tcxx.info/feed
[2026-09-08 00:03:27] ✘ 有 2 条订阅头像无法访问, 已使用默认头像:
[2026-09-08 00:03:27] - https://www.loyhome.com/feed
[2026-09-08 00:03:27] - http://feeds.feedburner.com/ruanyifeng
[2026-09-08 05:42:32] 本次订阅抓取结果统计:
[2026-09-08 05:42:32] 共 28 条RSS, 成功抓取 24 条.
[2026-09-08 05:42:32] ✘ 有 4 条订阅解析失败:
[2026-09-08 05:42:32] - https://wangpei.net/feed
[2026-09-08 05:42:32] - https://geekinney.com/index.xml
[2026-09-08 05:42:32] - https://www.shephe.com/feed
[2026-09-08 05:42:32] - https://tcxx.info/feed
[2026-09-08 05:42:32] ✘ 有 2 条订阅头像无法访问, 已使用默认头像:
[2026-09-08 05:42:32] - https://www.loyhome.com/feed
[2026-09-08 05:42:32] - http://feeds.feedburner.com/ruanyifeng
[2026-09-08 10:52:27] 本次订阅抓取结果统计:
[2026-09-08 10:52:27] 共 28 条RSS, 成功抓取 24 条.
[2026-09-08 10:52:27] ✘ 有 4 条订阅解析失败:
[2026-09-08 10:52:27] - https://wangpei.net/feed
[2026-09-08 10:52:27] - https://geekinney.com/index.xml
[2026-09-08 10:52:27] - https://tcxx.info/feed
[2026-09-08 10:52:27] - https://www.shephe.com/feed
[2026-09-08 10:52:27] ✘ 有 2 条订阅头像无法访问, 已使用默认头像:
[2026-09-08 10:52:27] - https://www.loyhome.com/feed
[2026-09-08 10:52:27] - http://feeds.feedburner.com/ruanyifeng
[2026-09-08 14:59:29] 本次订阅抓取结果统计:
[2026-09-08 14:59:29] 共 28 条RSS, 成功抓取 24 条.
[2026-09-08 14:59:29] ✘ 有 4 条订阅解析失败:
[2026-09-08 14:59:29] - https://wangpei.net/feed
[2026-09-08 14:59:29] - https://geekinney.com/index.xml
[2026-09-08 14:59:29] - https://tcxx.info/feed
[2026-09-08 14:59:29] - https://www.shephe.com/feed
[2026-09-08 14:59:29] ✘ 有 2 条订阅头像无法访问, 已使用默认头像:
[2026-09-08 14:59:29] - https://www.loyhome.com/feed
[2026-09-08 14:59:29] - http://feeds.feedburner.com/ruanyifeng
[2026-09-08 18:31:51] 本次订阅抓取结果统计:
[2026-09-08 18:31:51] 共 28 条RSS, 成功抓取 24 条.
[2026-09-08 18:31:51] ✘ 有 4 条订阅解析失败:
[2026-09-08 18:31:51] - https://wangpei.net/feed
[2026-09-08 18:31:51] - https://www.shephe.com/feed
[2026-09-08 18:31:51] - https://tcxx.info/feed
[2026-09-08 18:31:51] - https://geekinney.com/index.xml
[2026-09-08 18:31:51] ✘ 有 2 条订阅头像无法访问, 已使用默认头像:
[2026-09-08 18:31:51] - https://www.loyhome.com/feed
[2026-09-08 18:31:51] - http://feeds.feedburner.com/ruanyifeng
[2026-09-08 21:40:57] 本次订阅抓取结果统计:
[2026-09-08 21:40:57] 共 28 条RSS, 成功抓取 24 条.
[2026-09-08 21:40:57] ✘ 有 4 条订阅解析失败:
[2026-09-08 21:40:57] - https://wangpei.net/feed
[2026-09-08 21:40:57] - https://geekinney.com/index.xml
[2026-09-08 21:40:57] - https://tcxx.info/feed
[2026-09-08 21:40:57] - https://www.shephe.com/feed
[2026-09-08 21:40:57] ✘ 有 2 条订阅头像无法访问, 已使用默认头像:
[2026-09-08 21:40:57] - https://www.loyhome.com/feed
[2026-09-08 21:40:57] - http://feeds.feedburner.com/ruanyifeng
