[2026-10-02 01:23:47] 本次订阅抓取结果统计:
[2026-10-02 01:23:47] 共 28 条RSS, 成功抓取 24 条.
[2026-10-02 01:23:47] ✘ 有 4 条订阅解析失败:
[2026-10-02 01:23:47] - https://wangpei.net/feed
[2026-10-02 01:23:47] - https://geekinney.com/index.xml
[2026-10-02 01:23:47] - https://www.shephe.com/feed
[2026-10-02 01:23:47] - https://tcxx.info/feed
[2026-10-02 01:23:47] ✘ 有 3 条订阅头像无法访问, 已使用默认头像:
[2026-10-02 01:23:47] - https://hwv430.blogspot.com/feeds/posts/default
[2026-10-02 01:23:47] - https://www.loyhome.com/feed
[2026-10-02 01:23:47] - http://feeds.feedburner.com/ruanyifeng
[2026-10-02 08:07:38] 本次订阅抓取结果统计:
[2026-10-02 08:07:38] 共 28 条RSS, 成功抓取 24 条.
[2026-10-02 08:07:38] ✘ 有 4 条订阅解析失败:
[2026-10-02 08:07:38] - https://wangpei.net/feed
[2026-10-02 08:07:38] - https://geekinney.com/index.xml
[2026-10-02 08:07:38] - https://tcxx.info/feed
[2026-10-02 08:07:38] - https://www.shephe.com/feed
[2026-10-02 08:07:38] ✘ 有 3 条订阅头像无法访问, 已使用默认头像:
[2026-10-02 08:07:38] - https://hwv430.blogspot.com/feeds/posts/default
[2026-10-02 08:07:38] - https://www.loyhome.com/feed
[2026-10-02 08:07:38] - http://feeds.feedburner.com/ruanyifeng
[2026-10-02 15:31:31] 本次订阅抓取结果统计:
[2026-10-02 15:31:31] 共 28 条RSS, 成功抓取 24 条.
[2026-10-02 15:31:31] ✘ 有 4 条订阅解析失败:
[2026-10-02 15:31:31] - https://wangpei.net/feed
[2026-10-02 15:31:31] - https://geekinney.com/index.xml
[2026-10-02 15:31:31] - https://tcxx.info/feed
[2026-10-02 15:31:31] - https://www.shephe.com/feed
[2026-10-02 15:31:31] ✘ 有 4 条订阅头像无法访问, 已使用默认头像:
[2026-10-02 15:31:31] - https://hwv430.blogspot.com/feeds/posts/default
[2026-10-02 15:31:31] - https://www.loyhome.com/feed
[2026-10-02 15:31:31] - http://feeds.feedburner.com/ruanyifeng
[2026-10-02 15:31:31] - https://xyzbz.cn/feed
[2026-10-02 20:28:33] 本次订阅抓取结果统计:
[2026-10-02 20:28:33] 共 28 条RSS, 成功抓取 24 条.
[2026-10-02 20:28:33] ✘ 有 4 条订阅解析失败:
[2026-10-02 20:28:33] - https://wangpei.net/feed
[2026-10-02 20:28:33] - https://tcxx.info/feed
[2026-10-02 20:28:33] - https://geekinney.com/index.xml
[2026-10-02 20:28:33] - https://www.shephe.com/feed
[2026-10-02 20:28:33] ✘ 有 3 条订阅头像无法访问, 已使用默认头像:
[2026-10-02 20:28:33] - https://hwv430.blogspot.com/feeds/posts/default
[2026-10-02 20:28:33] - https://www.loyhome.com/feed
[2026-10-02 20:28:33] - http://feeds.feedburner.com/ruanyifeng
