[2026-08-05 00:05:49] 本次订阅抓取结果统计:
[2026-08-05 00:05:49] 共 28 条RSS, 成功抓取 25 条.
[2026-08-05 00:05:49] ✘ 有 3 条订阅解析失败:
[2026-08-05 00:05:49] - https://geekinney.com/index.xml
[2026-08-05 00:05:49] - https://tcxx.info/feed
[2026-08-05 00:05:49] - https://www.shephe.com/feed
[2026-08-05 00:05:49] ✘ 有 3 条订阅头像无法访问, 已使用默认头像:
[2026-08-05 00:05:49] - https://hwv430.blogspot.com/feeds/posts/default
[2026-08-05 00:05:49] - https://www.loyhome.com/feed
[2026-08-05 00:05:49] - http://feeds.feedburner.com/ruanyifeng
[2026-08-05 04:12:25] 本次订阅抓取结果统计:
[2026-08-05 04:12:25] 共 28 条RSS, 成功抓取 24 条.
[2026-08-05 04:12:25] ✘ 有 4 条订阅解析失败:
[2026-08-05 04:12:25] - https://tcxx.info/feed
[2026-08-05 04:12:25] - https://geekinney.com/index.xml
[2026-08-05 04:12:25] - https://tumutanzi.com/feed
[2026-08-05 04:12:25] - https://www.shephe.com/feed
[2026-08-05 04:12:25] ✘ 有 3 条订阅头像无法访问, 已使用默认头像:
[2026-08-05 04:12:25] - https://hwv430.blogspot.com/feeds/posts/default
[2026-08-05 04:12:25] - https://www.loyhome.com/feed
[2026-08-05 04:12:25] - http://feeds.feedburner.com/ruanyifeng
[2026-08-05 07:41:30] 本次订阅抓取结果统计:
[2026-08-05 07:41:30] 共 28 条RSS, 成功抓取 25 条.
[2026-08-05 07:41:30] ✘ 有 3 条订阅解析失败:
[2026-08-05 07:41:30] - https://geekinney.com/index.xml
[2026-08-05 07:41:30] - https://tcxx.info/feed
[2026-08-05 07:41:30] - https://www.shephe.com/feed
[2026-08-05 07:41:30] ✘ 有 3 条订阅头像无法访问, 已使用默认头像:
[2026-08-05 07:41:30] - https://hwv430.blogspot.com/feeds/posts/default
[2026-08-05 07:41:30] - https://www.loyhome.com/feed
[2026-08-05 07:41:30] - http://feeds.feedburner.com/ruanyifeng
[2026-08-05 10:38:19] 本次订阅抓取结果统计:
[2026-08-05 10:38:19] 共 28 条RSS, 成功抓取 25 条.
[2026-08-05 10:38:19] ✘ 有 3 条订阅解析失败:
[2026-08-05 10:38:19] - https://geekinney.com/index.xml
[2026-08-05 10:38:19] - https://tcxx.info/feed
[2026-08-05 10:38:19] - https://www.shephe.com/feed
[2026-08-05 10:38:19] ✘ 有 3 条订阅头像无法访问, 已使用默认头像:
[2026-08-05 10:38:19] - https://hwv430.blogspot.com/feeds/posts/default
[2026-08-05 10:38:19] - https://www.loyhome.com/feed
[2026-08-05 10:38:19] - http://feeds.feedburner.com/ruanyifeng
