[2026-09-25 01:14:37] 本次订阅抓取结果统计:
[2026-09-25 01:14:37] 共 28 条RSS, 成功抓取 24 条.
[2026-09-25 01:14:37] ✘ 有 4 条订阅解析失败:
[2026-09-25 01:14:37] - https://wangpei.net/feed
[2026-09-25 01:14:37] - https://www.shephe.com/feed
[2026-09-25 01:14:37] - https://geekinney.com/index.xml
[2026-09-25 01:14:37] - https://tcxx.info/feed
[2026-09-25 01:14:37] ✘ 有 3 条订阅头像无法访问, 已使用默认头像:
[2026-09-25 01:14:37] - https://hwv430.blogspot.com/feeds/posts/default
[2026-09-25 01:14:37] - https://www.loyhome.com/feed
[2026-09-25 01:14:37] - http://feeds.feedburner.com/ruanyifeng
[2026-09-25 07:19:45] 本次订阅抓取结果统计:
[2026-09-25 07:19:45] 共 28 条RSS, 成功抓取 24 条.
[2026-09-25 07:19:45] ✘ 有 4 条订阅解析失败:
[2026-09-25 07:19:45] - https://wangpei.net/feed
[2026-09-25 07:19:45] - https://geekinney.com/index.xml
[2026-09-25 07:19:45] - https://www.shephe.com/feed
[2026-09-25 07:19:45] - https://tcxx.info/feed
[2026-09-25 07:19:45] ✘ 有 3 条订阅头像无法访问, 已使用默认头像:
[2026-09-25 07:19:45] - https://www.loyhome.com/feed
[2026-09-25 07:19:45] - http://feeds.feedburner.com/ruanyifeng
[2026-09-25 07:19:45] - https://xyzbz.cn/feed
