[2026-09-22 03:59:20] 本次订阅抓取结果统计:
[2026-09-22 03:59:20] 共 28 条RSS, 成功抓取 24 条.
[2026-09-22 03:59:20] ✘ 有 4 条订阅解析失败:
[2026-09-22 03:59:20] - https://wangpei.net/feed
[2026-09-22 03:59:20] - https://geekinney.com/index.xml
[2026-09-22 03:59:20] - https://www.shephe.com/feed
[2026-09-22 03:59:20] - https://tcxx.info/feed
[2026-09-22 03:59:20] ✘ 有 3 条订阅头像无法访问, 已使用默认头像:
[2026-09-22 03:59:20] - https://hwv430.blogspot.com/feeds/posts/default
[2026-09-22 03:59:20] - http://feeds.feedburner.com/ruanyifeng
[2026-09-22 03:59:20] - https://www.loyhome.com/feed
[2026-09-22 09:14:56] 本次订阅抓取结果统计:
[2026-09-22 09:14:56] 共 28 条RSS, 成功抓取 24 条.
[2026-09-22 09:14:56] ✘ 有 4 条订阅解析失败:
[2026-09-22 09:14:56] - https://wangpei.net/feed
[2026-09-22 09:14:56] - https://www.shephe.com/feed
[2026-09-22 09:14:56] - https://geekinney.com/index.xml
[2026-09-22 09:14:56] - https://tcxx.info/feed
[2026-09-22 09:14:56] ✘ 有 2 条订阅头像无法访问, 已使用默认头像:
[2026-09-22 09:14:56] - https://www.loyhome.com/feed
[2026-09-22 09:14:56] - http://feeds.feedburner.com/ruanyifeng
[2026-09-22 14:28:26] 本次订阅抓取结果统计:
[2026-09-22 14:28:26] 共 28 条RSS, 成功抓取 24 条.
[2026-09-22 14:28:26] ✘ 有 4 条订阅解析失败:
[2026-09-22 14:28:26] - https://wangpei.net/feed
[2026-09-22 14:28:26] - https://geekinney.com/index.xml
[2026-09-22 14:28:26] - https://tcxx.info/feed
[2026-09-22 14:28:26] - https://www.shephe.com/feed
[2026-09-22 14:28:26] ✘ 有 2 条订阅头像无法访问, 已使用默认头像:
[2026-09-22 14:28:26] - https://www.loyhome.com/feed
[2026-09-22 14:28:26] - http://feeds.feedburner.com/ruanyifeng
