[2026-09-02 03:36:32] 本次订阅抓取结果统计:
[2026-09-02 03:36:32] 共 28 条RSS, 成功抓取 25 条.
[2026-09-02 03:36:32] ✘ 有 3 条订阅解析失败:
[2026-09-02 03:36:32] - https://geekinney.com/index.xml
[2026-09-02 03:36:32] - https://tcxx.info/feed
[2026-09-02 03:36:32] - https://www.shephe.com/feed
[2026-09-02 03:36:32] ✘ 有 2 条订阅头像无法访问, 已使用默认头像:
[2026-09-02 03:36:32] - https://www.loyhome.com/feed
[2026-09-02 03:36:32] - http://feeds.feedburner.com/ruanyifeng
[2026-09-02 08:34:16] 本次订阅抓取结果统计:
[2026-09-02 08:34:16] 共 28 条RSS, 成功抓取 25 条.
[2026-09-02 08:34:16] ✘ 有 3 条订阅解析失败:
[2026-09-02 08:34:16] - https://geekinney.com/index.xml
[2026-09-02 08:34:16] - https://tcxx.info/feed
[2026-09-02 08:34:16] - https://www.shephe.com/feed
[2026-09-02 08:34:16] ✘ 有 3 条订阅头像无法访问, 已使用默认头像:
[2026-09-02 08:34:16] - https://hwv430.blogspot.com/feeds/posts/default
[2026-09-02 08:34:16] - https://www.loyhome.com/feed
[2026-09-02 08:34:16] - http://feeds.feedburner.com/ruanyifeng
[2026-09-02 13:23:39] 本次订阅抓取结果统计:
[2026-09-02 13:23:39] 共 28 条RSS, 成功抓取 25 条.
[2026-09-02 13:23:39] ✘ 有 3 条订阅解析失败:
[2026-09-02 13:23:39] - https://geekinney.com/index.xml
[2026-09-02 13:23:39] - https://tcxx.info/feed
[2026-09-02 13:23:39] - https://www.shephe.com/feed
[2026-09-02 13:23:39] ✘ 有 3 条订阅头像无法访问, 已使用默认头像:
[2026-09-02 13:23:39] - https://hwv430.blogspot.com/feeds/posts/default
[2026-09-02 13:23:39] - https://www.loyhome.com/feed
[2026-09-02 13:23:39] - http://feeds.feedburner.com/ruanyifeng
