[2026-08-22 01:21:21] 本次订阅抓取结果统计:
[2026-08-22 01:21:21] 共 28 条RSS, 成功抓取 25 条.
[2026-08-22 01:21:21] ✘ 有 3 条订阅解析失败:
[2026-08-22 01:21:21] - https://geekinney.com/index.xml
[2026-08-22 01:21:21] - https://tcxx.info/feed
[2026-08-22 01:21:21] - https://www.shephe.com/feed
[2026-08-22 01:21:21] ✘ 有 2 条订阅头像无法访问, 已使用默认头像:
[2026-08-22 01:21:21] - https://www.loyhome.com/feed
[2026-08-22 01:21:21] - http://feeds.feedburner.com/ruanyifeng
[2026-08-22 02:56:11] 本次订阅抓取结果统计:
[2026-08-22 02:56:11] 共 28 条RSS, 成功抓取 25 条.
[2026-08-22 02:56:11] ✘ 有 3 条订阅解析失败:
[2026-08-22 02:56:11] - https://geekinney.com/index.xml
[2026-08-22 02:56:11] - https://tcxx.info/feed
[2026-08-22 02:56:11] - https://www.shephe.com/feed
[2026-08-22 02:56:11] ✘ 有 3 条订阅头像无法访问, 已使用默认头像:
[2026-08-22 02:56:11] - https://www.loyhome.com/feed
[2026-08-22 02:56:11] - http://feeds.feedburner.com/ruanyifeng
[2026-08-22 02:56:11] - https://xyzbz.cn/feed
[2026-08-22 03:44:41] 本次订阅抓取结果统计:
[2026-08-22 03:44:41] 共 28 条RSS, 成功抓取 25 条.
[2026-08-22 03:44:41] ✘ 有 3 条订阅解析失败:
[2026-08-22 03:44:41] - https://geekinney.com/index.xml
[2026-08-22 03:44:41] - https://tcxx.info/feed
[2026-08-22 03:44:41] - https://www.shephe.com/feed
[2026-08-22 03:44:41] ✘ 有 2 条订阅头像无法访问, 已使用默认头像:
[2026-08-22 03:44:41] - https://www.loyhome.com/feed
[2026-08-22 03:44:41] - http://feeds.feedburner.com/ruanyifeng
[2026-08-22 04:35:14] 本次订阅抓取结果统计:
[2026-08-22 04:35:14] 共 28 条RSS, 成功抓取 25 条.
[2026-08-22 04:35:14] ✘ 有 3 条订阅解析失败:
[2026-08-22 04:35:14] - https://tcxx.info/feed
[2026-08-22 04:35:14] - https://geekinney.com/index.xml
[2026-08-22 04:35:14] - https://www.shephe.com/feed
[2026-08-22 04:35:14] ✘ 有 2 条订阅头像无法访问, 已使用默认头像:
[2026-08-22 04:35:14] - https://www.loyhome.com/feed
[2026-08-22 04:35:14] - http://feeds.feedburner.com/ruanyifeng
[2026-08-22 05:29:58] 本次订阅抓取结果统计:
[2026-08-22 05:29:58] 共 28 条RSS, 成功抓取 24 条.
[2026-08-22 05:29:58] ✘ 有 4 条订阅解析失败:
[2026-08-22 05:29:58] - https://geekinney.com/index.xml
[2026-08-22 05:29:58] - https://www.shephe.com/feed
[2026-08-22 05:29:58] - https://tumutanzi.com/feed
[2026-08-22 05:29:58] - https://tcxx.info/feed
[2026-08-22 05:29:58] ✘ 有 3 条订阅头像无法访问, 已使用默认头像:
[2026-08-22 05:29:58] - https://hwv430.blogspot.com/feeds/posts/default
[2026-08-22 05:29:58] - https://www.loyhome.com/feed
[2026-08-22 05:29:58] - http://feeds.feedburner.com/ruanyifeng
[2026-08-22 06:43:23] 本次订阅抓取结果统计:
[2026-08-22 06:43:23] 共 28 条RSS, 成功抓取 25 条.
[2026-08-22 06:43:23] ✘ 有 3 条订阅解析失败:
[2026-08-22 06:43:23] - https://geekinney.com/index.xml
[2026-08-22 06:43:23] - https://tcxx.info/feed
[2026-08-22 06:43:23] - https://www.shephe.com/feed
[2026-08-22 06:43:23] ✘ 有 3 条订阅头像无法访问, 已使用默认头像:
[2026-08-22 06:43:23] - https://www.loyhome.com/feed
[2026-08-22 06:43:23] - https://hwv430.blogspot.com/feeds/posts/default
[2026-08-22 06:43:23] - http://feeds.feedburner.com/ruanyifeng
[2026-08-22 07:33:51] 本次订阅抓取结果统计:
[2026-08-22 07:33:51] 共 28 条RSS, 成功抓取 25 条.
[2026-08-22 07:33:51] ✘ 有 3 条订阅解析失败:
[2026-08-22 07:33:51] - https://geekinney.com/index.xml
[2026-08-22 07:33:51] - https://www.shephe.com/feed
[2026-08-22 07:33:51] - https://tcxx.info/feed
[2026-08-22 07:33:51] ✘ 有 3 条订阅头像无法访问, 已使用默认头像:
[2026-08-22 07:33:51] - https://www.loyhome.com/feed
[2026-08-22 07:33:51] - http://feeds.feedburner.com/ruanyifeng
[2026-08-22 07:33:51] - https://blog.zhheo.com/rss.xml
[2026-08-22 08:32:47] 本次订阅抓取结果统计:
[2026-08-22 08:32:47] 共 28 条RSS, 成功抓取 25 条.
[2026-08-22 08:32:47] ✘ 有 3 条订阅解析失败:
[2026-08-22 08:32:47] - https://geekinney.com/index.xml
[2026-08-22 08:32:47] - https://tcxx.info/feed
[2026-08-22 08:32:47] - https://www.shephe.com/feed
[2026-08-22 08:32:47] ✘ 有 3 条订阅头像无法访问, 已使用默认头像:
[2026-08-22 08:32:47] - https://hwv430.blogspot.com/feeds/posts/default
[2026-08-22 08:32:47] - https://www.loyhome.com/feed
[2026-08-22 08:32:47] - http://feeds.feedburner.com/ruanyifeng
[2026-08-22 09:29:09] 本次订阅抓取结果统计:
[2026-08-22 09:29:09] 共 28 条RSS, 成功抓取 25 条.
[2026-08-22 09:29:09] ✘ 有 3 条订阅解析失败:
[2026-08-22 09:29:09] - https://geekinney.com/index.xml
[2026-08-22 09:29:09] - https://tcxx.info/feed
[2026-08-22 09:29:09] - https://www.shephe.com/feed
[2026-08-22 09:29:09] ✘ 有 2 条订阅头像无法访问, 已使用默认头像:
[2026-08-22 09:29:09] - https://www.loyhome.com/feed
[2026-08-22 09:29:09] - http://feeds.feedburner.com/ruanyifeng
[2026-08-22 10:26:13] 本次订阅抓取结果统计:
[2026-08-22 10:26:13] 共 28 条RSS, 成功抓取 24 条.
[2026-08-22 10:26:13] ✘ 有 4 条订阅解析失败:
[2026-08-22 10:26:13] - https://geekinney.com/index.xml
[2026-08-22 10:26:13] - https://tcxx.info/feed
[2026-08-22 10:26:13] - https://www.shephe.com/feed
[2026-08-22 10:26:13] - https://tumutanzi.com/feed
[2026-08-22 10:26:13] ✘ 有 2 条订阅头像无法访问, 已使用默认头像:
[2026-08-22 10:26:13] - https://www.loyhome.com/feed
[2026-08-22 10:26:13] - http://feeds.feedburner.com/ruanyifeng
[2026-08-22 11:22:55] 本次订阅抓取结果统计:
[2026-08-22 11:22:55] 共 28 条RSS, 成功抓取 25 条.
[2026-08-22 11:22:55] ✘ 有 3 条订阅解析失败:
[2026-08-22 11:22:55] - https://geekinney.com/index.xml
[2026-08-22 11:22:55] - https://tcxx.info/feed
[2026-08-22 11:22:55] - https://www.shephe.com/feed
[2026-08-22 11:22:55] ✘ 有 2 条订阅头像无法访问, 已使用默认头像:
[2026-08-22 11:22:55] - https://www.loyhome.com/feed
[2026-08-22 11:22:55] - http://feeds.feedburner.com/ruanyifeng
[2026-08-22 12:43:17] 本次订阅抓取结果统计:
[2026-08-22 12:43:17] 共 28 条RSS, 成功抓取 25 条.
[2026-08-22 12:43:17] ✘ 有 3 条订阅解析失败:
[2026-08-22 12:43:17] - https://geekinney.com/index.xml
[2026-08-22 12:43:17] - https://tcxx.info/feed
[2026-08-22 12:43:17] - https://www.shephe.com/feed
[2026-08-22 12:43:17] ✘ 有 2 条订阅头像无法访问, 已使用默认头像:
[2026-08-22 12:43:17] - https://www.loyhome.com/feed
[2026-08-22 12:43:17] - http://feeds.feedburner.com/ruanyifeng
[2026-08-22 13:33:31] 本次订阅抓取结果统计:
[2026-08-22 13:33:31] 共 28 条RSS, 成功抓取 25 条.
[2026-08-22 13:33:31] ✘ 有 3 条订阅解析失败:
[2026-08-22 13:33:31] - https://geekinney.com/index.xml
[2026-08-22 13:33:31] - https://tcxx.info/feed
[2026-08-22 13:33:31] - https://www.shephe.com/feed
[2026-08-22 13:33:31] ✘ 有 2 条订阅头像无法访问, 已使用默认头像:
[2026-08-22 13:33:31] - https://www.loyhome.com/feed
[2026-08-22 13:33:31] - http://feeds.feedburner.com/ruanyifeng
