[2026-09-06 00:43:38] 本次订阅抓取结果统计:
[2026-09-06 00:43:38] 共 28 条RSS, 成功抓取 24 条.
[2026-09-06 00:43:38] ✘ 有 4 条订阅解析失败:
[2026-09-06 00:43:38] - https://wangpei.net/feed
[2026-09-06 00:43:38] - https://geekinney.com/index.xml
[2026-09-06 00:43:38] - https://tcxx.info/feed
[2026-09-06 00:43:38] - https://www.shephe.com/feed
[2026-09-06 00:43:38] ✘ 有 2 条订阅头像无法访问, 已使用默认头像:
[2026-09-06 00:43:38] - https://www.loyhome.com/feed
[2026-09-06 00:43:38] - http://feeds.feedburner.com/ruanyifeng
[2026-09-06 05:39:29] 本次订阅抓取结果统计:
[2026-09-06 05:39:29] 共 28 条RSS, 成功抓取 24 条.
[2026-09-06 05:39:29] ✘ 有 4 条订阅解析失败:
[2026-09-06 05:39:29] - https://wangpei.net/feed
[2026-09-06 05:39:29] - https://geekinney.com/index.xml
[2026-09-06 05:39:29] - https://tcxx.info/feed
[2026-09-06 05:39:29] - https://www.shephe.com/feed
[2026-09-06 05:39:29] ✘ 有 2 条订阅头像无法访问, 已使用默认头像:
[2026-09-06 05:39:29] - https://www.loyhome.com/feed
[2026-09-06 05:39:29] - http://feeds.feedburner.com/ruanyifeng
[2026-09-06 10:33:03] 本次订阅抓取结果统计:
[2026-09-06 10:33:03] 共 28 条RSS, 成功抓取 24 条.
[2026-09-06 10:33:03] ✘ 有 4 条订阅解析失败:
[2026-09-06 10:33:03] - https://wangpei.net/feed
[2026-09-06 10:33:03] - https://geekinney.com/index.xml
[2026-09-06 10:33:03] - https://tcxx.info/feed
[2026-09-06 10:33:03] - https://www.shephe.com/feed
[2026-09-06 10:33:03] ✘ 有 2 条订阅头像无法访问, 已使用默认头像:
[2026-09-06 10:33:03] - https://www.loyhome.com/feed
[2026-09-06 10:33:03] - http://feeds.feedburner.com/ruanyifeng
[2026-09-06 14:01:02] 本次订阅抓取结果统计:
[2026-09-06 14:01:02] 共 28 条RSS, 成功抓取 24 条.
[2026-09-06 14:01:02] ✘ 有 4 条订阅解析失败:
[2026-09-06 14:01:02] - https://wangpei.net/feed
[2026-09-06 14:01:02] - https://geekinney.com/index.xml
[2026-09-06 14:01:02] - https://tcxx.info/feed
[2026-09-06 14:01:02] - https://www.shephe.com/feed
[2026-09-06 14:01:02] ✘ 有 2 条订阅头像无法访问, 已使用默认头像:
[2026-09-06 14:01:02] - https://www.loyhome.com/feed
[2026-09-06 14:01:02] - http://feeds.feedburner.com/ruanyifeng
[2026-09-06 17:32:45] 本次订阅抓取结果统计:
[2026-09-06 17:32:45] 共 28 条RSS, 成功抓取 24 条.
[2026-09-06 17:32:45] ✘ 有 4 条订阅解析失败:
[2026-09-06 17:32:45] - https://geekinney.com/index.xml
[2026-09-06 17:32:45] - https://www.shephe.com/feed
[2026-09-06 17:32:45] - https://tcxx.info/feed
[2026-09-06 17:32:45] - https://wangpei.net/feed
[2026-09-06 17:32:45] ✘ 有 2 条订阅头像无法访问, 已使用默认头像:
[2026-09-06 17:32:45] - https://www.loyhome.com/feed
[2026-09-06 17:32:45] - http://feeds.feedburner.com/ruanyifeng
[2026-09-06 20:09:55] 本次订阅抓取结果统计:
[2026-09-06 20:09:55] 共 28 条RSS, 成功抓取 24 条.
[2026-09-06 20:09:55] ✘ 有 4 条订阅解析失败:
[2026-09-06 20:09:55] - https://wangpei.net/feed
[2026-09-06 20:09:55] - https://geekinney.com/index.xml
[2026-09-06 20:09:55] - https://www.shephe.com/feed
[2026-09-06 20:09:55] - https://tcxx.info/feed
[2026-09-06 20:09:55] ✘ 有 2 条订阅头像无法访问, 已使用默认头像:
[2026-09-06 20:09:55] - https://www.loyhome.com/feed
[2026-09-06 20:09:55] - http://feeds.feedburner.com/ruanyifeng
[2026-09-06 22:47:01] 本次订阅抓取结果统计:
[2026-09-06 22:47:01] 共 28 条RSS, 成功抓取 24 条.
[2026-09-06 22:47:01] ✘ 有 4 条订阅解析失败:
[2026-09-06 22:47:01] - https://wangpei.net/feed
[2026-09-06 22:47:01] - https://geekinney.com/index.xml
[2026-09-06 22:47:01] - https://tcxx.info/feed
[2026-09-06 22:47:01] - https://www.shephe.com/feed
[2026-09-06 22:47:01] ✘ 有 2 条订阅头像无法访问, 已使用默认头像:
[2026-09-06 22:47:01] - https://www.loyhome.com/feed
[2026-09-06 22:47:01] - http://feeds.feedburner.com/ruanyifeng
