[2026-08-14 02:09:04] 本次订阅抓取结果统计:
[2026-08-14 02:09:04] 共 28 条RSS, 成功抓取 26 条.
[2026-08-14 02:09:04] ✘ 有 2 条订阅解析失败:
[2026-08-14 02:09:04] - https://geekinney.com/index.xml
[2026-08-14 02:09:04] - https://tcxx.info/feed
[2026-08-14 02:09:04] ✘ 有 3 条订阅头像无法访问, 已使用默认头像:
[2026-08-14 02:09:04] - https://hwv430.blogspot.com/feeds/posts/default
[2026-08-14 02:09:04] - https://www.loyhome.com/feed
[2026-08-14 02:09:04] - http://feeds.feedburner.com/ruanyifeng
[2026-08-14 04:49:41] 本次订阅抓取结果统计:
[2026-08-14 04:49:41] 共 28 条RSS, 成功抓取 26 条.
[2026-08-14 04:49:41] ✘ 有 2 条订阅解析失败:
[2026-08-14 04:49:41] - https://geekinney.com/index.xml
[2026-08-14 04:49:41] - https://tcxx.info/feed
[2026-08-14 04:49:41] ✘ 有 3 条订阅头像无法访问, 已使用默认头像:
[2026-08-14 04:49:41] - https://hwv430.blogspot.com/feeds/posts/default
[2026-08-14 04:49:41] - https://www.loyhome.com/feed
[2026-08-14 04:49:41] - http://feeds.feedburner.com/ruanyifeng
[2026-08-14 06:15:42] 本次订阅抓取结果统计:
[2026-08-14 06:15:42] 共 28 条RSS, 成功抓取 26 条.
[2026-08-14 06:15:42] ✘ 有 2 条订阅解析失败:
[2026-08-14 06:15:42] - https://geekinney.com/index.xml
[2026-08-14 06:15:42] - https://tcxx.info/feed
[2026-08-14 06:15:42] ✘ 有 3 条订阅头像无法访问, 已使用默认头像:
[2026-08-14 06:15:42] - https://hwv430.blogspot.com/feeds/posts/default
[2026-08-14 06:15:42] - https://www.loyhome.com/feed
[2026-08-14 06:15:42] - http://feeds.feedburner.com/ruanyifeng
[2026-08-14 08:18:03] 本次订阅抓取结果统计:
[2026-08-14 08:18:03] 共 28 条RSS, 成功抓取 26 条.
[2026-08-14 08:18:03] ✘ 有 2 条订阅解析失败:
[2026-08-14 08:18:03] - https://geekinney.com/index.xml
[2026-08-14 08:18:03] - https://tcxx.info/feed
[2026-08-14 08:18:03] ✘ 有 2 条订阅头像无法访问, 已使用默认头像:
[2026-08-14 08:18:03] - https://www.loyhome.com/feed
[2026-08-14 08:18:03] - http://feeds.feedburner.com/ruanyifeng
[2026-08-14 10:05:16] 本次订阅抓取结果统计:
[2026-08-14 10:05:16] 共 28 条RSS, 成功抓取 26 条.
[2026-08-14 10:05:16] ✘ 有 2 条订阅解析失败:
[2026-08-14 10:05:16] - https://geekinney.com/index.xml
[2026-08-14 10:05:16] - https://tcxx.info/feed
[2026-08-14 10:05:16] ✘ 有 2 条订阅头像无法访问, 已使用默认头像:
[2026-08-14 10:05:16] - https://www.loyhome.com/feed
[2026-08-14 10:05:16] - http://feeds.feedburner.com/ruanyifeng
[2026-08-14 11:45:51] 本次订阅抓取结果统计:
[2026-08-14 11:45:51] 共 28 条RSS, 成功抓取 26 条.
[2026-08-14 11:45:51] ✘ 有 2 条订阅解析失败:
[2026-08-14 11:45:51] - https://geekinney.com/index.xml
[2026-08-14 11:45:51] - https://tcxx.info/feed
[2026-08-14 11:45:51] ✘ 有 2 条订阅头像无法访问, 已使用默认头像:
[2026-08-14 11:45:51] - https://www.loyhome.com/feed
[2026-08-14 11:45:51] - http://feeds.feedburner.com/ruanyifeng
[2026-08-14 13:12:28] 本次订阅抓取结果统计:
[2026-08-14 13:12:28] 共 28 条RSS, 成功抓取 26 条.
[2026-08-14 13:12:28] ✘ 有 2 条订阅解析失败:
[2026-08-14 13:12:28] - https://geekinney.com/index.xml
[2026-08-14 13:12:28] - https://tcxx.info/feed
[2026-08-14 13:12:28] ✘ 有 3 条订阅头像无法访问, 已使用默认头像:
[2026-08-14 13:12:28] - https://www.loyhome.com/feed
[2026-08-14 13:12:28] - http://feeds.feedburner.com/ruanyifeng
[2026-08-14 13:12:28] - https://xyzbz.cn/feed
