[2026-09-24 01:13:57] 本次订阅抓取结果统计:
[2026-09-24 01:13:57] 共 28 条RSS, 成功抓取 24 条.
[2026-09-24 01:13:57] ✘ 有 4 条订阅解析失败:
[2026-09-24 01:13:57] - https://wangpei.net/feed
[2026-09-24 01:13:57] - https://geekinney.com/index.xml
[2026-09-24 01:13:57] - https://www.shephe.com/feed
[2026-09-24 01:13:57] - https://tcxx.info/feed
[2026-09-24 01:13:57] ✘ 有 2 条订阅头像无法访问, 已使用默认头像:
[2026-09-24 01:13:57] - https://www.loyhome.com/feed
[2026-09-24 01:13:57] - http://feeds.feedburner.com/ruanyifeng
[2026-09-24 07:24:33] 本次订阅抓取结果统计:
[2026-09-24 07:24:33] 共 28 条RSS, 成功抓取 24 条.
[2026-09-24 07:24:33] ✘ 有 4 条订阅解析失败:
[2026-09-24 07:24:33] - https://wangpei.net/feed
[2026-09-24 07:24:33] - https://geekinney.com/index.xml
[2026-09-24 07:24:33] - https://tcxx.info/feed
[2026-09-24 07:24:33] - https://www.shephe.com/feed
[2026-09-24 07:24:33] ✘ 有 4 条订阅头像无法访问, 已使用默认头像:
[2026-09-24 07:24:33] - https://hwv430.blogspot.com/feeds/posts/default
[2026-09-24 07:24:33] - https://www.loyhome.com/feed
[2026-09-24 07:24:33] - http://feeds.feedburner.com/ruanyifeng
[2026-09-24 07:24:33] - https://xyzbz.cn/feed
[2026-09-24 13:23:15] 本次订阅抓取结果统计:
[2026-09-24 13:23:15] 共 28 条RSS, 成功抓取 24 条.
[2026-09-24 13:23:15] ✘ 有 4 条订阅解析失败:
[2026-09-24 13:23:15] - https://wangpei.net/feed
[2026-09-24 13:23:15] - https://geekinney.com/index.xml
[2026-09-24 13:23:15] - https://www.shephe.com/feed
[2026-09-24 13:23:15] - https://tcxx.info/feed
[2026-09-24 13:23:15] ✘ 有 2 条订阅头像无法访问, 已使用默认头像:
[2026-09-24 13:23:15] - https://www.loyhome.com/feed
[2026-09-24 13:23:15] - http://feeds.feedburner.com/ruanyifeng
[2026-09-24 18:19:38] 本次订阅抓取结果统计:
[2026-09-24 18:19:38] 共 28 条RSS, 成功抓取 24 条.
[2026-09-24 18:19:38] ✘ 有 4 条订阅解析失败:
[2026-09-24 18:19:38] - https://wangpei.net/feed
[2026-09-24 18:19:38] - https://geekinney.com/index.xml
[2026-09-24 18:19:38] - https://tcxx.info/feed
[2026-09-24 18:19:38] - https://www.shephe.com/feed
[2026-09-24 18:19:38] ✘ 有 2 条订阅头像无法访问, 已使用默认头像:
[2026-09-24 18:19:38] - https://www.loyhome.com/feed
[2026-09-24 18:19:38] - http://feeds.feedburner.com/ruanyifeng
