[2026-08-04 02:47:11] 本次订阅抓取结果统计:
[2026-08-04 02:47:11] 共 28 条RSS, 成功抓取 25 条.
[2026-08-04 02:47:11] ✘ 有 3 条订阅解析失败:
[2026-08-04 02:47:11] - https://geekinney.com/index.xml
[2026-08-04 02:47:11] - https://tcxx.info/feed
[2026-08-04 02:47:11] - https://www.shephe.com/feed
[2026-08-04 02:47:11] ✘ 有 3 条订阅头像无法访问, 已使用默认头像:
[2026-08-04 02:47:11] - https://hwv430.blogspot.com/feeds/posts/default
[2026-08-04 02:47:11] - http://feeds.feedburner.com/ruanyifeng
[2026-08-04 02:47:11] - https://www.loyhome.com/feed
[2026-08-04 05:50:04] 本次订阅抓取结果统计:
[2026-08-04 05:50:04] 共 28 条RSS, 成功抓取 25 条.
[2026-08-04 05:50:04] ✘ 有 3 条订阅解析失败:
[2026-08-04 05:50:04] - https://geekinney.com/index.xml
[2026-08-04 05:50:04] - https://tcxx.info/feed
[2026-08-04 05:50:04] - https://www.shephe.com/feed
[2026-08-04 05:50:04] ✘ 有 3 条订阅头像无法访问, 已使用默认头像:
[2026-08-04 05:50:04] - https://hwv430.blogspot.com/feeds/posts/default
[2026-08-04 05:50:04] - https://www.loyhome.com/feed
[2026-08-04 05:50:04] - http://feeds.feedburner.com/ruanyifeng
[2026-08-04 08:41:30] 本次订阅抓取结果统计:
[2026-08-04 08:41:30] 共 28 条RSS, 成功抓取 25 条.
[2026-08-04 08:41:30] ✘ 有 3 条订阅解析失败:
[2026-08-04 08:41:30] - https://geekinney.com/index.xml
[2026-08-04 08:41:30] - https://tcxx.info/feed
[2026-08-04 08:41:30] - https://www.shephe.com/feed
[2026-08-04 08:41:30] ✘ 有 3 条订阅头像无法访问, 已使用默认头像:
[2026-08-04 08:41:30] - https://hwv430.blogspot.com/feeds/posts/default
[2026-08-04 08:41:30] - https://www.loyhome.com/feed
[2026-08-04 08:41:30] - http://feeds.feedburner.com/ruanyifeng
[2026-08-04 11:25:57] 本次订阅抓取结果统计:
[2026-08-04 11:25:57] 共 28 条RSS, 成功抓取 25 条.
[2026-08-04 11:25:57] ✘ 有 3 条订阅解析失败:
[2026-08-04 11:25:57] - https://geekinney.com/index.xml
[2026-08-04 11:25:57] - https://tcxx.info/feed
[2026-08-04 11:25:57] - https://www.shephe.com/feed
[2026-08-04 11:25:57] ✘ 有 2 条订阅头像无法访问, 已使用默认头像:
[2026-08-04 11:25:57] - https://www.loyhome.com/feed
[2026-08-04 11:25:57] - http://feeds.feedburner.com/ruanyifeng
