[2026-08-24 01:26:30] 本次订阅抓取结果统计:
[2026-08-24 01:26:30] 共 28 条RSS, 成功抓取 25 条.
[2026-08-24 01:26:30] ✘ 有 3 条订阅解析失败:
[2026-08-24 01:26:30] - https://www.shephe.com/feed
[2026-08-24 01:26:30] - https://geekinney.com/index.xml
[2026-08-24 01:26:30] - https://tcxx.info/feed
[2026-08-24 01:26:30] ✘ 有 3 条订阅头像无法访问, 已使用默认头像:
[2026-08-24 01:26:30] - https://hwv430.blogspot.com/feeds/posts/default
[2026-08-24 01:26:30] - https://www.loyhome.com/feed
[2026-08-24 01:26:30] - http://feeds.feedburner.com/ruanyifeng
[2026-08-24 03:05:32] 本次订阅抓取结果统计:
[2026-08-24 03:05:32] 共 28 条RSS, 成功抓取 25 条.
[2026-08-24 03:05:32] ✘ 有 3 条订阅解析失败:
[2026-08-24 03:05:32] - https://geekinney.com/index.xml
[2026-08-24 03:05:32] - https://tcxx.info/feed
[2026-08-24 03:05:32] - https://www.shephe.com/feed
[2026-08-24 03:05:32] ✘ 有 2 条订阅头像无法访问, 已使用默认头像:
[2026-08-24 03:05:32] - https://www.loyhome.com/feed
[2026-08-24 03:05:32] - http://feeds.feedburner.com/ruanyifeng
[2026-08-24 04:48:32] 本次订阅抓取结果统计:
[2026-08-24 04:48:32] 共 28 条RSS, 成功抓取 25 条.
[2026-08-24 04:48:32] ✘ 有 3 条订阅解析失败:
[2026-08-24 04:48:32] - https://tcxx.info/feed
[2026-08-24 04:48:32] - https://geekinney.com/index.xml
[2026-08-24 04:48:32] - https://www.shephe.com/feed
[2026-08-24 04:48:32] ✘ 有 2 条订阅头像无法访问, 已使用默认头像:
[2026-08-24 04:48:32] - https://www.loyhome.com/feed
[2026-08-24 04:48:32] - http://feeds.feedburner.com/ruanyifeng
[2026-08-24 05:40:12] 本次订阅抓取结果统计:
[2026-08-24 05:40:12] 共 28 条RSS, 成功抓取 25 条.
[2026-08-24 05:40:12] ✘ 有 3 条订阅解析失败:
[2026-08-24 05:40:12] - https://geekinney.com/index.xml
[2026-08-24 05:40:12] - https://www.shephe.com/feed
[2026-08-24 05:40:12] - https://tcxx.info/feed
[2026-08-24 05:40:12] ✘ 有 3 条订阅头像无法访问, 已使用默认头像:
[2026-08-24 05:40:12] - https://hwv430.blogspot.com/feeds/posts/default
[2026-08-24 05:40:12] - https://www.loyhome.com/feed
[2026-08-24 05:40:12] - http://feeds.feedburner.com/ruanyifeng
[2026-08-24 07:03:00] 本次订阅抓取结果统计:
[2026-08-24 07:03:00] 共 28 条RSS, 成功抓取 24 条.
[2026-08-24 07:03:00] ✘ 有 4 条订阅解析失败:
[2026-08-24 07:03:00] - https://geekinney.com/index.xml
[2026-08-24 07:03:00] - https://tcxx.info/feed
[2026-08-24 07:03:00] - https://tumutanzi.com/feed
[2026-08-24 07:03:00] - https://www.shephe.com/feed
[2026-08-24 07:03:00] ✘ 有 2 条订阅头像无法访问, 已使用默认头像:
[2026-08-24 07:03:00] - https://www.loyhome.com/feed
[2026-08-24 07:03:00] - http://feeds.feedburner.com/ruanyifeng
[2026-08-24 09:15:27] 本次订阅抓取结果统计:
[2026-08-24 09:15:27] 共 28 条RSS, 成功抓取 25 条.
[2026-08-24 09:15:27] ✘ 有 3 条订阅解析失败:
[2026-08-24 09:15:27] - https://geekinney.com/index.xml
[2026-08-24 09:15:27] - https://tcxx.info/feed
[2026-08-24 09:15:27] - https://www.shephe.com/feed
[2026-08-24 09:15:27] ✘ 有 3 条订阅头像无法访问, 已使用默认头像:
[2026-08-24 09:15:27] - https://hwv430.blogspot.com/feeds/posts/default
[2026-08-24 09:15:27] - https://www.loyhome.com/feed
[2026-08-24 09:15:27] - http://feeds.feedburner.com/ruanyifeng
