[2026-10-05 01:44:13] 本次订阅抓取结果统计:
[2026-10-05 01:44:13] 共 28 条RSS, 成功抓取 24 条.
[2026-10-05 01:44:13] ✘ 有 4 条订阅解析失败:
[2026-10-05 01:44:13] - https://wangpei.net/feed
[2026-10-05 01:44:13] - https://geekinney.com/index.xml
[2026-10-05 01:44:13] - https://tcxx.info/feed
[2026-10-05 01:44:13] - https://www.shephe.com/feed
[2026-10-05 01:44:13] ✘ 有 2 条订阅头像无法访问, 已使用默认头像:
[2026-10-05 01:44:13] - https://www.loyhome.com/feed
[2026-10-05 01:44:13] - http://feeds.feedburner.com/ruanyifeng
[2026-10-05 08:37:47] 本次订阅抓取结果统计:
[2026-10-05 08:37:47] 共 28 条RSS, 成功抓取 24 条.
[2026-10-05 08:37:47] ✘ 有 4 条订阅解析失败:
[2026-10-05 08:37:47] - https://wangpei.net/feed
[2026-10-05 08:37:47] - https://geekinney.com/index.xml
[2026-10-05 08:37:47] - https://tcxx.info/feed
[2026-10-05 08:37:47] - https://www.shephe.com/feed
[2026-10-05 08:37:47] ✘ 有 2 条订阅头像无法访问, 已使用默认头像:
[2026-10-05 08:37:47] - https://www.loyhome.com/feed
[2026-10-05 08:37:47] - http://feeds.feedburner.com/ruanyifeng
[2026-10-05 18:06:45] 本次订阅抓取结果统计:
[2026-10-05 18:06:45] 共 28 条RSS, 成功抓取 24 条.
[2026-10-05 18:06:45] ✘ 有 4 条订阅解析失败:
[2026-10-05 18:06:45] - https://wangpei.net/feed
[2026-10-05 18:06:45] - https://www.shephe.com/feed
[2026-10-05 18:06:45] - https://geekinney.com/index.xml
[2026-10-05 18:06:45] - https://tcxx.info/feed
[2026-10-05 18:06:45] ✘ 有 3 条订阅头像无法访问, 已使用默认头像:
[2026-10-05 18:06:45] - https://hwv430.blogspot.com/feeds/posts/default
[2026-10-05 18:06:45] - https://www.loyhome.com/feed
[2026-10-05 18:06:45] - http://feeds.feedburner.com/ruanyifeng
