[2026-09-03 03:36:05] 本次订阅抓取结果统计:
[2026-09-03 03:36:05] 共 28 条RSS, 成功抓取 25 条.
[2026-09-03 03:36:05] ✘ 有 3 条订阅解析失败:
[2026-09-03 03:36:05] - https://geekinney.com/index.xml
[2026-09-03 03:36:05] - https://tcxx.info/feed
[2026-09-03 03:36:05] - https://www.shephe.com/feed
[2026-09-03 03:36:05] ✘ 有 2 条订阅头像无法访问, 已使用默认头像:
[2026-09-03 03:36:05] - https://www.loyhome.com/feed
[2026-09-03 03:36:05] - http://feeds.feedburner.com/ruanyifeng
[2026-09-03 08:42:17] 本次订阅抓取结果统计:
[2026-09-03 08:42:17] 共 28 条RSS, 成功抓取 25 条.
[2026-09-03 08:42:17] ✘ 有 3 条订阅解析失败:
[2026-09-03 08:42:17] - https://geekinney.com/index.xml
[2026-09-03 08:42:17] - https://tcxx.info/feed
[2026-09-03 08:42:17] - https://www.shephe.com/feed
[2026-09-03 08:42:17] ✘ 有 3 条订阅头像无法访问, 已使用默认头像:
[2026-09-03 08:42:17] - https://www.loyhome.com/feed
[2026-09-03 08:42:17] - http://feeds.feedburner.com/ruanyifeng
[2026-09-03 08:42:17] - https://xyzbz.cn/feed
[2026-09-03 13:22:13] 本次订阅抓取结果统计:
[2026-09-03 13:22:13] 共 28 条RSS, 成功抓取 25 条.
[2026-09-03 13:22:13] ✘ 有 3 条订阅解析失败:
[2026-09-03 13:22:13] - https://geekinney.com/index.xml
[2026-09-03 13:22:13] - https://tcxx.info/feed
[2026-09-03 13:22:13] - https://www.shephe.com/feed
[2026-09-03 13:22:13] ✘ 有 3 条订阅头像无法访问, 已使用默认头像:
[2026-09-03 13:22:13] - https://hwv430.blogspot.com/feeds/posts/default
[2026-09-03 13:22:13] - https://www.loyhome.com/feed
[2026-09-03 13:22:13] - http://feeds.feedburner.com/ruanyifeng
[2026-09-03 17:38:34] 本次订阅抓取结果统计:
[2026-09-03 17:38:34] 共 28 条RSS, 成功抓取 25 条.
[2026-09-03 17:38:34] ✘ 有 3 条订阅解析失败:
[2026-09-03 17:38:34] - https://www.shephe.com/feed
[2026-09-03 17:38:34] - https://tcxx.info/feed
[2026-09-03 17:38:34] - https://geekinney.com/index.xml
[2026-09-03 17:38:34] ✘ 有 2 条订阅头像无法访问, 已使用默认头像:
[2026-09-03 17:38:34] - http://feeds.feedburner.com/ruanyifeng
[2026-09-03 17:38:34] - https://www.loyhome.com/feed
[2026-09-03 20:42:43] 本次订阅抓取结果统计:
[2026-09-03 20:42:43] 共 28 条RSS, 成功抓取 25 条.
[2026-09-03 20:42:43] ✘ 有 3 条订阅解析失败:
[2026-09-03 20:42:43] - https://tcxx.info/feed
[2026-09-03 20:42:43] - https://geekinney.com/index.xml
[2026-09-03 20:42:43] - https://www.shephe.com/feed
[2026-09-03 20:42:43] ✘ 有 3 条订阅头像无法访问, 已使用默认头像:
[2026-09-03 20:42:43] - https://hwv430.blogspot.com/feeds/posts/default
[2026-09-03 20:42:43] - https://www.loyhome.com/feed
[2026-09-03 20:42:43] - http://feeds.feedburner.com/ruanyifeng
