[2026-10-08 00:48:26] 本次订阅抓取结果统计:
[2026-10-08 00:48:26] 共 28 条RSS, 成功抓取 24 条.
[2026-10-08 00:48:26] ✘ 有 4 条订阅解析失败:
[2026-10-08 00:48:26] - https://wangpei.net/feed
[2026-10-08 00:48:26] - https://geekinney.com/index.xml
[2026-10-08 00:48:26] - https://www.shephe.com/feed
[2026-10-08 00:48:26] - https://tcxx.info/feed
[2026-10-08 00:48:26] ✘ 有 3 条订阅头像无法访问, 已使用默认头像:
[2026-10-08 00:48:26] - https://hwv430.blogspot.com/feeds/posts/default
[2026-10-08 00:48:26] - https://www.loyhome.com/feed
[2026-10-08 00:48:26] - http://feeds.feedburner.com/ruanyifeng
[2026-10-08 07:06:26] 本次订阅抓取结果统计:
[2026-10-08 07:06:26] 共 28 条RSS, 成功抓取 24 条.
[2026-10-08 07:06:26] ✘ 有 4 条订阅解析失败:
[2026-10-08 07:06:26] - https://wangpei.net/feed
[2026-10-08 07:06:26] - https://geekinney.com/index.xml
[2026-10-08 07:06:26] - https://tcxx.info/feed
[2026-10-08 07:06:26] - https://www.shephe.com/feed
[2026-10-08 07:06:26] ✘ 有 3 条订阅头像无法访问, 已使用默认头像:
[2026-10-08 07:06:26] - https://hwv430.blogspot.com/feeds/posts/default
[2026-10-08 07:06:26] - https://www.loyhome.com/feed
[2026-10-08 07:06:26] - http://feeds.feedburner.com/ruanyifeng
[2026-10-08 15:22:02] 本次订阅抓取结果统计:
[2026-10-08 15:22:02] 共 28 条RSS, 成功抓取 24 条.
[2026-10-08 15:22:02] ✘ 有 4 条订阅解析失败:
[2026-10-08 15:22:02] - https://wangpei.net/feed
[2026-10-08 15:22:02] - https://geekinney.com/index.xml
[2026-10-08 15:22:02] - https://tcxx.info/feed
[2026-10-08 15:22:02] - https://www.shephe.com/feed
[2026-10-08 15:22:02] ✘ 有 3 条订阅头像无法访问, 已使用默认头像:
[2026-10-08 15:22:02] - https://hwv430.blogspot.com/feeds/posts/default
[2026-10-08 15:22:02] - http://feeds.feedburner.com/ruanyifeng
[2026-10-08 15:22:02] - https://www.loyhome.com/feed
[2026-10-08 21:08:27] 本次订阅抓取结果统计:
[2026-10-08 21:08:27] 共 28 条RSS, 成功抓取 24 条.
[2026-10-08 21:08:27] ✘ 有 4 条订阅解析失败:
[2026-10-08 21:08:27] - https://wangpei.net/feed
[2026-10-08 21:08:27] - https://tcxx.info/feed
[2026-10-08 21:08:27] - https://www.shephe.com/feed
[2026-10-08 21:08:27] - https://geekinney.com/index.xml
[2026-10-08 21:08:27] ✘ 有 2 条订阅头像无法访问, 已使用默认头像:
[2026-10-08 21:08:27] - https://www.loyhome.com/feed
[2026-10-08 21:08:27] - http://feeds.feedburner.com/ruanyifeng
