[2026-09-27 01:10:35] 本次订阅抓取结果统计:
[2026-09-27 01:10:35] 共 28 条RSS, 成功抓取 24 条.
[2026-09-27 01:10:35] ✘ 有 4 条订阅解析失败:
[2026-09-27 01:10:35] - https://wangpei.net/feed
[2026-09-27 01:10:35] - https://tcxx.info/feed
[2026-09-27 01:10:35] - https://geekinney.com/index.xml
[2026-09-27 01:10:35] - https://www.shephe.com/feed
[2026-09-27 01:10:35] ✘ 有 3 条订阅头像无法访问, 已使用默认头像:
[2026-09-27 01:10:35] - https://hwv430.blogspot.com/feeds/posts/default
[2026-09-27 01:10:35] - https://www.loyhome.com/feed
[2026-09-27 01:10:35] - http://feeds.feedburner.com/ruanyifeng
[2026-09-27 07:47:15] 本次订阅抓取结果统计:
[2026-09-27 07:47:15] 共 28 条RSS, 成功抓取 24 条.
[2026-09-27 07:47:15] ✘ 有 4 条订阅解析失败:
[2026-09-27 07:47:15] - https://wangpei.net/feed
[2026-09-27 07:47:15] - https://geekinney.com/index.xml
[2026-09-27 07:47:15] - https://tcxx.info/feed
[2026-09-27 07:47:15] - https://www.shephe.com/feed
[2026-09-27 07:47:15] ✘ 有 3 条订阅头像无法访问, 已使用默认头像:
[2026-09-27 07:47:15] - https://www.loyhome.com/feed
[2026-09-27 07:47:15] - http://feeds.feedburner.com/ruanyifeng
[2026-09-27 07:47:15] - https://xyzbz.cn/feed
[2026-09-27 13:39:20] 本次订阅抓取结果统计:
[2026-09-27 13:39:20] 共 28 条RSS, 成功抓取 24 条.
[2026-09-27 13:39:20] ✘ 有 4 条订阅解析失败:
[2026-09-27 13:39:20] - https://wangpei.net/feed
[2026-09-27 13:39:20] - https://geekinney.com/index.xml
[2026-09-27 13:39:20] - https://tcxx.info/feed
[2026-09-27 13:39:20] - https://www.shephe.com/feed
[2026-09-27 13:39:20] ✘ 有 2 条订阅头像无法访问, 已使用默认头像:
[2026-09-27 13:39:20] - https://www.loyhome.com/feed
[2026-09-27 13:39:20] - http://feeds.feedburner.com/ruanyifeng
[2026-09-27 18:07:31] 本次订阅抓取结果统计:
[2026-09-27 18:07:31] 共 28 条RSS, 成功抓取 24 条.
[2026-09-27 18:07:31] ✘ 有 4 条订阅解析失败:
[2026-09-27 18:07:31] - https://wangpei.net/feed
[2026-09-27 18:07:31] - https://geekinney.com/index.xml
[2026-09-27 18:07:31] - https://tcxx.info/feed
[2026-09-27 18:07:31] - https://www.shephe.com/feed
[2026-09-27 18:07:31] ✘ 有 2 条订阅头像无法访问, 已使用默认头像:
[2026-09-27 18:07:31] - https://www.loyhome.com/feed
[2026-09-27 18:07:31] - http://feeds.feedburner.com/ruanyifeng
[2026-09-27 21:54:06] 本次订阅抓取结果统计:
[2026-09-27 21:54:06] 共 28 条RSS, 成功抓取 23 条.
[2026-09-27 21:54:06] ✘ 有 5 条订阅解析失败:
[2026-09-27 21:54:06] - https://wangpei.net/feed
[2026-09-27 21:54:06] - https://www.shephe.com/feed
[2026-09-27 21:54:06] - https://tcxx.info/feed
[2026-09-27 21:54:06] - https://geekinney.com/index.xml
[2026-09-27 21:54:06] - https://tumutanzi.com/feed
[2026-09-27 21:54:06] ✘ 有 2 条订阅头像无法访问, 已使用默认头像:
[2026-09-27 21:54:06] - https://www.loyhome.com/feed
[2026-09-27 21:54:06] - http://feeds.feedburner.com/ruanyifeng
