[2026-09-10 03:46:07] 本次订阅抓取结果统计:
[2026-09-10 03:46:07] 共 28 条RSS, 成功抓取 24 条.
[2026-09-10 03:46:07] ✘ 有 4 条订阅解析失败:
[2026-09-10 03:46:07] - https://wangpei.net/feed
[2026-09-10 03:46:07] - https://geekinney.com/index.xml
[2026-09-10 03:46:07] - https://tcxx.info/feed
[2026-09-10 03:46:07] - https://www.shephe.com/feed
[2026-09-10 03:46:07] ✘ 有 2 条订阅头像无法访问, 已使用默认头像:
[2026-09-10 03:46:07] - https://www.loyhome.com/feed
[2026-09-10 03:46:07] - http://feeds.feedburner.com/ruanyifeng
[2026-09-10 08:46:55] 本次订阅抓取结果统计:
[2026-09-10 08:46:55] 共 28 条RSS, 成功抓取 24 条.
[2026-09-10 08:46:55] ✘ 有 4 条订阅解析失败:
[2026-09-10 08:46:55] - https://wangpei.net/feed
[2026-09-10 08:46:55] - https://geekinney.com/index.xml
[2026-09-10 08:46:55] - https://tcxx.info/feed
[2026-09-10 08:46:55] - https://www.shephe.com/feed
[2026-09-10 08:46:55] ✘ 有 2 条订阅头像无法访问, 已使用默认头像:
[2026-09-10 08:46:55] - https://www.loyhome.com/feed
[2026-09-10 08:46:55] - http://feeds.feedburner.com/ruanyifeng
[2026-09-10 13:24:16] 本次订阅抓取结果统计:
[2026-09-10 13:24:16] 共 28 条RSS, 成功抓取 24 条.
[2026-09-10 13:24:16] ✘ 有 4 条订阅解析失败:
[2026-09-10 13:24:16] - https://wangpei.net/feed
[2026-09-10 13:24:16] - https://geekinney.com/index.xml
[2026-09-10 13:24:16] - https://tcxx.info/feed
[2026-09-10 13:24:16] - https://www.shephe.com/feed
[2026-09-10 13:24:16] ✘ 有 2 条订阅头像无法访问, 已使用默认头像:
[2026-09-10 13:24:16] - https://www.loyhome.com/feed
[2026-09-10 13:24:16] - http://feeds.feedburner.com/ruanyifeng
[2026-09-10 17:33:30] 本次订阅抓取结果统计:
[2026-09-10 17:33:30] 共 28 条RSS, 成功抓取 24 条.
[2026-09-10 17:33:30] ✘ 有 4 条订阅解析失败:
[2026-09-10 17:33:30] - https://wangpei.net/feed
[2026-09-10 17:33:30] - https://geekinney.com/index.xml
[2026-09-10 17:33:30] - https://www.shephe.com/feed
[2026-09-10 17:33:30] - https://tcxx.info/feed
[2026-09-10 17:33:30] ✘ 有 2 条订阅头像无法访问, 已使用默认头像:
[2026-09-10 17:33:30] - https://www.loyhome.com/feed
[2026-09-10 17:33:30] - http://feeds.feedburner.com/ruanyifeng
[2026-09-10 20:35:31] 本次订阅抓取结果统计:
[2026-09-10 20:35:31] 共 28 条RSS, 成功抓取 24 条.
[2026-09-10 20:35:31] ✘ 有 4 条订阅解析失败:
[2026-09-10 20:35:31] - https://wangpei.net/feed
[2026-09-10 20:35:31] - https://geekinney.com/index.xml
[2026-09-10 20:35:31] - https://tcxx.info/feed
[2026-09-10 20:35:31] - https://www.shephe.com/feed
[2026-09-10 20:35:31] ✘ 有 3 条订阅头像无法访问, 已使用默认头像:
[2026-09-10 20:35:31] - https://hwv430.blogspot.com/feeds/posts/default
[2026-09-10 20:35:31] - https://www.loyhome.com/feed
[2026-09-10 20:35:31] - http://feeds.feedburner.com/ruanyifeng
