[2026-09-09 03:51:08] 本次订阅抓取结果统计:
[2026-09-09 03:51:08] 共 28 条RSS, 成功抓取 24 条.
[2026-09-09 03:51:08] ✘ 有 4 条订阅解析失败:
[2026-09-09 03:51:08] - https://wangpei.net/feed
[2026-09-09 03:51:08] - https://geekinney.com/index.xml
[2026-09-09 03:51:08] - https://tcxx.info/feed
[2026-09-09 03:51:08] - https://www.shephe.com/feed
[2026-09-09 03:51:08] ✘ 有 2 条订阅头像无法访问, 已使用默认头像:
[2026-09-09 03:51:08] - https://www.loyhome.com/feed
[2026-09-09 03:51:08] - http://feeds.feedburner.com/ruanyifeng
[2026-09-09 09:05:57] 本次订阅抓取结果统计:
[2026-09-09 09:05:57] 共 28 条RSS, 成功抓取 24 条.
[2026-09-09 09:05:57] ✘ 有 4 条订阅解析失败:
[2026-09-09 09:05:57] - https://wangpei.net/feed
[2026-09-09 09:05:57] - https://geekinney.com/index.xml
[2026-09-09 09:05:57] - https://www.shephe.com/feed
[2026-09-09 09:05:57] - https://tcxx.info/feed
[2026-09-09 09:05:57] ✘ 有 2 条订阅头像无法访问, 已使用默认头像:
[2026-09-09 09:05:57] - https://www.loyhome.com/feed
[2026-09-09 09:05:57] - http://feeds.feedburner.com/ruanyifeng
[2026-09-09 13:33:21] 本次订阅抓取结果统计:
[2026-09-09 13:33:21] 共 28 条RSS, 成功抓取 24 条.
[2026-09-09 13:33:21] ✘ 有 4 条订阅解析失败:
[2026-09-09 13:33:21] - https://wangpei.net/feed
[2026-09-09 13:33:21] - https://tcxx.info/feed
[2026-09-09 13:33:21] - https://geekinney.com/index.xml
[2026-09-09 13:33:21] - https://www.shephe.com/feed
[2026-09-09 13:33:21] ✘ 有 2 条订阅头像无法访问, 已使用默认头像:
[2026-09-09 13:33:21] - http://feeds.feedburner.com/ruanyifeng
[2026-09-09 13:33:21] - https://www.loyhome.com/feed
[2026-09-09 17:41:11] 本次订阅抓取结果统计:
[2026-09-09 17:41:11] 共 28 条RSS, 成功抓取 24 条.
[2026-09-09 17:41:11] ✘ 有 4 条订阅解析失败:
[2026-09-09 17:41:11] - https://wangpei.net/feed
[2026-09-09 17:41:11] - https://geekinney.com/index.xml
[2026-09-09 17:41:11] - https://tcxx.info/feed
[2026-09-09 17:41:11] - https://www.shephe.com/feed
[2026-09-09 17:41:11] ✘ 有 2 条订阅头像无法访问, 已使用默认头像:
[2026-09-09 17:41:11] - https://www.loyhome.com/feed
[2026-09-09 17:41:11] - http://feeds.feedburner.com/ruanyifeng
[2026-09-09 20:40:40] 本次订阅抓取结果统计:
[2026-09-09 20:40:40] 共 28 条RSS, 成功抓取 24 条.
[2026-09-09 20:40:40] ✘ 有 4 条订阅解析失败:
[2026-09-09 20:40:40] - https://wangpei.net/feed
[2026-09-09 20:40:40] - https://geekinney.com/index.xml
[2026-09-09 20:40:40] - https://tcxx.info/feed
[2026-09-09 20:40:40] - https://www.shephe.com/feed
[2026-09-09 20:40:40] ✘ 有 2 条订阅头像无法访问, 已使用默认头像:
[2026-09-09 20:40:40] - https://www.loyhome.com/feed
[2026-09-09 20:40:40] - http://feeds.feedburner.com/ruanyifeng
