[2026-08-15 01:22:39] 本次订阅抓取结果统计:
[2026-08-15 01:22:39] 共 28 条RSS, 成功抓取 25 条.
[2026-08-15 01:22:39] ✘ 有 3 条订阅解析失败:
[2026-08-15 01:22:39] - https://geekinney.com/index.xml
[2026-08-15 01:22:39] - https://tcxx.info/feed
[2026-08-15 01:22:39] - https://oba.by/feed
[2026-08-15 01:22:39] ✘ 有 3 条订阅头像无法访问, 已使用默认头像:
[2026-08-15 01:22:39] - https://hwv430.blogspot.com/feeds/posts/default
[2026-08-15 01:22:39] - https://www.loyhome.com/feed
[2026-08-15 01:22:39] - http://feeds.feedburner.com/ruanyifeng
[2026-08-15 02:53:55] 本次订阅抓取结果统计:
[2026-08-15 02:53:55] 共 28 条RSS, 成功抓取 26 条.
[2026-08-15 02:53:55] ✘ 有 2 条订阅解析失败:
[2026-08-15 02:53:55] - https://tcxx.info/feed
[2026-08-15 02:53:55] - https://geekinney.com/index.xml
[2026-08-15 02:53:55] ✘ 有 2 条订阅头像无法访问, 已使用默认头像:
[2026-08-15 02:53:55] - https://www.loyhome.com/feed
[2026-08-15 02:53:55] - http://feeds.feedburner.com/ruanyifeng
[2026-08-15 03:41:09] 本次订阅抓取结果统计:
[2026-08-15 03:41:09] 共 28 条RSS, 成功抓取 26 条.
[2026-08-15 03:41:09] ✘ 有 2 条订阅解析失败:
[2026-08-15 03:41:09] - https://geekinney.com/index.xml
[2026-08-15 03:41:09] - https://tcxx.info/feed
[2026-08-15 03:41:09] ✘ 有 2 条订阅头像无法访问, 已使用默认头像:
[2026-08-15 03:41:09] - https://www.loyhome.com/feed
[2026-08-15 03:41:09] - http://feeds.feedburner.com/ruanyifeng
[2026-08-15 04:33:48] 本次订阅抓取结果统计:
[2026-08-15 04:33:48] 共 28 条RSS, 成功抓取 26 条.
[2026-08-15 04:33:48] ✘ 有 2 条订阅解析失败:
[2026-08-15 04:33:48] - https://geekinney.com/index.xml
[2026-08-15 04:33:48] - https://tcxx.info/feed
[2026-08-15 04:33:48] ✘ 有 2 条订阅头像无法访问, 已使用默认头像:
[2026-08-15 04:33:48] - https://www.loyhome.com/feed
[2026-08-15 04:33:48] - http://feeds.feedburner.com/ruanyifeng
[2026-08-15 05:27:29] 本次订阅抓取结果统计:
[2026-08-15 05:27:29] 共 28 条RSS, 成功抓取 26 条.
[2026-08-15 05:27:29] ✘ 有 2 条订阅解析失败:
[2026-08-15 05:27:29] - https://geekinney.com/index.xml
[2026-08-15 05:27:29] - https://tcxx.info/feed
[2026-08-15 05:27:29] ✘ 有 2 条订阅头像无法访问, 已使用默认头像:
[2026-08-15 05:27:29] - https://www.loyhome.com/feed
[2026-08-15 05:27:29] - http://feeds.feedburner.com/ruanyifeng
[2026-08-15 06:42:01] 本次订阅抓取结果统计:
[2026-08-15 06:42:01] 共 28 条RSS, 成功抓取 26 条.
[2026-08-15 06:42:01] ✘ 有 2 条订阅解析失败:
[2026-08-15 06:42:01] - https://geekinney.com/index.xml
[2026-08-15 06:42:01] - https://tcxx.info/feed
[2026-08-15 06:42:01] ✘ 有 2 条订阅头像无法访问, 已使用默认头像:
[2026-08-15 06:42:01] - https://www.loyhome.com/feed
[2026-08-15 06:42:01] - http://feeds.feedburner.com/ruanyifeng
