[2026-09-17 01:10:06] 本次订阅抓取结果统计:
[2026-09-17 01:10:06] 共 28 条RSS, 成功抓取 24 条.
[2026-09-17 01:10:06] ✘ 有 4 条订阅解析失败:
[2026-09-17 01:10:06] - https://wangpei.net/feed
[2026-09-17 01:10:06] - https://tcxx.info/feed
[2026-09-17 01:10:06] - https://geekinney.com/index.xml
[2026-09-17 01:10:06] - https://www.shephe.com/feed
[2026-09-17 01:10:06] ✘ 有 2 条订阅头像无法访问, 已使用默认头像:
[2026-09-17 01:10:06] - https://www.loyhome.com/feed
[2026-09-17 01:10:06] - http://feeds.feedburner.com/ruanyifeng
[2026-09-17 07:20:56] 本次订阅抓取结果统计:
[2026-09-17 07:20:56] 共 28 条RSS, 成功抓取 23 条.
[2026-09-17 07:20:56] ✘ 有 5 条订阅解析失败:
[2026-09-17 07:20:56] - https://wangpei.net/feed
[2026-09-17 07:20:56] - https://www.shephe.com/feed
[2026-09-17 07:20:56] - https://tcxx.info/feed
[2026-09-17 07:20:56] - https://geekinney.com/index.xml
[2026-09-17 07:20:56] - https://tumutanzi.com/feed
[2026-09-17 07:20:56] ✘ 有 3 条订阅头像无法访问, 已使用默认头像:
[2026-09-17 07:20:56] - https://hwv430.blogspot.com/feeds/posts/default
[2026-09-17 07:20:56] - https://www.loyhome.com/feed
[2026-09-17 07:20:56] - http://feeds.feedburner.com/ruanyifeng
[2026-09-17 13:10:54] 本次订阅抓取结果统计:
[2026-09-17 13:10:54] 共 28 条RSS, 成功抓取 24 条.
[2026-09-17 13:10:54] ✘ 有 4 条订阅解析失败:
[2026-09-17 13:10:54] - https://wangpei.net/feed
[2026-09-17 13:10:54] - https://geekinney.com/index.xml
[2026-09-17 13:10:54] - https://tcxx.info/feed
[2026-09-17 13:10:54] - https://www.shephe.com/feed
[2026-09-17 13:10:54] ✘ 有 3 条订阅头像无法访问, 已使用默认头像:
[2026-09-17 13:10:54] - https://hwv430.blogspot.com/feeds/posts/default
[2026-09-17 13:10:54] - https://www.loyhome.com/feed
[2026-09-17 13:10:54] - http://feeds.feedburner.com/ruanyifeng
[2026-09-17 18:00:42] 本次订阅抓取结果统计:
[2026-09-17 18:00:42] 共 28 条RSS, 成功抓取 24 条.
[2026-09-17 18:00:42] ✘ 有 4 条订阅解析失败:
[2026-09-17 18:00:42] - https://wangpei.net/feed
[2026-09-17 18:00:42] - https://geekinney.com/index.xml
[2026-09-17 18:00:42] - https://www.shephe.com/feed
[2026-09-17 18:00:42] - https://tcxx.info/feed
[2026-09-17 18:00:42] ✘ 有 2 条订阅头像无法访问, 已使用默认头像:
[2026-09-17 18:00:42] - http://feeds.feedburner.com/ruanyifeng
[2026-09-17 18:00:42] - https://www.loyhome.com/feed
