[2026-09-28 00:24:04] 本次订阅抓取结果统计:
[2026-09-28 00:24:04] 共 28 条RSS, 成功抓取 24 条.
[2026-09-28 00:24:04] ✘ 有 4 条订阅解析失败:
[2026-09-28 00:24:04] - https://wangpei.net/feed
[2026-09-28 00:24:04] - https://geekinney.com/index.xml
[2026-09-28 00:24:04] - https://tcxx.info/feed
[2026-09-28 00:24:04] - https://www.shephe.com/feed
[2026-09-28 00:24:04] ✘ 有 3 条订阅头像无法访问, 已使用默认头像:
[2026-09-28 00:24:04] - https://hwv430.blogspot.com/feeds/posts/default
[2026-09-28 00:24:04] - https://www.loyhome.com/feed
[2026-09-28 00:24:04] - http://feeds.feedburner.com/ruanyifeng
[2026-09-28 06:27:19] 本次订阅抓取结果统计:
[2026-09-28 06:27:19] 共 28 条RSS, 成功抓取 24 条.
[2026-09-28 06:27:19] ✘ 有 4 条订阅解析失败:
[2026-09-28 06:27:19] - https://wangpei.net/feed
[2026-09-28 06:27:19] - https://geekinney.com/index.xml
[2026-09-28 06:27:19] - https://tcxx.info/feed
[2026-09-28 06:27:19] - https://www.shephe.com/feed
[2026-09-28 06:27:19] ✘ 有 3 条订阅头像无法访问, 已使用默认头像:
[2026-09-28 06:27:19] - https://hwv430.blogspot.com/feeds/posts/default
[2026-09-28 06:27:19] - https://www.loyhome.com/feed
[2026-09-28 06:27:19] - http://feeds.feedburner.com/ruanyifeng
[2026-09-28 15:05:44] 本次订阅抓取结果统计:
[2026-09-28 15:05:44] 共 28 条RSS, 成功抓取 24 条.
[2026-09-28 15:05:44] ✘ 有 4 条订阅解析失败:
[2026-09-28 15:05:44] - https://wangpei.net/feed
[2026-09-28 15:05:44] - https://geekinney.com/index.xml
[2026-09-28 15:05:44] - https://www.shephe.com/feed
[2026-09-28 15:05:44] - https://tcxx.info/feed
[2026-09-28 15:05:44] ✘ 有 3 条订阅头像无法访问, 已使用默认头像:
[2026-09-28 15:05:44] - https://www.loyhome.com/feed
[2026-09-28 15:05:44] - http://feeds.feedburner.com/ruanyifeng
[2026-09-28 15:05:44] - https://blog.yanqingshan.com/feed
