[2026-08-29 06:19:08] 本次订阅抓取结果统计:
[2026-08-29 06:19:08] 共 28 条RSS, 成功抓取 25 条.
[2026-08-29 06:19:08] ✘ 有 3 条订阅解析失败:
[2026-08-29 06:19:08] - https://geekinney.com/index.xml
[2026-08-29 06:19:08] - https://tcxx.info/feed
[2026-08-29 06:19:08] - https://www.shephe.com/feed
[2026-08-29 06:19:08] ✘ 有 3 条订阅头像无法访问, 已使用默认头像:
[2026-08-29 06:19:08] - https://hwv430.blogspot.com/feeds/posts/default
[2026-08-29 06:19:08] - https://www.loyhome.com/feed
[2026-08-29 06:19:08] - http://feeds.feedburner.com/ruanyifeng
[2026-08-29 13:03:06] 本次订阅抓取结果统计:
[2026-08-29 13:03:06] 共 28 条RSS, 成功抓取 25 条.
[2026-08-29 13:03:06] ✘ 有 3 条订阅解析失败:
[2026-08-29 13:03:06] - https://tcxx.info/feed
[2026-08-29 13:03:06] - https://geekinney.com/index.xml
[2026-08-29 13:03:06] - https://www.shephe.com/feed
[2026-08-29 13:03:06] ✘ 有 2 条订阅头像无法访问, 已使用默认头像:
[2026-08-29 13:03:06] - https://www.loyhome.com/feed
[2026-08-29 13:03:06] - http://feeds.feedburner.com/ruanyifeng
[2026-08-29 17:34:57] 本次订阅抓取结果统计:
[2026-08-29 17:34:57] 共 28 条RSS, 成功抓取 24 条.
[2026-08-29 17:34:57] ✘ 有 4 条订阅解析失败:
[2026-08-29 17:34:57] - https://geekinney.com/index.xml
[2026-08-29 17:34:57] - https://tcxx.info/feed
[2026-08-29 17:34:57] - https://tumutanzi.com/feed
[2026-08-29 17:34:57] - https://www.shephe.com/feed
[2026-08-29 17:34:57] ✘ 有 2 条订阅头像无法访问, 已使用默认头像:
[2026-08-29 17:34:57] - https://www.loyhome.com/feed
[2026-08-29 17:34:57] - http://feeds.feedburner.com/ruanyifeng
[2026-08-29 20:39:41] 本次订阅抓取结果统计:
[2026-08-29 20:39:41] 共 28 条RSS, 成功抓取 25 条.
[2026-08-29 20:39:41] ✘ 有 3 条订阅解析失败:
[2026-08-29 20:39:41] - https://geekinney.com/index.xml
[2026-08-29 20:39:41] - https://tcxx.info/feed
[2026-08-29 20:39:41] - https://www.shephe.com/feed
[2026-08-29 20:39:41] ✘ 有 2 条订阅头像无法访问, 已使用默认头像:
[2026-08-29 20:39:41] - https://www.loyhome.com/feed
[2026-08-29 20:39:41] - http://feeds.feedburner.com/ruanyifeng
[2026-08-29 23:10:02] 本次订阅抓取结果统计:
[2026-08-29 23:10:02] 共 28 条RSS, 成功抓取 25 条.
[2026-08-29 23:10:02] ✘ 有 3 条订阅解析失败:
[2026-08-29 23:10:02] - https://tcxx.info/feed
[2026-08-29 23:10:02] - https://geekinney.com/index.xml
[2026-08-29 23:10:02] - https://www.shephe.com/feed
[2026-08-29 23:10:02] ✘ 有 2 条订阅头像无法访问, 已使用默认头像:
[2026-08-29 23:10:02] - https://www.loyhome.com/feed
[2026-08-29 23:10:02] - http://feeds.feedburner.com/ruanyifeng
