[2026-08-03 00:00:22] 本次订阅抓取结果统计:
[2026-08-03 00:00:22] 共 28 条RSS, 成功抓取 25 条.
[2026-08-03 00:00:22] ✘ 有 3 条订阅解析失败:
[2026-08-03 00:00:22] - https://geekinney.com/index.xml
[2026-08-03 00:00:22] - https://tcxx.info/feed
[2026-08-03 00:00:22] - https://www.shephe.com/feed
[2026-08-03 00:00:22] ✘ 有 3 条订阅头像无法访问, 已使用默认头像:
[2026-08-03 00:00:22] - https://hwv430.blogspot.com/feeds/posts/default
[2026-08-03 00:00:22] - https://www.loyhome.com/feed
[2026-08-03 00:00:22] - http://feeds.feedburner.com/ruanyifeng
[2026-08-03 03:47:13] 本次订阅抓取结果统计:
[2026-08-03 03:47:13] 共 28 条RSS, 成功抓取 25 条.
[2026-08-03 03:47:13] ✘ 有 3 条订阅解析失败:
[2026-08-03 03:47:13] - https://geekinney.com/index.xml
[2026-08-03 03:47:13] - https://tcxx.info/feed
[2026-08-03 03:47:13] - https://www.shephe.com/feed
[2026-08-03 03:47:13] ✘ 有 3 条订阅头像无法访问, 已使用默认头像:
[2026-08-03 03:47:13] - https://hwv430.blogspot.com/feeds/posts/default
[2026-08-03 03:47:13] - https://www.loyhome.com/feed
[2026-08-03 03:47:13] - http://feeds.feedburner.com/ruanyifeng
[2026-08-03 07:30:50] 本次订阅抓取结果统计:
[2026-08-03 07:30:50] 共 28 条RSS, 成功抓取 25 条.
[2026-08-03 07:30:50] ✘ 有 3 条订阅解析失败:
[2026-08-03 07:30:50] - https://geekinney.com/index.xml
[2026-08-03 07:30:50] - https://tcxx.info/feed
[2026-08-03 07:30:50] - https://www.shephe.com/feed
[2026-08-03 07:30:50] ✘ 有 3 条订阅头像无法访问, 已使用默认头像:
[2026-08-03 07:30:50] - https://hwv430.blogspot.com/feeds/posts/default
[2026-08-03 07:30:50] - https://www.loyhome.com/feed
[2026-08-03 07:30:50] - http://feeds.feedburner.com/ruanyifeng
[2026-08-03 11:27:37] 本次订阅抓取结果统计:
[2026-08-03 11:27:37] 共 28 条RSS, 成功抓取 24 条.
[2026-08-03 11:27:37] ✘ 有 4 条订阅解析失败:
[2026-08-03 11:27:37] - https://geekinney.com/index.xml
[2026-08-03 11:27:37] - https://tcxx.info/feed
[2026-08-03 11:27:37] - https://tumutanzi.com/feed
[2026-08-03 11:27:37] - https://www.shephe.com/feed
[2026-08-03 11:27:37] ✘ 有 2 条订阅头像无法访问, 已使用默认头像:
[2026-08-03 11:27:37] - https://www.loyhome.com/feed
[2026-08-03 11:27:37] - http://feeds.feedburner.com/ruanyifeng
[2026-08-03 14:44:59] 本次订阅抓取结果统计:
[2026-08-03 14:44:59] 共 28 条RSS, 成功抓取 25 条.
[2026-08-03 14:44:59] ✘ 有 3 条订阅解析失败:
[2026-08-03 14:44:59] - https://geekinney.com/index.xml
[2026-08-03 14:44:59] - https://tcxx.info/feed
[2026-08-03 14:44:59] - https://www.shephe.com/feed
[2026-08-03 14:44:59] ✘ 有 3 条订阅头像无法访问, 已使用默认头像:
[2026-08-03 14:44:59] - https://www.loyhome.com/feed
[2026-08-03 14:44:59] - http://feeds.feedburner.com/ruanyifeng
[2026-08-03 14:44:59] - https://xyzbz.cn/feed
[2026-08-03 17:10:49] 本次订阅抓取结果统计:
[2026-08-03 17:10:49] 共 28 条RSS, 成功抓取 24 条.
[2026-08-03 17:10:49] ✘ 有 4 条订阅解析失败:
[2026-08-03 17:10:49] - https://geekinney.com/index.xml
[2026-08-03 17:10:49] - https://tcxx.info/feed
[2026-08-03 17:10:49] - https://tumutanzi.com/feed
[2026-08-03 17:10:49] - https://www.shephe.com/feed
[2026-08-03 17:10:49] ✘ 有 3 条订阅头像无法访问, 已使用默认头像:
[2026-08-03 17:10:49] - https://hwv430.blogspot.com/feeds/posts/default
[2026-08-03 17:10:49] - http://feeds.feedburner.com/ruanyifeng
[2026-08-03 17:10:49] - https://www.loyhome.com/feed
