[2026-08-30 04:27:53] 本次订阅抓取结果统计:
[2026-08-30 04:27:53] 共 28 条RSS, 成功抓取 25 条.
[2026-08-30 04:27:53] ✘ 有 3 条订阅解析失败:
[2026-08-30 04:27:53] - https://geekinney.com/index.xml
[2026-08-30 04:27:53] - https://tcxx.info/feed
[2026-08-30 04:27:53] - https://www.shephe.com/feed
[2026-08-30 04:27:53] ✘ 有 3 条订阅头像无法访问, 已使用默认头像:
[2026-08-30 04:27:53] - https://hwv430.blogspot.com/feeds/posts/default
[2026-08-30 04:27:53] - https://www.loyhome.com/feed
[2026-08-30 04:27:53] - http://feeds.feedburner.com/ruanyifeng
[2026-08-30 10:26:01] 本次订阅抓取结果统计:
[2026-08-30 10:26:01] 共 28 条RSS, 成功抓取 24 条.
[2026-08-30 10:26:01] ✘ 有 4 条订阅解析失败:
[2026-08-30 10:26:01] - https://geekinney.com/index.xml
[2026-08-30 10:26:01] - https://tcxx.info/feed
[2026-08-30 10:26:01] - https://tumutanzi.com/feed
[2026-08-30 10:26:01] - https://www.shephe.com/feed
[2026-08-30 10:26:01] ✘ 有 2 条订阅头像无法访问, 已使用默认头像:
[2026-08-30 10:26:01] - https://www.loyhome.com/feed
[2026-08-30 10:26:01] - http://feeds.feedburner.com/ruanyifeng
