[2026-09-16 00:07:50] 本次订阅抓取结果统计:
[2026-09-16 00:07:50] 共 28 条RSS, 成功抓取 24 条.
[2026-09-16 00:07:50] ✘ 有 4 条订阅解析失败:
[2026-09-16 00:07:50] - https://wangpei.net/feed
[2026-09-16 00:07:50] - https://geekinney.com/index.xml
[2026-09-16 00:07:50] - https://www.shephe.com/feed
[2026-09-16 00:07:50] - https://tcxx.info/feed
[2026-09-16 00:07:50] ✘ 有 3 条订阅头像无法访问, 已使用默认头像:
[2026-09-16 00:07:50] - https://hwv430.blogspot.com/feeds/posts/default
[2026-09-16 00:07:50] - https://www.loyhome.com/feed
[2026-09-16 00:07:50] - http://feeds.feedburner.com/ruanyifeng
[2026-09-16 05:45:03] 本次订阅抓取结果统计:
[2026-09-16 05:45:03] 共 28 条RSS, 成功抓取 24 条.
[2026-09-16 05:45:03] ✘ 有 4 条订阅解析失败:
[2026-09-16 05:45:03] - https://wangpei.net/feed
[2026-09-16 05:45:03] - https://www.shephe.com/feed
[2026-09-16 05:45:03] - https://tcxx.info/feed
[2026-09-16 05:45:03] - https://geekinney.com/index.xml
[2026-09-16 05:45:03] ✘ 有 2 条订阅头像无法访问, 已使用默认头像:
[2026-09-16 05:45:03] - https://www.loyhome.com/feed
[2026-09-16 05:45:03] - http://feeds.feedburner.com/ruanyifeng
[2026-09-16 11:05:47] 本次订阅抓取结果统计:
[2026-09-16 11:05:47] 共 28 条RSS, 成功抓取 24 条.
[2026-09-16 11:05:47] ✘ 有 4 条订阅解析失败:
[2026-09-16 11:05:47] - https://wangpei.net/feed
[2026-09-16 11:05:47] - https://www.shephe.com/feed
[2026-09-16 11:05:47] - https://geekinney.com/index.xml
[2026-09-16 11:05:47] - https://tcxx.info/feed
[2026-09-16 11:05:47] ✘ 有 3 条订阅头像无法访问, 已使用默认头像:
[2026-09-16 11:05:47] - https://hwv430.blogspot.com/feeds/posts/default
[2026-09-16 11:05:47] - https://www.loyhome.com/feed
[2026-09-16 11:05:47] - http://feeds.feedburner.com/ruanyifeng
