[2026-09-01 01:04:32] 本次订阅抓取结果统计:
[2026-09-01 01:04:32] 共 28 条RSS, 成功抓取 25 条.
[2026-09-01 01:04:32] ✘ 有 3 条订阅解析失败:
[2026-09-01 01:04:32] - https://geekinney.com/index.xml
[2026-09-01 01:04:32] - https://tcxx.info/feed
[2026-09-01 01:04:32] - https://www.shephe.com/feed
[2026-09-01 01:04:32] ✘ 有 3 条订阅头像无法访问, 已使用默认头像:
[2026-09-01 01:04:32] - https://hwv430.blogspot.com/feeds/posts/default
[2026-09-01 01:04:32] - https://www.loyhome.com/feed
[2026-09-01 01:04:32] - http://feeds.feedburner.com/ruanyifeng
[2026-09-01 07:28:36] 本次订阅抓取结果统计:
[2026-09-01 07:28:36] 共 28 条RSS, 成功抓取 25 条.
[2026-09-01 07:28:36] ✘ 有 3 条订阅解析失败:
[2026-09-01 07:28:36] - https://www.shephe.com/feed
[2026-09-01 07:28:36] - https://tcxx.info/feed
[2026-09-01 07:28:36] - https://geekinney.com/index.xml
[2026-09-01 07:28:36] ✘ 有 3 条订阅头像无法访问, 已使用默认头像:
[2026-09-01 07:28:36] - https://hwv430.blogspot.com/feeds/posts/default
[2026-09-01 07:28:36] - https://www.loyhome.com/feed
[2026-09-01 07:28:36] - http://feeds.feedburner.com/ruanyifeng
