[2026-08-01 03:17:08] 本次订阅抓取结果统计:
[2026-08-01 03:17:08] 共 28 条RSS, 成功抓取 24 条.
[2026-08-01 03:17:08] ✘ 有 4 条订阅解析失败:
[2026-08-01 03:17:08] - https://geekinney.com/index.xml
[2026-08-01 03:17:08] - https://tcxx.info/feed
[2026-08-01 03:17:08] - https://tumutanzi.com/feed
[2026-08-01 03:17:08] - https://www.shephe.com/feed
[2026-08-01 03:17:08] ✘ 有 3 条订阅头像无法访问, 已使用默认头像:
[2026-08-01 03:17:08] - https://www.loyhome.com/feed
[2026-08-01 03:17:08] - http://feeds.feedburner.com/ruanyifeng
[2026-08-01 03:17:08] - https://xyzbz.cn/feed
[2026-08-01 06:31:57] 本次订阅抓取结果统计:
[2026-08-01 06:31:57] 共 28 条RSS, 成功抓取 24 条.
[2026-08-01 06:31:57] ✘ 有 4 条订阅解析失败:
[2026-08-01 06:31:57] - https://geekinney.com/index.xml
[2026-08-01 06:31:57] - https://tcxx.info/feed
[2026-08-01 06:31:57] - https://tumutanzi.com/feed
[2026-08-01 06:31:57] - https://www.shephe.com/feed
[2026-08-01 06:31:57] ✘ 有 3 条订阅头像无法访问, 已使用默认头像:
[2026-08-01 06:31:57] - https://hwv430.blogspot.com/feeds/posts/default
[2026-08-01 06:31:57] - https://www.loyhome.com/feed
[2026-08-01 06:31:57] - http://feeds.feedburner.com/ruanyifeng
