[2026-09-19 04:26:42] 本次订阅抓取结果统计:
[2026-09-19 04:26:42] 共 28 条RSS, 成功抓取 24 条.
[2026-09-19 04:26:42] ✘ 有 4 条订阅解析失败:
[2026-09-19 04:26:42] - https://wangpei.net/feed
[2026-09-19 04:26:42] - https://www.shephe.com/feed
[2026-09-19 04:26:42] - https://tcxx.info/feed
[2026-09-19 04:26:42] - https://geekinney.com/index.xml
[2026-09-19 04:26:42] ✘ 有 2 条订阅头像无法访问, 已使用默认头像:
[2026-09-19 04:26:42] - https://www.loyhome.com/feed
[2026-09-19 04:26:42] - http://feeds.feedburner.com/ruanyifeng
[2026-09-19 09:16:27] 本次订阅抓取结果统计:
[2026-09-19 09:16:27] 共 28 条RSS, 成功抓取 24 条.
[2026-09-19 09:16:27] ✘ 有 4 条订阅解析失败:
[2026-09-19 09:16:27] - https://wangpei.net/feed
[2026-09-19 09:16:27] - https://geekinney.com/index.xml
[2026-09-19 09:16:27] - https://tcxx.info/feed
[2026-09-19 09:16:27] - https://www.shephe.com/feed
[2026-09-19 09:16:27] ✘ 有 2 条订阅头像无法访问, 已使用默认头像:
[2026-09-19 09:16:27] - https://www.loyhome.com/feed
[2026-09-19 09:16:27] - http://feeds.feedburner.com/ruanyifeng
[2026-09-19 13:46:09] 本次订阅抓取结果统计:
[2026-09-19 13:46:09] 共 28 条RSS, 成功抓取 24 条.
[2026-09-19 13:46:09] ✘ 有 4 条订阅解析失败:
[2026-09-19 13:46:09] - https://wangpei.net/feed
[2026-09-19 13:46:09] - https://geekinney.com/index.xml
[2026-09-19 13:46:09] - https://tcxx.info/feed
[2026-09-19 13:46:09] - https://www.shephe.com/feed
[2026-09-19 13:46:09] ✘ 有 2 条订阅头像无法访问, 已使用默认头像:
[2026-09-19 13:46:09] - https://www.loyhome.com/feed
[2026-09-19 13:46:09] - http://feeds.feedburner.com/ruanyifeng
[2026-09-19 17:04:01] 本次订阅抓取结果统计:
[2026-09-19 17:04:01] 共 28 条RSS, 成功抓取 24 条.
[2026-09-19 17:04:01] ✘ 有 4 条订阅解析失败:
[2026-09-19 17:04:01] - https://wangpei.net/feed
[2026-09-19 17:04:01] - https://geekinney.com/index.xml
[2026-09-19 17:04:01] - https://tcxx.info/feed
[2026-09-19 17:04:01] - https://www.shephe.com/feed
[2026-09-19 17:04:01] ✘ 有 2 条订阅头像无法访问, 已使用默认头像:
[2026-09-19 17:04:01] - https://www.loyhome.com/feed
[2026-09-19 17:04:01] - http://feeds.feedburner.com/ruanyifeng
[2026-09-19 20:15:22] 本次订阅抓取结果统计:
[2026-09-19 20:15:22] 共 28 条RSS, 成功抓取 24 条.
[2026-09-19 20:15:22] ✘ 有 4 条订阅解析失败:
[2026-09-19 20:15:22] - https://wangpei.net/feed
[2026-09-19 20:15:22] - https://geekinney.com/index.xml
[2026-09-19 20:15:22] - https://tcxx.info/feed
[2026-09-19 20:15:22] - https://www.shephe.com/feed
[2026-09-19 20:15:22] ✘ 有 2 条订阅头像无法访问, 已使用默认头像:
[2026-09-19 20:15:22] - https://www.loyhome.com/feed
[2026-09-19 20:15:22] - http://feeds.feedburner.com/ruanyifeng
[2026-09-19 22:44:43] 本次订阅抓取结果统计:
[2026-09-19 22:44:43] 共 28 条RSS, 成功抓取 24 条.
[2026-09-19 22:44:43] ✘ 有 4 条订阅解析失败:
[2026-09-19 22:44:43] - https://wangpei.net/feed
[2026-09-19 22:44:43] - https://www.shephe.com/feed
[2026-09-19 22:44:43] - https://geekinney.com/index.xml
[2026-09-19 22:44:43] - https://tcxx.info/feed
[2026-09-19 22:44:43] ✘ 有 2 条订阅头像无法访问, 已使用默认头像:
[2026-09-19 22:44:43] - https://www.loyhome.com/feed
[2026-09-19 22:44:43] - http://feeds.feedburner.com/ruanyifeng
