[2026-08-02 03:16:11] 本次订阅抓取结果统计:
[2026-08-02 03:16:11] 共 28 条RSS, 成功抓取 25 条.
[2026-08-02 03:16:11] ✘ 有 3 条订阅解析失败:
[2026-08-02 03:16:11] - https://tcxx.info/feed
[2026-08-02 03:16:11] - https://geekinney.com/index.xml
[2026-08-02 03:16:11] - https://www.shephe.com/feed
[2026-08-02 03:16:11] ✘ 有 3 条订阅头像无法访问, 已使用默认头像:
[2026-08-02 03:16:11] - https://hwv430.blogspot.com/feeds/posts/default
[2026-08-02 03:16:11] - https://www.loyhome.com/feed
[2026-08-02 03:16:11] - http://feeds.feedburner.com/ruanyifeng
[2026-08-02 06:35:14] 本次订阅抓取结果统计:
[2026-08-02 06:35:14] 共 28 条RSS, 成功抓取 25 条.
[2026-08-02 06:35:14] ✘ 有 3 条订阅解析失败:
[2026-08-02 06:35:14] - https://geekinney.com/index.xml
[2026-08-02 06:35:14] - https://tcxx.info/feed
[2026-08-02 06:35:14] - https://www.shephe.com/feed
[2026-08-02 06:35:14] ✘ 有 2 条订阅头像无法访问, 已使用默认头像:
[2026-08-02 06:35:14] - https://www.loyhome.com/feed
[2026-08-02 06:35:14] - http://feeds.feedburner.com/ruanyifeng
[2026-08-02 09:10:27] 本次订阅抓取结果统计:
[2026-08-02 09:10:27] 共 28 条RSS, 成功抓取 24 条.
[2026-08-02 09:10:27] ✘ 有 4 条订阅解析失败:
[2026-08-02 09:10:27] - https://geekinney.com/index.xml
[2026-08-02 09:10:27] - https://tcxx.info/feed
[2026-08-02 09:10:27] - https://www.shephe.com/feed
[2026-08-02 09:10:27] - https://tumutanzi.com/feed
[2026-08-02 09:10:27] ✘ 有 3 条订阅头像无法访问, 已使用默认头像:
[2026-08-02 09:10:27] - https://hwv430.blogspot.com/feeds/posts/default
[2026-08-02 09:10:27] - https://www.loyhome.com/feed
[2026-08-02 09:10:27] - http://feeds.feedburner.com/ruanyifeng
[2026-08-02 11:18:04] 本次订阅抓取结果统计:
[2026-08-02 11:18:04] 共 28 条RSS, 成功抓取 24 条.
[2026-08-02 11:18:04] ✘ 有 4 条订阅解析失败:
[2026-08-02 11:18:04] - https://geekinney.com/index.xml
[2026-08-02 11:18:04] - https://tcxx.info/feed
[2026-08-02 11:18:04] - https://tumutanzi.com/feed
[2026-08-02 11:18:04] - https://www.shephe.com/feed
[2026-08-02 11:18:04] ✘ 有 3 条订阅头像无法访问, 已使用默认头像:
[2026-08-02 11:18:04] - https://www.loyhome.com/feed
[2026-08-02 11:18:04] - http://feeds.feedburner.com/ruanyifeng
[2026-08-02 11:18:04] - https://xyzbz.cn/feed
[2026-08-02 13:27:03] 本次订阅抓取结果统计:
[2026-08-02 13:27:03] 共 28 条RSS, 成功抓取 24 条.
[2026-08-02 13:27:03] ✘ 有 4 条订阅解析失败:
[2026-08-02 13:27:03] - https://geekinney.com/index.xml
[2026-08-02 13:27:03] - https://tcxx.info/feed
[2026-08-02 13:27:03] - https://tumutanzi.com/feed
[2026-08-02 13:27:03] - https://www.shephe.com/feed
[2026-08-02 13:27:03] ✘ 有 3 条订阅头像无法访问, 已使用默认头像:
[2026-08-02 13:27:03] - https://hwv430.blogspot.com/feeds/posts/default
[2026-08-02 13:27:03] - https://www.loyhome.com/feed
[2026-08-02 13:27:03] - http://feeds.feedburner.com/ruanyifeng
[2026-08-02 15:04:31] 本次订阅抓取结果统计:
[2026-08-02 15:04:31] 共 28 条RSS, 成功抓取 25 条.
[2026-08-02 15:04:31] ✘ 有 3 条订阅解析失败:
[2026-08-02 15:04:31] - https://geekinney.com/index.xml
[2026-08-02 15:04:31] - https://tcxx.info/feed
[2026-08-02 15:04:31] - https://www.shephe.com/feed
[2026-08-02 15:04:31] ✘ 有 3 条订阅头像无法访问, 已使用默认头像:
[2026-08-02 15:04:31] - https://hwv430.blogspot.com/feeds/posts/default
[2026-08-02 15:04:31] - https://www.loyhome.com/feed
[2026-08-02 15:04:31] - http://feeds.feedburner.com/ruanyifeng
[2026-08-02 17:02:52] 本次订阅抓取结果统计:
[2026-08-02 17:02:52] 共 28 条RSS, 成功抓取 24 条.
[2026-08-02 17:02:52] ✘ 有 4 条订阅解析失败:
[2026-08-02 17:02:52] - https://geekinney.com/index.xml
[2026-08-02 17:02:52] - https://tcxx.info/feed
[2026-08-02 17:02:52] - https://tumutanzi.com/feed
[2026-08-02 17:02:52] - https://www.shephe.com/feed
[2026-08-02 17:02:52] ✘ 有 2 条订阅头像无法访问, 已使用默认头像:
[2026-08-02 17:02:52] - https://www.loyhome.com/feed
[2026-08-02 17:02:52] - http://feeds.feedburner.com/ruanyifeng
[2026-08-02 19:14:27] 本次订阅抓取结果统计:
[2026-08-02 19:14:27] 共 28 条RSS, 成功抓取 24 条.
[2026-08-02 19:14:27] ✘ 有 4 条订阅解析失败:
[2026-08-02 19:14:27] - https://geekinney.com/index.xml
[2026-08-02 19:14:27] - https://www.shephe.com/feed
[2026-08-02 19:14:27] - https://tcxx.info/feed
[2026-08-02 19:14:27] - https://tumutanzi.com/feed
[2026-08-02 19:14:27] ✘ 有 3 条订阅头像无法访问, 已使用默认头像:
[2026-08-02 19:14:27] - https://hwv430.blogspot.com/feeds/posts/default
[2026-08-02 19:14:27] - https://www.loyhome.com/feed
[2026-08-02 19:14:27] - http://feeds.feedburner.com/ruanyifeng
