[2026-10-07 00:27:57] 本次订阅抓取结果统计:
[2026-10-07 00:27:57] 共 28 条RSS, 成功抓取 24 条.
[2026-10-07 00:27:57] ✘ 有 4 条订阅解析失败:
[2026-10-07 00:27:57] - https://wangpei.net/feed
[2026-10-07 00:27:57] - https://tcxx.info/feed
[2026-10-07 00:27:57] - https://www.shephe.com/feed
[2026-10-07 00:27:57] - https://geekinney.com/index.xml
[2026-10-07 00:27:57] ✘ 有 3 条订阅头像无法访问, 已使用默认头像:
[2026-10-07 00:27:57] - https://hwv430.blogspot.com/feeds/posts/default
[2026-10-07 00:27:57] - https://www.loyhome.com/feed
[2026-10-07 00:27:57] - http://feeds.feedburner.com/ruanyifeng
[2026-10-07 06:58:48] 本次订阅抓取结果统计:
[2026-10-07 06:58:48] 共 28 条RSS, 成功抓取 24 条.
[2026-10-07 06:58:48] ✘ 有 4 条订阅解析失败:
[2026-10-07 06:58:48] - https://wangpei.net/feed
[2026-10-07 06:58:48] - https://tcxx.info/feed
[2026-10-07 06:58:48] - https://geekinney.com/index.xml
[2026-10-07 06:58:48] - https://www.shephe.com/feed
[2026-10-07 06:58:48] ✘ 有 2 条订阅头像无法访问, 已使用默认头像:
[2026-10-07 06:58:48] - https://www.loyhome.com/feed
[2026-10-07 06:58:48] - http://feeds.feedburner.com/ruanyifeng
[2026-10-07 14:24:51] 本次订阅抓取结果统计:
[2026-10-07 14:24:51] 共 28 条RSS, 成功抓取 24 条.
[2026-10-07 14:24:51] ✘ 有 4 条订阅解析失败:
[2026-10-07 14:24:51] - https://wangpei.net/feed
[2026-10-07 14:24:51] - https://geekinney.com/index.xml
[2026-10-07 14:24:51] - https://tcxx.info/feed
[2026-10-07 14:24:51] - https://www.shephe.com/feed
[2026-10-07 14:24:51] ✘ 有 2 条订阅头像无法访问, 已使用默认头像:
[2026-10-07 14:24:51] - https://www.loyhome.com/feed
[2026-10-07 14:24:51] - http://feeds.feedburner.com/ruanyifeng
[2026-10-07 20:29:16] 本次订阅抓取结果统计:
[2026-10-07 20:29:16] 共 28 条RSS, 成功抓取 24 条.
[2026-10-07 20:29:16] ✘ 有 4 条订阅解析失败:
[2026-10-07 20:29:16] - https://wangpei.net/feed
[2026-10-07 20:29:16] - https://www.shephe.com/feed
[2026-10-07 20:29:16] - https://geekinney.com/index.xml
[2026-10-07 20:29:16] - https://tcxx.info/feed
[2026-10-07 20:29:16] ✘ 有 3 条订阅头像无法访问, 已使用默认头像:
[2026-10-07 20:29:16] - https://hwv430.blogspot.com/feeds/posts/default
[2026-10-07 20:29:16] - https://www.loyhome.com/feed
[2026-10-07 20:29:16] - http://feeds.feedburner.com/ruanyifeng
