[2026-09-20 00:48:30] 本次订阅抓取结果统计:
[2026-09-20 00:48:30] 共 28 条RSS, 成功抓取 24 条.
[2026-09-20 00:48:30] ✘ 有 4 条订阅解析失败:
[2026-09-20 00:48:30] - https://wangpei.net/feed
[2026-09-20 00:48:30] - https://geekinney.com/index.xml
[2026-09-20 00:48:30] - https://tcxx.info/feed
[2026-09-20 00:48:30] - https://www.shephe.com/feed
[2026-09-20 00:48:30] ✘ 有 3 条订阅头像无法访问, 已使用默认头像:
[2026-09-20 00:48:30] - https://hwv430.blogspot.com/feeds/posts/default
[2026-09-20 00:48:30] - https://www.loyhome.com/feed
[2026-09-20 00:48:30] - http://feeds.feedburner.com/ruanyifeng
[2026-09-20 05:52:10] 本次订阅抓取结果统计:
[2026-09-20 05:52:10] 共 28 条RSS, 成功抓取 24 条.
[2026-09-20 05:52:10] ✘ 有 4 条订阅解析失败:
[2026-09-20 05:52:10] - https://wangpei.net/feed
[2026-09-20 05:52:10] - https://geekinney.com/index.xml
[2026-09-20 05:52:10] - https://tcxx.info/feed
[2026-09-20 05:52:10] - https://www.shephe.com/feed
[2026-09-20 05:52:10] ✘ 有 2 条订阅头像无法访问, 已使用默认头像:
[2026-09-20 05:52:10] - https://www.loyhome.com/feed
[2026-09-20 05:52:10] - http://feeds.feedburner.com/ruanyifeng
[2026-09-20 10:54:54] 本次订阅抓取结果统计:
[2026-09-20 10:54:54] 共 28 条RSS, 成功抓取 24 条.
[2026-09-20 10:54:54] ✘ 有 4 条订阅解析失败:
[2026-09-20 10:54:54] - https://wangpei.net/feed
[2026-09-20 10:54:54] - https://geekinney.com/index.xml
[2026-09-20 10:54:54] - https://tcxx.info/feed
[2026-09-20 10:54:54] - https://www.shephe.com/feed
[2026-09-20 10:54:54] ✘ 有 2 条订阅头像无法访问, 已使用默认头像:
[2026-09-20 10:54:54] - https://www.loyhome.com/feed
[2026-09-20 10:54:54] - http://feeds.feedburner.com/ruanyifeng
[2026-09-20 14:36:27] 本次订阅抓取结果统计:
[2026-09-20 14:36:27] 共 28 条RSS, 成功抓取 24 条.
[2026-09-20 14:36:27] ✘ 有 4 条订阅解析失败:
[2026-09-20 14:36:27] - https://wangpei.net/feed
[2026-09-20 14:36:27] - https://geekinney.com/index.xml
[2026-09-20 14:36:27] - https://www.shephe.com/feed
[2026-09-20 14:36:27] - https://tcxx.info/feed
[2026-09-20 14:36:27] ✘ 有 2 条订阅头像无法访问, 已使用默认头像:
[2026-09-20 14:36:27] - https://www.loyhome.com/feed
[2026-09-20 14:36:27] - http://feeds.feedburner.com/ruanyifeng
[2026-09-20 18:05:33] 本次订阅抓取结果统计:
[2026-09-20 18:05:33] 共 28 条RSS, 成功抓取 24 条.
[2026-09-20 18:05:33] ✘ 有 4 条订阅解析失败:
[2026-09-20 18:05:33] - https://wangpei.net/feed
[2026-09-20 18:05:33] - https://geekinney.com/index.xml
[2026-09-20 18:05:33] - https://tcxx.info/feed
[2026-09-20 18:05:33] - https://www.shephe.com/feed
[2026-09-20 18:05:33] ✘ 有 2 条订阅头像无法访问, 已使用默认头像:
[2026-09-20 18:05:33] - https://www.loyhome.com/feed
[2026-09-20 18:05:33] - http://feeds.feedburner.com/ruanyifeng
[2026-09-20 21:16:29] 本次订阅抓取结果统计:
[2026-09-20 21:16:29] 共 28 条RSS, 成功抓取 24 条.
[2026-09-20 21:16:29] ✘ 有 4 条订阅解析失败:
[2026-09-20 21:16:29] - https://wangpei.net/feed
[2026-09-20 21:16:29] - https://geekinney.com/index.xml
[2026-09-20 21:16:29] - https://tcxx.info/feed
[2026-09-20 21:16:29] - https://www.shephe.com/feed
[2026-09-20 21:16:29] ✘ 有 2 条订阅头像无法访问, 已使用默认头像:
[2026-09-20 21:16:29] - https://www.loyhome.com/feed
[2026-09-20 21:16:29] - http://feeds.feedburner.com/ruanyifeng
[2026-09-20 23:57:16] 本次订阅抓取结果统计:
[2026-09-20 23:57:16] 共 28 条RSS, 成功抓取 24 条.
[2026-09-20 23:57:16] ✘ 有 4 条订阅解析失败:
[2026-09-20 23:57:16] - https://geekinney.com/index.xml
[2026-09-20 23:57:16] - https://wangpei.net/feed
[2026-09-20 23:57:16] - https://tcxx.info/feed
[2026-09-20 23:57:16] - https://www.shephe.com/feed
[2026-09-20 23:57:16] ✘ 有 2 条订阅头像无法访问, 已使用默认头像:
[2026-09-20 23:57:16] - https://www.loyhome.com/feed
[2026-09-20 23:57:16] - http://feeds.feedburner.com/ruanyifeng
