[2026-09-29 01:35:24] 本次订阅抓取结果统计:
[2026-09-29 01:35:24] 共 28 条RSS, 成功抓取 23 条.
[2026-09-29 01:35:24] ✘ 有 5 条订阅解析失败:
[2026-09-29 01:35:24] - https://www.shephe.com/feed
[2026-09-29 01:35:24] - https://wangpei.net/feed
[2026-09-29 01:35:24] - https://geekinney.com/index.xml
[2026-09-29 01:35:24] - https://tcxx.info/feed
[2026-09-29 01:35:24] - https://tumutanzi.com/feed
[2026-09-29 01:35:24] ✘ 有 3 条订阅头像无法访问, 已使用默认头像:
[2026-09-29 01:35:24] - https://www.loyhome.com/feed
[2026-09-29 01:35:24] - https://xyzbz.cn/feed
[2026-09-29 01:35:24] - http://feeds.feedburner.com/ruanyifeng
[2026-09-29 08:04:09] 本次订阅抓取结果统计:
[2026-09-29 08:04:09] 共 28 条RSS, 成功抓取 24 条.
[2026-09-29 08:04:09] ✘ 有 4 条订阅解析失败:
[2026-09-29 08:04:09] - https://wangpei.net/feed
[2026-09-29 08:04:09] - https://geekinney.com/index.xml
[2026-09-29 08:04:09] - https://tcxx.info/feed
[2026-09-29 08:04:09] - https://www.shephe.com/feed
[2026-09-29 08:04:09] ✘ 有 3 条订阅头像无法访问, 已使用默认头像:
[2026-09-29 08:04:09] - https://hwv430.blogspot.com/feeds/posts/default
[2026-09-29 08:04:09] - https://www.loyhome.com/feed
[2026-09-29 08:04:09] - http://feeds.feedburner.com/ruanyifeng
[2026-09-29 15:29:52] 本次订阅抓取结果统计:
[2026-09-29 15:29:52] 共 28 条RSS, 成功抓取 24 条.
[2026-09-29 15:29:52] ✘ 有 4 条订阅解析失败:
[2026-09-29 15:29:52] - https://wangpei.net/feed
[2026-09-29 15:29:52] - https://geekinney.com/index.xml
[2026-09-29 15:29:52] - https://tcxx.info/feed
[2026-09-29 15:29:52] - https://www.shephe.com/feed
[2026-09-29 15:29:52] ✘ 有 4 条订阅头像无法访问, 已使用默认头像:
[2026-09-29 15:29:52] - https://hwv430.blogspot.com/feeds/posts/default
[2026-09-29 15:29:52] - https://www.loyhome.com/feed
[2026-09-29 15:29:52] - http://feeds.feedburner.com/ruanyifeng
[2026-09-29 15:29:52] - https://xyzbz.cn/feed
[2026-09-29 20:31:32] 本次订阅抓取结果统计:
[2026-09-29 20:31:32] 共 28 条RSS, 成功抓取 24 条.
[2026-09-29 20:31:32] ✘ 有 4 条订阅解析失败:
[2026-09-29 20:31:32] - https://wangpei.net/feed
[2026-09-29 20:31:32] - https://tcxx.info/feed
[2026-09-29 20:31:32] - https://geekinney.com/index.xml
[2026-09-29 20:31:32] - https://www.shephe.com/feed
[2026-09-29 20:31:32] ✘ 有 3 条订阅头像无法访问, 已使用默认头像:
[2026-09-29 20:31:32] - https://hwv430.blogspot.com/feeds/posts/default
[2026-09-29 20:31:32] - https://www.loyhome.com/feed
[2026-09-29 20:31:32] - http://feeds.feedburner.com/ruanyifeng
