[2026-07-27 00:02:18] 本次订阅抓取结果统计:
[2026-07-27 00:02:18] 共 28 条RSS, 成功抓取 25 条.
[2026-07-27 00:02:18] ✘ 有 3 条订阅解析失败:
[2026-07-27 00:02:18] - https://geekinney.com/index.xml
[2026-07-27 00:02:18] - https://tcxx.info/feed
[2026-07-27 00:02:18] - https://www.shephe.com/feed
[2026-07-27 00:02:18] ✘ 有 3 条订阅头像无法访问, 已使用默认头像:
[2026-07-27 00:02:18] - https://www.loyhome.com/feed
[2026-07-27 00:02:18] - https://hwv430.blogspot.com/feeds/posts/default
[2026-07-27 00:02:18] - http://feeds.feedburner.com/ruanyifeng
[2026-07-27 04:38:15] 本次订阅抓取结果统计:
[2026-07-27 04:38:15] 共 28 条RSS, 成功抓取 25 条.
[2026-07-27 04:38:15] ✘ 有 3 条订阅解析失败:
[2026-07-27 04:38:15] - https://www.shephe.com/feed
[2026-07-27 04:38:15] - https://geekinney.com/index.xml
[2026-07-27 04:38:15] - https://tcxx.info/feed
[2026-07-27 04:38:15] ✘ 有 2 条订阅头像无法访问, 已使用默认头像:
[2026-07-27 04:38:15] - https://www.loyhome.com/feed
[2026-07-27 04:38:15] - http://feeds.feedburner.com/ruanyifeng
[2026-07-27 08:32:50] 本次订阅抓取结果统计:
[2026-07-27 08:32:50] 共 28 条RSS, 成功抓取 25 条.
[2026-07-27 08:32:50] ✘ 有 3 条订阅解析失败:
[2026-07-27 08:32:50] - https://geekinney.com/index.xml
[2026-07-27 08:32:50] - https://tcxx.info/feed
[2026-07-27 08:32:50] - https://www.shephe.com/feed
[2026-07-27 08:32:50] ✘ 有 3 条订阅头像无法访问, 已使用默认头像:
[2026-07-27 08:32:50] - https://hwv430.blogspot.com/feeds/posts/default
[2026-07-27 08:32:50] - https://www.loyhome.com/feed
[2026-07-27 08:32:50] - http://feeds.feedburner.com/ruanyifeng
[2026-07-27 12:26:54] 本次订阅抓取结果统计:
[2026-07-27 12:26:54] 共 28 条RSS, 成功抓取 25 条.
[2026-07-27 12:26:54] ✘ 有 3 条订阅解析失败:
[2026-07-27 12:26:54] - https://geekinney.com/index.xml
[2026-07-27 12:26:54] - https://tcxx.info/feed
[2026-07-27 12:26:54] - https://www.shephe.com/feed
[2026-07-27 12:26:54] ✘ 有 2 条订阅头像无法访问, 已使用默认头像:
[2026-07-27 12:26:54] - https://www.loyhome.com/feed
[2026-07-27 12:26:54] - http://feeds.feedburner.com/ruanyifeng
[2026-07-27 15:43:53] 本次订阅抓取结果统计:
[2026-07-27 15:43:53] 共 28 条RSS, 成功抓取 25 条.
[2026-07-27 15:43:53] ✘ 有 3 条订阅解析失败:
[2026-07-27 15:43:53] - https://geekinney.com/index.xml
[2026-07-27 15:43:53] - https://tcxx.info/feed
[2026-07-27 15:43:53] - https://www.shephe.com/feed
[2026-07-27 15:43:53] ✘ 有 2 条订阅头像无法访问, 已使用默认头像:
[2026-07-27 15:43:53] - https://www.loyhome.com/feed
[2026-07-27 15:43:53] - http://feeds.feedburner.com/ruanyifeng
