[2026-08-10 02:00:50] 本次订阅抓取结果统计:
[2026-08-10 02:00:50] 共 28 条RSS, 成功抓取 25 条.
[2026-08-10 02:00:50] ✘ 有 3 条订阅解析失败:
[2026-08-10 02:00:50] - https://tcxx.info/feed
[2026-08-10 02:00:50] - https://geekinney.com/index.xml
[2026-08-10 02:00:50] - https://tumutanzi.com/feed
[2026-08-10 02:00:50] ✘ 有 3 条订阅头像无法访问, 已使用默认头像:
[2026-08-10 02:00:50] - https://hwv430.blogspot.com/feeds/posts/default
[2026-08-10 02:00:50] - https://www.loyhome.com/feed
[2026-08-10 02:00:50] - http://feeds.feedburner.com/ruanyifeng
[2026-08-10 04:39:53] 本次订阅抓取结果统计:
[2026-08-10 04:39:53] 共 28 条RSS, 成功抓取 26 条.
[2026-08-10 04:39:53] ✘ 有 2 条订阅解析失败:
[2026-08-10 04:39:53] - https://tcxx.info/feed
[2026-08-10 04:39:53] - https://geekinney.com/index.xml
[2026-08-10 04:39:53] ✘ 有 3 条订阅头像无法访问, 已使用默认头像:
[2026-08-10 04:39:53] - https://hwv430.blogspot.com/feeds/posts/default
[2026-08-10 04:39:53] - http://feeds.feedburner.com/ruanyifeng
[2026-08-10 04:39:53] - https://www.loyhome.com/feed
[2026-08-10 06:11:04] 本次订阅抓取结果统计:
[2026-08-10 06:11:04] 共 28 条RSS, 成功抓取 26 条.
[2026-08-10 06:11:04] ✘ 有 2 条订阅解析失败:
[2026-08-10 06:11:04] - https://geekinney.com/index.xml
[2026-08-10 06:11:04] - https://tcxx.info/feed
[2026-08-10 06:11:04] ✘ 有 3 条订阅头像无法访问, 已使用默认头像:
[2026-08-10 06:11:04] - https://hwv430.blogspot.com/feeds/posts/default
[2026-08-10 06:11:04] - https://www.loyhome.com/feed
[2026-08-10 06:11:04] - http://feeds.feedburner.com/ruanyifeng
[2026-08-10 08:40:29] 本次订阅抓取结果统计:
[2026-08-10 08:40:29] 共 28 条RSS, 成功抓取 25 条.
[2026-08-10 08:40:29] ✘ 有 3 条订阅解析失败:
[2026-08-10 08:40:29] - https://geekinney.com/index.xml
[2026-08-10 08:40:29] - https://tcxx.info/feed
[2026-08-10 08:40:29] - https://tumutanzi.com/feed
[2026-08-10 08:40:29] ✘ 有 4 条订阅头像无法访问, 已使用默认头像:
[2026-08-10 08:40:29] - https://www.loyhome.com/feed
[2026-08-10 08:40:29] - https://hwv430.blogspot.com/feeds/posts/default
[2026-08-10 08:40:29] - https://blog.zhheo.com/rss.xml
[2026-08-10 08:40:29] - http://feeds.feedburner.com/ruanyifeng
