[2026-07-29 03:29:03] 本次订阅抓取结果统计:
[2026-07-29 03:29:03] 共 28 条RSS, 成功抓取 25 条.
[2026-07-29 03:29:03] ✘ 有 3 条订阅解析失败:
[2026-07-29 03:29:03] - https://geekinney.com/index.xml
[2026-07-29 03:29:03] - https://tcxx.info/feed
[2026-07-29 03:29:03] - https://www.shephe.com/feed
[2026-07-29 03:29:03] ✘ 有 3 条订阅头像无法访问, 已使用默认头像:
[2026-07-29 03:29:03] - https://hwv430.blogspot.com/feeds/posts/default
[2026-07-29 03:29:03] - https://www.loyhome.com/feed
[2026-07-29 03:29:03] - http://feeds.feedburner.com/ruanyifeng
[2026-07-29 06:33:42] 本次订阅抓取结果统计:
[2026-07-29 06:33:42] 共 28 条RSS, 成功抓取 25 条.
[2026-07-29 06:33:42] ✘ 有 3 条订阅解析失败:
[2026-07-29 06:33:42] - https://geekinney.com/index.xml
[2026-07-29 06:33:42] - https://tcxx.info/feed
[2026-07-29 06:33:42] - https://www.shephe.com/feed
[2026-07-29 06:33:42] ✘ 有 3 条订阅头像无法访问, 已使用默认头像:
[2026-07-29 06:33:42] - https://hwv430.blogspot.com/feeds/posts/default
[2026-07-29 06:33:42] - https://www.loyhome.com/feed
[2026-07-29 06:33:42] - http://feeds.feedburner.com/ruanyifeng
[2026-07-29 09:39:12] 本次订阅抓取结果统计:
[2026-07-29 09:39:12] 共 28 条RSS, 成功抓取 25 条.
[2026-07-29 09:39:12] ✘ 有 3 条订阅解析失败:
[2026-07-29 09:39:12] - https://geekinney.com/index.xml
[2026-07-29 09:39:12] - https://tcxx.info/feed
[2026-07-29 09:39:12] - https://www.shephe.com/feed
[2026-07-29 09:39:12] ✘ 有 2 条订阅头像无法访问, 已使用默认头像:
[2026-07-29 09:39:12] - https://www.loyhome.com/feed
[2026-07-29 09:39:12] - http://feeds.feedburner.com/ruanyifeng
[2026-07-29 12:02:59] 本次订阅抓取结果统计:
[2026-07-29 12:02:59] 共 28 条RSS, 成功抓取 25 条.
[2026-07-29 12:02:59] ✘ 有 3 条订阅解析失败:
[2026-07-29 12:02:59] - https://geekinney.com/index.xml
[2026-07-29 12:02:59] - https://tcxx.info/feed
[2026-07-29 12:02:59] - https://www.shephe.com/feed
[2026-07-29 12:02:59] ✘ 有 3 条订阅头像无法访问, 已使用默认头像:
[2026-07-29 12:02:59] - https://www.loyhome.com/feed
[2026-07-29 12:02:59] - http://feeds.feedburner.com/ruanyifeng
[2026-07-29 12:02:59] - https://xyzbz.cn/feed
