[2026-10-04 04:58:17] 本次订阅抓取结果统计:
[2026-10-04 04:58:17] 共 28 条RSS, 成功抓取 24 条.
[2026-10-04 04:58:17] ✘ 有 4 条订阅解析失败:
[2026-10-04 04:58:17] - https://wangpei.net/feed
[2026-10-04 04:58:17] - https://geekinney.com/index.xml
[2026-10-04 04:58:17] - https://tcxx.info/feed
[2026-10-04 04:58:17] - https://www.shephe.com/feed
[2026-10-04 04:58:17] ✘ 有 2 条订阅头像无法访问, 已使用默认头像:
[2026-10-04 04:58:17] - https://www.loyhome.com/feed
[2026-10-04 04:58:17] - http://feeds.feedburner.com/ruanyifeng
[2026-10-04 11:03:22] 本次订阅抓取结果统计:
[2026-10-04 11:03:22] 共 28 条RSS, 成功抓取 24 条.
[2026-10-04 11:03:22] ✘ 有 4 条订阅解析失败:
[2026-10-04 11:03:22] - https://wangpei.net/feed
[2026-10-04 11:03:22] - https://geekinney.com/index.xml
[2026-10-04 11:03:22] - https://tcxx.info/feed
[2026-10-04 11:03:22] - https://www.shephe.com/feed
[2026-10-04 11:03:22] ✘ 有 2 条订阅头像无法访问, 已使用默认头像:
[2026-10-04 11:03:22] - https://www.loyhome.com/feed
[2026-10-04 11:03:22] - http://feeds.feedburner.com/ruanyifeng
