[2026-10-03 00:15:15] 本次订阅抓取结果统计:
[2026-10-03 00:15:15] 共 28 条RSS, 成功抓取 24 条.
[2026-10-03 00:15:15] ✘ 有 4 条订阅解析失败:
[2026-10-03 00:15:15] - https://wangpei.net/feed
[2026-10-03 00:15:15] - https://www.shephe.com/feed
[2026-10-03 00:15:15] - https://tcxx.info/feed
[2026-10-03 00:15:15] - https://geekinney.com/index.xml
[2026-10-03 00:15:15] ✘ 有 3 条订阅头像无法访问, 已使用默认头像:
[2026-10-03 00:15:15] - https://hwv430.blogspot.com/feeds/posts/default
[2026-10-03 00:15:15] - https://www.loyhome.com/feed
[2026-10-03 00:15:15] - http://feeds.feedburner.com/ruanyifeng
[2026-10-03 06:11:07] 本次订阅抓取结果统计:
[2026-10-03 06:11:07] 共 28 条RSS, 成功抓取 24 条.
[2026-10-03 06:11:07] ✘ 有 4 条订阅解析失败:
[2026-10-03 06:11:07] - https://wangpei.net/feed
[2026-10-03 06:11:07] - https://geekinney.com/index.xml
[2026-10-03 06:11:07] - https://tcxx.info/feed
[2026-10-03 06:11:07] - https://www.shephe.com/feed
[2026-10-03 06:11:07] ✘ 有 3 条订阅头像无法访问, 已使用默认头像:
[2026-10-03 06:11:07] - https://hwv430.blogspot.com/feeds/posts/default
[2026-10-03 06:11:07] - https://www.loyhome.com/feed
[2026-10-03 06:11:07] - http://feeds.feedburner.com/ruanyifeng
[2026-10-03 12:19:31] 本次订阅抓取结果统计:
[2026-10-03 12:19:31] 共 28 条RSS, 成功抓取 24 条.
[2026-10-03 12:19:31] ✘ 有 4 条订阅解析失败:
[2026-10-03 12:19:31] - https://wangpei.net/feed
[2026-10-03 12:19:31] - https://geekinney.com/index.xml
[2026-10-03 12:19:31] - https://tcxx.info/feed
[2026-10-03 12:19:31] - https://www.shephe.com/feed
[2026-10-03 12:19:31] ✘ 有 2 条订阅头像无法访问, 已使用默认头像:
[2026-10-03 12:19:31] - https://www.loyhome.com/feed
[2026-10-03 12:19:31] - http://feeds.feedburner.com/ruanyifeng
