[2026-07-25 00:06:40] 本次订阅抓取结果统计:
[2026-07-25 00:06:40] 共 28 条RSS, 成功抓取 25 条.
[2026-07-25 00:06:40] ✘ 有 3 条订阅解析失败:
[2026-07-25 00:06:40] - https://geekinney.com/index.xml
[2026-07-25 00:06:40] - https://tcxx.info/feed
[2026-07-25 00:06:40] - https://www.shephe.com/feed
[2026-07-25 00:06:40] ✘ 有 2 条订阅头像无法访问, 已使用默认头像:
[2026-07-25 00:06:40] - https://www.loyhome.com/feed
[2026-07-25 00:06:40] - http://feeds.feedburner.com/ruanyifeng
[2026-07-25 04:13:28] 本次订阅抓取结果统计:
[2026-07-25 04:13:28] 共 28 条RSS, 成功抓取 24 条.
[2026-07-25 04:13:28] ✘ 有 4 条订阅解析失败:
[2026-07-25 04:13:28] - https://geekinney.com/index.xml
[2026-07-25 04:13:28] - https://tcxx.info/feed
[2026-07-25 04:13:28] - https://www.shephe.com/feed
[2026-07-25 04:13:28] - https://wangpei.net/feed
[2026-07-25 04:13:28] ✘ 有 2 条订阅头像无法访问, 已使用默认头像:
[2026-07-25 04:13:28] - https://www.loyhome.com/feed
[2026-07-25 04:13:28] - http://feeds.feedburner.com/ruanyifeng
[2026-07-25 07:20:07] 本次订阅抓取结果统计:
[2026-07-25 07:20:07] 共 28 条RSS, 成功抓取 25 条.
[2026-07-25 07:20:07] ✘ 有 3 条订阅解析失败:
[2026-07-25 07:20:07] - https://geekinney.com/index.xml
[2026-07-25 07:20:07] - https://tcxx.info/feed
[2026-07-25 07:20:07] - https://www.shephe.com/feed
[2026-07-25 07:20:07] ✘ 有 2 条订阅头像无法访问, 已使用默认头像:
[2026-07-25 07:20:07] - https://www.loyhome.com/feed
[2026-07-25 07:20:07] - http://feeds.feedburner.com/ruanyifeng
[2026-07-25 09:51:10] 本次订阅抓取结果统计:
[2026-07-25 09:51:10] 共 28 条RSS, 成功抓取 24 条.
[2026-07-25 09:51:10] ✘ 有 4 条订阅解析失败:
[2026-07-25 09:51:10] - https://geekinney.com/index.xml
[2026-07-25 09:51:10] - https://tcxx.info/feed
[2026-07-25 09:51:10] - https://tumutanzi.com/feed
[2026-07-25 09:51:10] - https://www.shephe.com/feed
[2026-07-25 09:51:10] ✘ 有 2 条订阅头像无法访问, 已使用默认头像:
[2026-07-25 09:51:10] - https://www.loyhome.com/feed
[2026-07-25 09:51:10] - http://feeds.feedburner.com/ruanyifeng
[2026-07-25 11:13:04] 本次订阅抓取结果统计:
[2026-07-25 11:13:04] 共 28 条RSS, 成功抓取 25 条.
[2026-07-25 11:13:04] ✘ 有 3 条订阅解析失败:
[2026-07-25 11:13:04] - https://geekinney.com/index.xml
[2026-07-25 11:13:04] - https://tcxx.info/feed
[2026-07-25 11:13:04] - https://www.shephe.com/feed
[2026-07-25 11:13:04] ✘ 有 2 条订阅头像无法访问, 已使用默认头像:
[2026-07-25 11:13:04] - https://www.loyhome.com/feed
[2026-07-25 11:13:04] - http://feeds.feedburner.com/ruanyifeng
