[2026-07-30 00:02:37] 本次订阅抓取结果统计:
[2026-07-30 00:02:37] 共 28 条RSS, 成功抓取 25 条.
[2026-07-30 00:02:37] ✘ 有 3 条订阅解析失败:
[2026-07-30 00:02:37] - https://geekinney.com/index.xml
[2026-07-30 00:02:37] - https://tcxx.info/feed
[2026-07-30 00:02:37] - https://www.shephe.com/feed
[2026-07-30 00:02:37] ✘ 有 3 条订阅头像无法访问, 已使用默认头像:
[2026-07-30 00:02:37] - https://hwv430.blogspot.com/feeds/posts/default
[2026-07-30 00:02:37] - https://www.loyhome.com/feed
[2026-07-30 00:02:37] - http://feeds.feedburner.com/ruanyifeng
[2026-07-30 04:07:46] 本次订阅抓取结果统计:
[2026-07-30 04:07:46] 共 28 条RSS, 成功抓取 24 条.
[2026-07-30 04:07:46] ✘ 有 4 条订阅解析失败:
[2026-07-30 04:07:46] - https://geekinney.com/index.xml
[2026-07-30 04:07:46] - https://tcxx.info/feed
[2026-07-30 04:07:46] - https://www.shephe.com/feed
[2026-07-30 04:07:46] - https://oba.by/feed
[2026-07-30 04:07:46] ✘ 有 2 条订阅头像无法访问, 已使用默认头像:
[2026-07-30 04:07:46] - https://www.loyhome.com/feed
[2026-07-30 04:07:46] - http://feeds.feedburner.com/ruanyifeng
[2026-07-30 07:35:07] 本次订阅抓取结果统计:
[2026-07-30 07:35:07] 共 28 条RSS, 成功抓取 25 条.
[2026-07-30 07:35:07] ✘ 有 3 条订阅解析失败:
[2026-07-30 07:35:07] - https://geekinney.com/index.xml
[2026-07-30 07:35:07] - https://tcxx.info/feed
[2026-07-30 07:35:07] - https://www.shephe.com/feed
[2026-07-30 07:35:07] ✘ 有 2 条订阅头像无法访问, 已使用默认头像:
[2026-07-30 07:35:07] - https://www.loyhome.com/feed
[2026-07-30 07:35:07] - http://feeds.feedburner.com/ruanyifeng
[2026-07-30 10:27:19] 本次订阅抓取结果统计:
[2026-07-30 10:27:19] 共 28 条RSS, 成功抓取 25 条.
[2026-07-30 10:27:19] ✘ 有 3 条订阅解析失败:
[2026-07-30 10:27:19] - https://geekinney.com/index.xml
[2026-07-30 10:27:19] - https://tcxx.info/feed
[2026-07-30 10:27:19] - https://www.shephe.com/feed
[2026-07-30 10:27:19] ✘ 有 2 条订阅头像无法访问, 已使用默认头像:
[2026-07-30 10:27:19] - https://www.loyhome.com/feed
[2026-07-30 10:27:19] - http://feeds.feedburner.com/ruanyifeng
[2026-07-30 12:46:34] 本次订阅抓取结果统计:
[2026-07-30 12:46:34] 共 28 条RSS, 成功抓取 25 条.
[2026-07-30 12:46:34] ✘ 有 3 条订阅解析失败:
[2026-07-30 12:46:34] - https://tcxx.info/feed
[2026-07-30 12:46:34] - https://geekinney.com/index.xml
[2026-07-30 12:46:34] - https://www.shephe.com/feed
[2026-07-30 12:46:34] ✘ 有 2 条订阅头像无法访问, 已使用默认头像:
[2026-07-30 12:46:34] - https://www.loyhome.com/feed
[2026-07-30 12:46:34] - http://feeds.feedburner.com/ruanyifeng
