[2026-09-18 04:31:20] 本次订阅抓取结果统计:
[2026-09-18 04:31:20] 共 28 条RSS, 成功抓取 24 条.
[2026-09-18 04:31:20] ✘ 有 4 条订阅解析失败:
[2026-09-18 04:31:20] - https://wangpei.net/feed
[2026-09-18 04:31:20] - https://geekinney.com/index.xml
[2026-09-18 04:31:20] - https://tcxx.info/feed
[2026-09-18 04:31:20] - https://www.shephe.com/feed
[2026-09-18 04:31:20] ✘ 有 2 条订阅头像无法访问, 已使用默认头像:
[2026-09-18 04:31:20] - https://www.loyhome.com/feed
[2026-09-18 04:31:20] - http://feeds.feedburner.com/ruanyifeng
[2026-09-18 09:29:22] 本次订阅抓取结果统计:
[2026-09-18 09:29:22] 共 28 条RSS, 成功抓取 21 条.
[2026-09-18 09:29:22] ✘ 有 7 条订阅解析失败:
[2026-09-18 09:29:22] - https://wangpei.net/feed
[2026-09-18 09:29:22] - https://geekinney.com/index.xml
[2026-09-18 09:29:22] - https://www.shephe.com/feed
[2026-09-18 09:29:22] - https://tcxx.info/feed
[2026-09-18 09:29:22] - https://oba.by/feed
[2026-09-18 09:29:22] - https://xyzbz.cn/feed
[2026-09-18 09:29:22] - https://blog.zhheo.com/rss.xml
[2026-09-18 09:29:22] ✘ 有 4 条订阅头像无法访问, 已使用默认头像:
[2026-09-18 09:29:22] - https://hwv430.blogspot.com/feeds/posts/default
[2026-09-18 09:29:22] - https://www.loyhome.com/feed
[2026-09-18 09:29:22] - http://feeds.feedburner.com/ruanyifeng
[2026-09-18 09:29:22] - https://blog.ursb.me/feed.xml
[2026-09-18 14:13:16] 本次订阅抓取结果统计:
[2026-09-18 14:13:16] 共 28 条RSS, 成功抓取 24 条.
[2026-09-18 14:13:16] ✘ 有 4 条订阅解析失败:
[2026-09-18 14:13:16] - https://wangpei.net/feed
[2026-09-18 14:13:16] - https://geekinney.com/index.xml
[2026-09-18 14:13:16] - https://tcxx.info/feed
[2026-09-18 14:13:16] - https://www.shephe.com/feed
[2026-09-18 14:13:16] ✘ 有 2 条订阅头像无法访问, 已使用默认头像:
[2026-09-18 14:13:16] - https://www.loyhome.com/feed
[2026-09-18 14:13:16] - http://feeds.feedburner.com/ruanyifeng
[2026-09-18 18:08:47] 本次订阅抓取结果统计:
[2026-09-18 18:08:47] 共 28 条RSS, 成功抓取 24 条.
[2026-09-18 18:08:47] ✘ 有 4 条订阅解析失败:
[2026-09-18 18:08:47] - https://wangpei.net/feed
[2026-09-18 18:08:47] - https://www.shephe.com/feed
[2026-09-18 18:08:47] - https://geekinney.com/index.xml
[2026-09-18 18:08:47] - https://tcxx.info/feed
[2026-09-18 18:08:47] ✘ 有 3 条订阅头像无法访问, 已使用默认头像:
[2026-09-18 18:08:47] - https://hwv430.blogspot.com/feeds/posts/default
[2026-09-18 18:08:47] - https://www.loyhome.com/feed
[2026-09-18 18:08:47] - http://feeds.feedburner.com/ruanyifeng
