[2026-09-11 00:57:08] 本次订阅抓取结果统计:
[2026-09-11 00:57:08] 共 28 条RSS, 成功抓取 24 条.
[2026-09-11 00:57:08] ✘ 有 4 条订阅解析失败:
[2026-09-11 00:57:08] - https://wangpei.net/feed
[2026-09-11 00:57:08] - https://geekinney.com/index.xml
[2026-09-11 00:57:08] - https://tcxx.info/feed
[2026-09-11 00:57:08] - https://www.shephe.com/feed
[2026-09-11 00:57:08] ✘ 有 3 条订阅头像无法访问, 已使用默认头像:
[2026-09-11 00:57:08] - https://hwv430.blogspot.com/feeds/posts/default
[2026-09-11 00:57:08] - http://feeds.feedburner.com/ruanyifeng
[2026-09-11 00:57:08] - https://www.loyhome.com/feed
[2026-09-11 05:46:50] 本次订阅抓取结果统计:
[2026-09-11 05:46:50] 共 28 条RSS, 成功抓取 24 条.
[2026-09-11 05:46:50] ✘ 有 4 条订阅解析失败:
[2026-09-11 05:46:50] - https://wangpei.net/feed
[2026-09-11 05:46:50] - https://geekinney.com/index.xml
[2026-09-11 05:46:50] - https://tcxx.info/feed
[2026-09-11 05:46:50] - https://www.shephe.com/feed
[2026-09-11 05:46:50] ✘ 有 3 条订阅头像无法访问, 已使用默认头像:
[2026-09-11 05:46:50] - https://hwv430.blogspot.com/feeds/posts/default
[2026-09-11 05:46:50] - https://www.loyhome.com/feed
[2026-09-11 05:46:50] - http://feeds.feedburner.com/ruanyifeng
[2026-09-11 10:51:40] 本次订阅抓取结果统计:
[2026-09-11 10:51:40] 共 28 条RSS, 成功抓取 24 条.
[2026-09-11 10:51:40] ✘ 有 4 条订阅解析失败:
[2026-09-11 10:51:40] - https://wangpei.net/feed
[2026-09-11 10:51:40] - https://geekinney.com/index.xml
[2026-09-11 10:51:40] - https://tcxx.info/feed
[2026-09-11 10:51:40] - https://www.shephe.com/feed
[2026-09-11 10:51:40] ✘ 有 3 条订阅头像无法访问, 已使用默认头像:
[2026-09-11 10:51:40] - https://hwv430.blogspot.com/feeds/posts/default
[2026-09-11 10:51:40] - https://www.loyhome.com/feed
[2026-09-11 10:51:40] - http://feeds.feedburner.com/ruanyifeng
[2026-09-11 14:54:04] 本次订阅抓取结果统计:
[2026-09-11 14:54:04] 共 28 条RSS, 成功抓取 24 条.
[2026-09-11 14:54:04] ✘ 有 4 条订阅解析失败:
[2026-09-11 14:54:04] - https://wangpei.net/feed
[2026-09-11 14:54:04] - https://tcxx.info/feed
[2026-09-11 14:54:04] - https://geekinney.com/index.xml
[2026-09-11 14:54:04] - https://www.shephe.com/feed
[2026-09-11 14:54:04] ✘ 有 2 条订阅头像无法访问, 已使用默认头像:
[2026-09-11 14:54:04] - https://www.loyhome.com/feed
[2026-09-11 14:54:04] - http://feeds.feedburner.com/ruanyifeng
[2026-09-11 18:15:37] 本次订阅抓取结果统计:
[2026-09-11 18:15:37] 共 28 条RSS, 成功抓取 24 条.
[2026-09-11 18:15:37] ✘ 有 4 条订阅解析失败:
[2026-09-11 18:15:37] - https://wangpei.net/feed
[2026-09-11 18:15:37] - https://geekinney.com/index.xml
[2026-09-11 18:15:37] - https://www.shephe.com/feed
[2026-09-11 18:15:37] - https://tcxx.info/feed
[2026-09-11 18:15:37] ✘ 有 2 条订阅头像无法访问, 已使用默认头像:
[2026-09-11 18:15:37] - https://www.loyhome.com/feed
[2026-09-11 18:15:37] - http://feeds.feedburner.com/ruanyifeng
[2026-09-11 21:35:28] 本次订阅抓取结果统计:
[2026-09-11 21:35:28] 共 28 条RSS, 成功抓取 24 条.
[2026-09-11 21:35:28] ✘ 有 4 条订阅解析失败:
[2026-09-11 21:35:28] - https://wangpei.net/feed
[2026-09-11 21:35:28] - https://geekinney.com/index.xml
[2026-09-11 21:35:28] - https://www.shephe.com/feed
[2026-09-11 21:35:28] - https://tcxx.info/feed
[2026-09-11 21:35:28] ✘ 有 2 条订阅头像无法访问, 已使用默认头像:
[2026-09-11 21:35:28] - http://feeds.feedburner.com/ruanyifeng
[2026-09-11 21:35:28] - https://www.loyhome.com/feed
[2026-09-11 23:57:56] 本次订阅抓取结果统计:
[2026-09-11 23:57:56] 共 28 条RSS, 成功抓取 24 条.
[2026-09-11 23:57:56] ✘ 有 4 条订阅解析失败:
[2026-09-11 23:57:56] - https://wangpei.net/feed
[2026-09-11 23:57:56] - https://geekinney.com/index.xml
[2026-09-11 23:57:56] - https://tcxx.info/feed
[2026-09-11 23:57:56] - https://www.shephe.com/feed
[2026-09-11 23:57:56] ✘ 有 3 条订阅头像无法访问, 已使用默认头像:
[2026-09-11 23:57:56] - https://hwv430.blogspot.com/feeds/posts/default
[2026-09-11 23:57:56] - https://www.loyhome.com/feed
[2026-09-11 23:57:56] - http://feeds.feedburner.com/ruanyifeng
