[2026-09-30 00:08:11] 本次订阅抓取结果统计:
[2026-09-30 00:08:11] 共 28 条RSS, 成功抓取 24 条.
[2026-09-30 00:08:11] ✘ 有 4 条订阅解析失败:
[2026-09-30 00:08:11] - https://wangpei.net/feed
[2026-09-30 00:08:11] - https://geekinney.com/index.xml
[2026-09-30 00:08:11] - https://tcxx.info/feed
[2026-09-30 00:08:11] - https://www.shephe.com/feed
[2026-09-30 00:08:11] ✘ 有 3 条订阅头像无法访问, 已使用默认头像:
[2026-09-30 00:08:11] - https://hwv430.blogspot.com/feeds/posts/default
[2026-09-30 00:08:11] - https://www.loyhome.com/feed
[2026-09-30 00:08:11] - http://feeds.feedburner.com/ruanyifeng
[2026-09-30 06:23:50] 本次订阅抓取结果统计:
[2026-09-30 06:23:50] 共 28 条RSS, 成功抓取 24 条.
[2026-09-30 06:23:50] ✘ 有 4 条订阅解析失败:
[2026-09-30 06:23:50] - https://wangpei.net/feed
[2026-09-30 06:23:50] - https://www.shephe.com/feed
[2026-09-30 06:23:50] - https://geekinney.com/index.xml
[2026-09-30 06:23:50] - https://tcxx.info/feed
[2026-09-30 06:23:50] ✘ 有 3 条订阅头像无法访问, 已使用默认头像:
[2026-09-30 06:23:50] - http://feeds.feedburner.com/ruanyifeng
[2026-09-30 06:23:50] - https://www.loyhome.com/feed
[2026-09-30 06:23:50] - https://xyzbz.cn/feed
[2026-09-30 13:25:30] 本次订阅抓取结果统计:
[2026-09-30 13:25:30] 共 28 条RSS, 成功抓取 24 条.
[2026-09-30 13:25:30] ✘ 有 4 条订阅解析失败:
[2026-09-30 13:25:30] - https://wangpei.net/feed
[2026-09-30 13:25:30] - https://www.shephe.com/feed
[2026-09-30 13:25:30] - https://geekinney.com/index.xml
[2026-09-30 13:25:30] - https://tcxx.info/feed
[2026-09-30 13:25:30] ✘ 有 3 条订阅头像无法访问, 已使用默认头像:
[2026-09-30 13:25:30] - https://hwv430.blogspot.com/feeds/posts/default
[2026-09-30 13:25:30] - https://www.loyhome.com/feed
[2026-09-30 13:25:30] - http://feeds.feedburner.com/ruanyifeng
[2026-09-30 18:54:39] 本次订阅抓取结果统计:
[2026-09-30 18:54:39] 共 28 条RSS, 成功抓取 24 条.
[2026-09-30 18:54:39] ✘ 有 4 条订阅解析失败:
[2026-09-30 18:54:39] - https://wangpei.net/feed
[2026-09-30 18:54:39] - https://geekinney.com/index.xml
[2026-09-30 18:54:39] - https://tcxx.info/feed
[2026-09-30 18:54:39] - https://www.shephe.com/feed
[2026-09-30 18:54:39] ✘ 有 4 条订阅头像无法访问, 已使用默认头像:
[2026-09-30 18:54:39] - https://hwv430.blogspot.com/feeds/posts/default
[2026-09-30 18:54:39] - https://www.loyhome.com/feed
[2026-09-30 18:54:39] - http://feeds.feedburner.com/ruanyifeng
[2026-09-30 18:54:39] - https://xyzbz.cn/feed
[2026-09-30 22:51:53] 本次订阅抓取结果统计:
[2026-09-30 22:51:53] 共 28 条RSS, 成功抓取 24 条.
[2026-09-30 22:51:53] ✘ 有 4 条订阅解析失败:
[2026-09-30 22:51:53] - https://wangpei.net/feed
[2026-09-30 22:51:53] - https://geekinney.com/index.xml
[2026-09-30 22:51:53] - https://tcxx.info/feed
[2026-09-30 22:51:53] - https://www.shephe.com/feed
[2026-09-30 22:51:53] ✘ 有 3 条订阅头像无法访问, 已使用默认头像:
[2026-09-30 22:51:53] - https://hwv430.blogspot.com/feeds/posts/default
[2026-09-30 22:51:53] - https://www.loyhome.com/feed
[2026-09-30 22:51:53] - http://feeds.feedburner.com/ruanyifeng
