[2026-09-12 04:22:15] 本次订阅抓取结果统计:
[2026-09-12 04:22:15] 共 28 条RSS, 成功抓取 24 条.
[2026-09-12 04:22:15] ✘ 有 4 条订阅解析失败:
[2026-09-12 04:22:15] - https://wangpei.net/feed
[2026-09-12 04:22:15] - https://tcxx.info/feed
[2026-09-12 04:22:15] - https://geekinney.com/index.xml
[2026-09-12 04:22:15] - https://www.shephe.com/feed
[2026-09-12 04:22:15] ✘ 有 3 条订阅头像无法访问, 已使用默认头像:
[2026-09-12 04:22:15] - https://hwv430.blogspot.com/feeds/posts/default
[2026-09-12 04:22:15] - https://www.loyhome.com/feed
[2026-09-12 04:22:15] - http://feeds.feedburner.com/ruanyifeng
[2026-09-12 09:05:16] 本次订阅抓取结果统计:
[2026-09-12 09:05:16] 共 28 条RSS, 成功抓取 24 条.
[2026-09-12 09:05:16] ✘ 有 4 条订阅解析失败:
[2026-09-12 09:05:16] - https://wangpei.net/feed
[2026-09-12 09:05:16] - https://tcxx.info/feed
[2026-09-12 09:05:16] - https://geekinney.com/index.xml
[2026-09-12 09:05:16] - https://www.shephe.com/feed
[2026-09-12 09:05:16] ✘ 有 2 条订阅头像无法访问, 已使用默认头像:
[2026-09-12 09:05:16] - https://www.loyhome.com/feed
[2026-09-12 09:05:16] - http://feeds.feedburner.com/ruanyifeng
[2026-09-12 13:25:30] 本次订阅抓取结果统计:
[2026-09-12 13:25:30] 共 28 条RSS, 成功抓取 24 条.
[2026-09-12 13:25:30] ✘ 有 4 条订阅解析失败:
[2026-09-12 13:25:30] - https://wangpei.net/feed
[2026-09-12 13:25:30] - https://geekinney.com/index.xml
[2026-09-12 13:25:30] - https://www.shephe.com/feed
[2026-09-12 13:25:30] - https://tcxx.info/feed
[2026-09-12 13:25:30] ✘ 有 3 条订阅头像无法访问, 已使用默认头像:
[2026-09-12 13:25:30] - https://www.loyhome.com/feed
[2026-09-12 13:25:30] - http://feeds.feedburner.com/ruanyifeng
[2026-09-12 13:25:30] - https://oba.by/feed
