[2026-10-06 00:40:05] 本次订阅抓取结果统计:
[2026-10-06 00:40:05] 共 28 条RSS, 成功抓取 24 条.
[2026-10-06 00:40:05] ✘ 有 4 条订阅解析失败:
[2026-10-06 00:40:05] - https://wangpei.net/feed
[2026-10-06 00:40:05] - https://tcxx.info/feed
[2026-10-06 00:40:05] - https://geekinney.com/index.xml
[2026-10-06 00:40:05] - https://www.shephe.com/feed
[2026-10-06 00:40:05] ✘ 有 3 条订阅头像无法访问, 已使用默认头像:
[2026-10-06 00:40:05] - https://hwv430.blogspot.com/feeds/posts/default
[2026-10-06 00:40:05] - https://www.loyhome.com/feed
[2026-10-06 00:40:05] - http://feeds.feedburner.com/ruanyifeng
[2026-10-06 07:19:49] 本次订阅抓取结果统计:
[2026-10-06 07:19:49] 共 28 条RSS, 成功抓取 24 条.
[2026-10-06 07:19:49] ✘ 有 4 条订阅解析失败:
[2026-10-06 07:19:49] - https://wangpei.net/feed
[2026-10-06 07:19:49] - https://geekinney.com/index.xml
[2026-10-06 07:19:49] - https://tcxx.info/feed
[2026-10-06 07:19:49] - https://www.shephe.com/feed
[2026-10-06 07:19:49] ✘ 有 3 条订阅头像无法访问, 已使用默认头像:
[2026-10-06 07:19:49] - https://hwv430.blogspot.com/feeds/posts/default
[2026-10-06 07:19:49] - https://www.loyhome.com/feed
[2026-10-06 07:19:49] - http://feeds.feedburner.com/ruanyifeng
[2026-10-06 14:52:45] 本次订阅抓取结果统计:
[2026-10-06 14:52:45] 共 28 条RSS, 成功抓取 24 条.
[2026-10-06 14:52:45] ✘ 有 4 条订阅解析失败:
[2026-10-06 14:52:45] - https://wangpei.net/feed
[2026-10-06 14:52:45] - https://geekinney.com/index.xml
[2026-10-06 14:52:45] - https://tcxx.info/feed
[2026-10-06 14:52:45] - https://www.shephe.com/feed
[2026-10-06 14:52:45] ✘ 有 2 条订阅头像无法访问, 已使用默认头像:
[2026-10-06 14:52:45] - https://www.loyhome.com/feed
[2026-10-06 14:52:45] - http://feeds.feedburner.com/ruanyifeng
