[2026-09-04 03:36:14] 本次订阅抓取结果统计:
[2026-09-04 03:36:14] 共 28 条RSS, 成功抓取 25 条.
[2026-09-04 03:36:14] ✘ 有 3 条订阅解析失败:
[2026-09-04 03:36:14] - https://geekinney.com/index.xml
[2026-09-04 03:36:14] - https://tcxx.info/feed
[2026-09-04 03:36:14] - https://www.shephe.com/feed
[2026-09-04 03:36:14] ✘ 有 2 条订阅头像无法访问, 已使用默认头像:
[2026-09-04 03:36:14] - https://www.loyhome.com/feed
[2026-09-04 03:36:14] - http://feeds.feedburner.com/ruanyifeng
[2026-09-04 08:37:42] 本次订阅抓取结果统计:
[2026-09-04 08:37:42] 共 28 条RSS, 成功抓取 24 条.
[2026-09-04 08:37:42] ✘ 有 4 条订阅解析失败:
[2026-09-04 08:37:42] - https://wangpei.net/feed
[2026-09-04 08:37:42] - https://tcxx.info/feed
[2026-09-04 08:37:42] - https://geekinney.com/index.xml
[2026-09-04 08:37:42] - https://www.shephe.com/feed
[2026-09-04 08:37:42] ✘ 有 2 条订阅头像无法访问, 已使用默认头像:
[2026-09-04 08:37:42] - https://www.loyhome.com/feed
[2026-09-04 08:37:42] - http://feeds.feedburner.com/ruanyifeng
[2026-09-04 13:16:58] 本次订阅抓取结果统计:
[2026-09-04 13:16:58] 共 28 条RSS, 成功抓取 23 条.
[2026-09-04 13:16:58] ✘ 有 5 条订阅解析失败:
[2026-09-04 13:16:58] - https://wangpei.net/feed
[2026-09-04 13:16:58] - https://geekinney.com/index.xml
[2026-09-04 13:16:58] - https://tcxx.info/feed
[2026-09-04 13:16:58] - https://www.shephe.com/feed
[2026-09-04 13:16:58] - https://www.loyhome.com/feed
[2026-09-04 13:16:58] ✘ 有 1 条订阅头像无法访问, 已使用默认头像:
[2026-09-04 13:16:58] - http://feeds.feedburner.com/ruanyifeng
[2026-09-04 17:27:11] 本次订阅抓取结果统计:
[2026-09-04 17:27:11] 共 28 条RSS, 成功抓取 24 条.
[2026-09-04 17:27:11] ✘ 有 4 条订阅解析失败:
[2026-09-04 17:27:11] - https://wangpei.net/feed
[2026-09-04 17:27:11] - https://tcxx.info/feed
[2026-09-04 17:27:11] - https://geekinney.com/index.xml
[2026-09-04 17:27:11] - https://www.shephe.com/feed
[2026-09-04 17:27:11] ✘ 有 2 条订阅头像无法访问, 已使用默认头像:
[2026-09-04 17:27:11] - https://www.loyhome.com/feed
[2026-09-04 17:27:11] - http://feeds.feedburner.com/ruanyifeng
