[2026-09-05 00:42:35] 本次订阅抓取结果统计:
[2026-09-05 00:42:35] 共 28 条RSS, 成功抓取 23 条.
[2026-09-05 00:42:35] ✘ 有 5 条订阅解析失败:
[2026-09-05 00:42:35] - https://wangpei.net/feed
[2026-09-05 00:42:35] - https://geekinney.com/index.xml
[2026-09-05 00:42:35] - https://tcxx.info/feed
[2026-09-05 00:42:35] - https://www.shephe.com/feed
[2026-09-05 00:42:35] - https://tumutanzi.com/feed
[2026-09-05 00:42:35] ✘ 有 2 条订阅头像无法访问, 已使用默认头像:
[2026-09-05 00:42:35] - http://feeds.feedburner.com/ruanyifeng
[2026-09-05 00:42:35] - https://www.loyhome.com/feed
[2026-09-05 05:23:17] 本次订阅抓取结果统计:
[2026-09-05 05:23:17] 共 28 条RSS, 成功抓取 24 条.
[2026-09-05 05:23:17] ✘ 有 4 条订阅解析失败:
[2026-09-05 05:23:17] - https://wangpei.net/feed
[2026-09-05 05:23:17] - https://geekinney.com/index.xml
[2026-09-05 05:23:17] - https://tcxx.info/feed
[2026-09-05 05:23:17] - https://www.shephe.com/feed
[2026-09-05 05:23:17] ✘ 有 3 条订阅头像无法访问, 已使用默认头像:
[2026-09-05 05:23:17] - https://hwv430.blogspot.com/feeds/posts/default
[2026-09-05 05:23:17] - https://www.loyhome.com/feed
[2026-09-05 05:23:17] - http://feeds.feedburner.com/ruanyifeng
[2026-09-05 10:12:23] 本次订阅抓取结果统计:
[2026-09-05 10:12:23] 共 28 条RSS, 成功抓取 23 条.
[2026-09-05 10:12:23] ✘ 有 5 条订阅解析失败:
[2026-09-05 10:12:23] - https://wangpei.net/feed
[2026-09-05 10:12:23] - https://geekinney.com/index.xml
[2026-09-05 10:12:23] - https://www.shephe.com/feed
[2026-09-05 10:12:23] - https://tcxx.info/feed
[2026-09-05 10:12:23] - https://tumutanzi.com/feed
[2026-09-05 10:12:23] ✘ 有 2 条订阅头像无法访问, 已使用默认头像:
[2026-09-05 10:12:23] - https://www.loyhome.com/feed
[2026-09-05 10:12:23] - http://feeds.feedburner.com/ruanyifeng
[2026-09-05 13:44:44] 本次订阅抓取结果统计:
[2026-09-05 13:44:44] 共 28 条RSS, 成功抓取 24 条.
[2026-09-05 13:44:44] ✘ 有 4 条订阅解析失败:
[2026-09-05 13:44:44] - https://wangpei.net/feed
[2026-09-05 13:44:44] - https://geekinney.com/index.xml
[2026-09-05 13:44:44] - https://tcxx.info/feed
[2026-09-05 13:44:44] - https://www.shephe.com/feed
[2026-09-05 13:44:44] ✘ 有 2 条订阅头像无法访问, 已使用默认头像:
[2026-09-05 13:44:44] - https://www.loyhome.com/feed
[2026-09-05 13:44:44] - http://feeds.feedburner.com/ruanyifeng
[2026-09-05 16:38:24] 本次订阅抓取结果统计:
[2026-09-05 16:38:24] 共 28 条RSS, 成功抓取 24 条.
[2026-09-05 16:38:24] ✘ 有 4 条订阅解析失败:
[2026-09-05 16:38:24] - https://wangpei.net/feed
[2026-09-05 16:38:24] - https://geekinney.com/index.xml
[2026-09-05 16:38:24] - https://tcxx.info/feed
[2026-09-05 16:38:24] - https://www.shephe.com/feed
[2026-09-05 16:38:24] ✘ 有 2 条订阅头像无法访问, 已使用默认头像:
[2026-09-05 16:38:24] - https://www.loyhome.com/feed
[2026-09-05 16:38:24] - http://feeds.feedburner.com/ruanyifeng
[2026-09-05 18:52:23] 本次订阅抓取结果统计:
[2026-09-05 18:52:23] 共 28 条RSS, 成功抓取 24 条.
[2026-09-05 18:52:23] ✘ 有 4 条订阅解析失败:
[2026-09-05 18:52:23] - https://wangpei.net/feed
[2026-09-05 18:52:23] - https://geekinney.com/index.xml
[2026-09-05 18:52:23] - https://tcxx.info/feed
[2026-09-05 18:52:23] - https://www.shephe.com/feed
[2026-09-05 18:52:23] ✘ 有 2 条订阅头像无法访问, 已使用默认头像:
[2026-09-05 18:52:23] - https://www.loyhome.com/feed
[2026-09-05 18:52:23] - http://feeds.feedburner.com/ruanyifeng
[2026-09-05 21:00:01] 本次订阅抓取结果统计:
[2026-09-05 21:00:01] 共 28 条RSS, 成功抓取 24 条.
[2026-09-05 21:00:01] ✘ 有 4 条订阅解析失败:
[2026-09-05 21:00:01] - https://wangpei.net/feed
[2026-09-05 21:00:01] - https://geekinney.com/index.xml
[2026-09-05 21:00:01] - https://www.shephe.com/feed
[2026-09-05 21:00:01] - https://tcxx.info/feed
[2026-09-05 21:00:01] ✘ 有 2 条订阅头像无法访问, 已使用默认头像:
[2026-09-05 21:00:01] - https://www.loyhome.com/feed
[2026-09-05 21:00:01] - http://feeds.feedburner.com/ruanyifeng
