[2026-08-23 01:34:58] 本次订阅抓取结果统计:
[2026-08-23 01:34:58] 共 28 条RSS, 成功抓取 25 条.
[2026-08-23 01:34:58] ✘ 有 3 条订阅解析失败:
[2026-08-23 01:34:58] - https://geekinney.com/index.xml
[2026-08-23 01:34:58] - https://www.shephe.com/feed
[2026-08-23 01:34:58] - https://tcxx.info/feed
[2026-08-23 01:34:58] ✘ 有 2 条订阅头像无法访问, 已使用默认头像:
[2026-08-23 01:34:58] - http://feeds.feedburner.com/ruanyifeng
[2026-08-23 01:34:58] - https://www.loyhome.com/feed
[2026-08-23 03:04:46] 本次订阅抓取结果统计:
[2026-08-23 03:04:46] 共 28 条RSS, 成功抓取 25 条.
[2026-08-23 03:04:46] ✘ 有 3 条订阅解析失败:
[2026-08-23 03:04:46] - https://geekinney.com/index.xml
[2026-08-23 03:04:46] - https://tcxx.info/feed
[2026-08-23 03:04:46] - https://www.shephe.com/feed
[2026-08-23 03:04:46] ✘ 有 2 条订阅头像无法访问, 已使用默认头像:
[2026-08-23 03:04:46] - https://www.loyhome.com/feed
[2026-08-23 03:04:46] - http://feeds.feedburner.com/ruanyifeng
[2026-08-23 04:39:47] 本次订阅抓取结果统计:
[2026-08-23 04:39:47] 共 28 条RSS, 成功抓取 25 条.
[2026-08-23 04:39:47] ✘ 有 3 条订阅解析失败:
[2026-08-23 04:39:47] - https://tcxx.info/feed
[2026-08-23 04:39:47] - https://geekinney.com/index.xml
[2026-08-23 04:39:47] - https://www.shephe.com/feed
[2026-08-23 04:39:47] ✘ 有 2 条订阅头像无法访问, 已使用默认头像:
[2026-08-23 04:39:47] - https://www.loyhome.com/feed
[2026-08-23 04:39:47] - http://feeds.feedburner.com/ruanyifeng
[2026-08-23 05:31:43] 本次订阅抓取结果统计:
[2026-08-23 05:31:43] 共 28 条RSS, 成功抓取 25 条.
[2026-08-23 05:31:43] ✘ 有 3 条订阅解析失败:
[2026-08-23 05:31:43] - https://geekinney.com/index.xml
[2026-08-23 05:31:43] - https://tcxx.info/feed
[2026-08-23 05:31:43] - https://www.shephe.com/feed
[2026-08-23 05:31:43] ✘ 有 2 条订阅头像无法访问, 已使用默认头像:
[2026-08-23 05:31:43] - https://www.loyhome.com/feed
[2026-08-23 05:31:43] - http://feeds.feedburner.com/ruanyifeng
[2026-08-23 06:44:52] 本次订阅抓取结果统计:
[2026-08-23 06:44:52] 共 28 条RSS, 成功抓取 25 条.
[2026-08-23 06:44:52] ✘ 有 3 条订阅解析失败:
[2026-08-23 06:44:52] - https://geekinney.com/index.xml
[2026-08-23 06:44:52] - https://tcxx.info/feed
[2026-08-23 06:44:52] - https://www.shephe.com/feed
[2026-08-23 06:44:52] ✘ 有 3 条订阅头像无法访问, 已使用默认头像:
[2026-08-23 06:44:52] - https://hwv430.blogspot.com/feeds/posts/default
[2026-08-23 06:44:52] - https://www.loyhome.com/feed
[2026-08-23 06:44:52] - http://feeds.feedburner.com/ruanyifeng
