[2026-08-06 02:47:18] 本次订阅抓取结果统计:
[2026-08-06 02:47:18] 共 28 条RSS, 成功抓取 25 条.
[2026-08-06 02:47:18] ✘ 有 3 条订阅解析失败:
[2026-08-06 02:47:18] - https://geekinney.com/index.xml
[2026-08-06 02:47:18] - https://tcxx.info/feed
[2026-08-06 02:47:18] - https://www.shephe.com/feed
[2026-08-06 02:47:18] ✘ 有 3 条订阅头像无法访问, 已使用默认头像:
[2026-08-06 02:47:18] - https://hwv430.blogspot.com/feeds/posts/default
[2026-08-06 02:47:18] - http://feeds.feedburner.com/ruanyifeng
[2026-08-06 02:47:18] - https://www.loyhome.com/feed
[2026-08-06 05:51:53] 本次订阅抓取结果统计:
[2026-08-06 05:51:53] 共 28 条RSS, 成功抓取 25 条.
[2026-08-06 05:51:53] ✘ 有 3 条订阅解析失败:
[2026-08-06 05:51:53] - https://tcxx.info/feed
[2026-08-06 05:51:53] - https://geekinney.com/index.xml
[2026-08-06 05:51:53] - https://www.shephe.com/feed
[2026-08-06 05:51:53] ✘ 有 3 条订阅头像无法访问, 已使用默认头像:
[2026-08-06 05:51:53] - https://hwv430.blogspot.com/feeds/posts/default
[2026-08-06 05:51:53] - https://www.loyhome.com/feed
[2026-08-06 05:51:53] - http://feeds.feedburner.com/ruanyifeng
[2026-08-06 08:40:43] 本次订阅抓取结果统计:
[2026-08-06 08:40:43] 共 28 条RSS, 成功抓取 25 条.
[2026-08-06 08:40:43] ✘ 有 3 条订阅解析失败:
[2026-08-06 08:40:43] - https://geekinney.com/index.xml
[2026-08-06 08:40:43] - https://tcxx.info/feed
[2026-08-06 08:40:43] - https://www.shephe.com/feed
[2026-08-06 08:40:43] ✘ 有 3 条订阅头像无法访问, 已使用默认头像:
[2026-08-06 08:40:43] - https://hwv430.blogspot.com/feeds/posts/default
[2026-08-06 08:40:43] - https://www.loyhome.com/feed
[2026-08-06 08:40:43] - http://feeds.feedburner.com/ruanyifeng
[2026-08-06 11:25:12] 本次订阅抓取结果统计:
[2026-08-06 11:25:12] 共 28 条RSS, 成功抓取 25 条.
[2026-08-06 11:25:12] ✘ 有 3 条订阅解析失败:
[2026-08-06 11:25:12] - https://geekinney.com/index.xml
[2026-08-06 11:25:12] - https://tcxx.info/feed
[2026-08-06 11:25:12] - https://www.shephe.com/feed
[2026-08-06 11:25:12] ✘ 有 2 条订阅头像无法访问, 已使用默认头像:
[2026-08-06 11:25:12] - https://www.loyhome.com/feed
[2026-08-06 11:25:12] - http://feeds.feedburner.com/ruanyifeng
[2026-08-06 14:18:54] 本次订阅抓取结果统计:
[2026-08-06 14:18:54] 共 28 条RSS, 成功抓取 25 条.
[2026-08-06 14:18:54] ✘ 有 3 条订阅解析失败:
[2026-08-06 14:18:54] - https://geekinney.com/index.xml
[2026-08-06 14:18:54] - https://tcxx.info/feed
[2026-08-06 14:18:54] - https://www.shephe.com/feed
[2026-08-06 14:18:54] ✘ 有 2 条订阅头像无法访问, 已使用默认头像:
[2026-08-06 14:18:54] - http://feeds.feedburner.com/ruanyifeng
[2026-08-06 14:18:54] - https://www.loyhome.com/feed
