[2026-08-18 01:21:35] 本次订阅抓取结果统计:
[2026-08-18 01:21:35] 共 28 条RSS, 成功抓取 25 条.
[2026-08-18 01:21:35] ✘ 有 3 条订阅解析失败:
[2026-08-18 01:21:35] - https://geekinney.com/index.xml
[2026-08-18 01:21:35] - https://tcxx.info/feed
[2026-08-18 01:21:35] - https://www.shephe.com/feed
[2026-08-18 01:21:35] ✘ 有 2 条订阅头像无法访问, 已使用默认头像:
[2026-08-18 01:21:35] - https://www.loyhome.com/feed
[2026-08-18 01:21:35] - http://feeds.feedburner.com/ruanyifeng
[2026-08-18 02:57:44] 本次订阅抓取结果统计:
[2026-08-18 02:57:44] 共 28 条RSS, 成功抓取 25 条.
[2026-08-18 02:57:44] ✘ 有 3 条订阅解析失败:
[2026-08-18 02:57:44] - https://geekinney.com/index.xml
[2026-08-18 02:57:44] - https://tcxx.info/feed
[2026-08-18 02:57:44] - https://www.shephe.com/feed
[2026-08-18 02:57:44] ✘ 有 3 条订阅头像无法访问, 已使用默认头像:
[2026-08-18 02:57:44] - https://hwv430.blogspot.com/feeds/posts/default
[2026-08-18 02:57:44] - https://www.loyhome.com/feed
[2026-08-18 02:57:44] - http://feeds.feedburner.com/ruanyifeng
[2026-08-18 03:50:33] 本次订阅抓取结果统计:
[2026-08-18 03:50:33] 共 28 条RSS, 成功抓取 25 条.
[2026-08-18 03:50:33] ✘ 有 3 条订阅解析失败:
[2026-08-18 03:50:33] - https://geekinney.com/index.xml
[2026-08-18 03:50:33] - https://www.shephe.com/feed
[2026-08-18 03:50:33] - https://tcxx.info/feed
[2026-08-18 03:50:33] ✘ 有 3 条订阅头像无法访问, 已使用默认头像:
[2026-08-18 03:50:33] - https://hwv430.blogspot.com/feeds/posts/default
[2026-08-18 03:50:33] - https://www.loyhome.com/feed
[2026-08-18 03:50:33] - http://feeds.feedburner.com/ruanyifeng
