[2026-09-26 01:17:17] 本次订阅抓取结果统计:
[2026-09-26 01:17:17] 共 28 条RSS, 成功抓取 24 条.
[2026-09-26 01:17:17] ✘ 有 4 条订阅解析失败:
[2026-09-26 01:17:17] - https://wangpei.net/feed
[2026-09-26 01:17:17] - https://www.shephe.com/feed
[2026-09-26 01:17:17] - https://geekinney.com/index.xml
[2026-09-26 01:17:17] - https://tcxx.info/feed
[2026-09-26 01:17:17] ✘ 有 2 条订阅头像无法访问, 已使用默认头像:
[2026-09-26 01:17:17] - https://www.loyhome.com/feed
[2026-09-26 01:17:17] - http://feeds.feedburner.com/ruanyifeng
[2026-09-26 07:15:56] 本次订阅抓取结果统计:
[2026-09-26 07:15:56] 共 28 条RSS, 成功抓取 24 条.
[2026-09-26 07:15:56] ✘ 有 4 条订阅解析失败:
[2026-09-26 07:15:56] - https://wangpei.net/feed
[2026-09-26 07:15:56] - https://geekinney.com/index.xml
[2026-09-26 07:15:56] - https://tcxx.info/feed
[2026-09-26 07:15:56] - https://www.shephe.com/feed
[2026-09-26 07:15:56] ✘ 有 3 条订阅头像无法访问, 已使用默认头像:
[2026-09-26 07:15:56] - https://www.loyhome.com/feed
[2026-09-26 07:15:56] - http://feeds.feedburner.com/ruanyifeng
[2026-09-26 07:15:56] - https://xyzbz.cn/feed
