[2026-07-31 03:17:48] 本次订阅抓取结果统计:
[2026-07-31 03:17:48] 共 28 条RSS, 成功抓取 25 条.
[2026-07-31 03:17:48] ✘ 有 3 条订阅解析失败:
[2026-07-31 03:17:48] - https://geekinney.com/index.xml
[2026-07-31 03:17:48] - https://tcxx.info/feed
[2026-07-31 03:17:48] - https://www.shephe.com/feed
[2026-07-31 03:17:48] ✘ 有 2 条订阅头像无法访问, 已使用默认头像:
[2026-07-31 03:17:48] - https://www.loyhome.com/feed
[2026-07-31 03:17:48] - http://feeds.feedburner.com/ruanyifeng
[2026-07-31 06:46:29] 本次订阅抓取结果统计:
[2026-07-31 06:46:29] 共 28 条RSS, 成功抓取 25 条.
[2026-07-31 06:46:29] ✘ 有 3 条订阅解析失败:
[2026-07-31 06:46:29] - https://tcxx.info/feed
[2026-07-31 06:46:29] - https://geekinney.com/index.xml
[2026-07-31 06:46:29] - https://www.shephe.com/feed
[2026-07-31 06:46:29] ✘ 有 3 条订阅头像无法访问, 已使用默认头像:
[2026-07-31 06:46:29] - https://hwv430.blogspot.com/feeds/posts/default
[2026-07-31 06:46:29] - https://www.loyhome.com/feed
[2026-07-31 06:46:29] - http://feeds.feedburner.com/ruanyifeng
[2026-07-31 09:46:56] 本次订阅抓取结果统计:
[2026-07-31 09:46:56] 共 28 条RSS, 成功抓取 24 条.
[2026-07-31 09:46:56] ✘ 有 4 条订阅解析失败:
[2026-07-31 09:46:56] - https://geekinney.com/index.xml
[2026-07-31 09:46:56] - https://tcxx.info/feed
[2026-07-31 09:46:56] - https://www.shephe.com/feed
[2026-07-31 09:46:56] - https://tumutanzi.com/feed
[2026-07-31 09:46:56] ✘ 有 3 条订阅头像无法访问, 已使用默认头像:
[2026-07-31 09:46:56] - https://hwv430.blogspot.com/feeds/posts/default
[2026-07-31 09:46:56] - https://www.loyhome.com/feed
[2026-07-31 09:46:56] - http://feeds.feedburner.com/ruanyifeng
[2026-07-31 12:02:21] 本次订阅抓取结果统计:
[2026-07-31 12:02:21] 共 28 条RSS, 成功抓取 24 条.
[2026-07-31 12:02:21] ✘ 有 4 条订阅解析失败:
[2026-07-31 12:02:21] - https://geekinney.com/index.xml
[2026-07-31 12:02:21] - https://tcxx.info/feed
[2026-07-31 12:02:21] - https://www.shephe.com/feed
[2026-07-31 12:02:21] - https://tumutanzi.com/feed
[2026-07-31 12:02:21] ✘ 有 3 条订阅头像无法访问, 已使用默认头像:
[2026-07-31 12:02:21] - https://hwv430.blogspot.com/feeds/posts/default
[2026-07-31 12:02:21] - https://www.loyhome.com/feed
[2026-07-31 12:02:21] - http://feeds.feedburner.com/ruanyifeng
[2026-07-31 15:21:17] 本次订阅抓取结果统计:
[2026-07-31 15:21:17] 共 28 条RSS, 成功抓取 25 条.
[2026-07-31 15:21:17] ✘ 有 3 条订阅解析失败:
[2026-07-31 15:21:17] - https://geekinney.com/index.xml
[2026-07-31 15:21:17] - https://www.shephe.com/feed
[2026-07-31 15:21:17] - https://tcxx.info/feed
[2026-07-31 15:21:17] ✘ 有 3 条订阅头像无法访问, 已使用默认头像:
[2026-07-31 15:21:17] - https://hwv430.blogspot.com/feeds/posts/default
[2026-07-31 15:21:17] - http://feeds.feedburner.com/ruanyifeng
[2026-07-31 15:21:17] - https://www.loyhome.com/feed
[2026-07-31 17:41:16] 本次订阅抓取结果统计:
[2026-07-31 17:41:16] 共 28 条RSS, 成功抓取 25 条.
[2026-07-31 17:41:16] ✘ 有 3 条订阅解析失败:
[2026-07-31 17:41:16] - https://geekinney.com/index.xml
[2026-07-31 17:41:16] - https://tcxx.info/feed
[2026-07-31 17:41:16] - https://www.shephe.com/feed
[2026-07-31 17:41:16] ✘ 有 2 条订阅头像无法访问, 已使用默认头像:
[2026-07-31 17:41:16] - https://www.loyhome.com/feed
[2026-07-31 17:41:16] - http://feeds.feedburner.com/ruanyifeng
