[2026-08-07 00:41:29] 本次订阅抓取结果统计:
[2026-08-07 00:41:29] 共 28 条RSS, 成功抓取 25 条.
[2026-08-07 00:41:29] ✘ 有 3 条订阅解析失败:
[2026-08-07 00:41:29] - https://geekinney.com/index.xml
[2026-08-07 00:41:29] - https://tcxx.info/feed
[2026-08-07 00:41:29] - https://www.shephe.com/feed
[2026-08-07 00:41:29] ✘ 有 2 条订阅头像无法访问, 已使用默认头像:
[2026-08-07 00:41:29] - https://www.loyhome.com/feed
[2026-08-07 00:41:29] - http://feeds.feedburner.com/ruanyifeng
[2026-08-07 03:50:59] 本次订阅抓取结果统计:
[2026-08-07 03:50:59] 共 28 条RSS, 成功抓取 25 条.
[2026-08-07 03:50:59] ✘ 有 3 条订阅解析失败:
[2026-08-07 03:50:59] - https://geekinney.com/index.xml
[2026-08-07 03:50:59] - https://tcxx.info/feed
[2026-08-07 03:50:59] - https://www.shephe.com/feed
[2026-08-07 03:50:59] ✘ 有 4 条订阅头像无法访问, 已使用默认头像:
[2026-08-07 03:50:59] - https://hwv430.blogspot.com/feeds/posts/default
[2026-08-07 03:50:59] - https://www.loyhome.com/feed
[2026-08-07 03:50:59] - http://feeds.feedburner.com/ruanyifeng
[2026-08-07 03:50:59] - https://xyzbz.cn/feed
[2026-08-07 05:42:05] 本次订阅抓取结果统计:
[2026-08-07 05:42:05] 共 28 条RSS, 成功抓取 24 条.
[2026-08-07 05:42:05] ✘ 有 4 条订阅解析失败:
[2026-08-07 05:42:05] - https://geekinney.com/index.xml
[2026-08-07 05:42:05] - https://tcxx.info/feed
[2026-08-07 05:42:05] - https://tumutanzi.com/feed
[2026-08-07 05:42:05] - https://www.shephe.com/feed
[2026-08-07 05:42:05] ✘ 有 3 条订阅头像无法访问, 已使用默认头像:
[2026-08-07 05:42:05] - https://hwv430.blogspot.com/feeds/posts/default
[2026-08-07 05:42:05] - https://www.loyhome.com/feed
[2026-08-07 05:42:05] - http://feeds.feedburner.com/ruanyifeng
[2026-08-07 07:20:06] 本次订阅抓取结果统计:
[2026-08-07 07:20:06] 共 28 条RSS, 成功抓取 24 条.
[2026-08-07 07:20:06] ✘ 有 4 条订阅解析失败:
[2026-08-07 07:20:06] - https://geekinney.com/index.xml
[2026-08-07 07:20:06] - https://tcxx.info/feed
[2026-08-07 07:20:06] - https://tumutanzi.com/feed
[2026-08-07 07:20:06] - https://www.shephe.com/feed
[2026-08-07 07:20:06] ✘ 有 3 条订阅头像无法访问, 已使用默认头像:
[2026-08-07 07:20:06] - https://hwv430.blogspot.com/feeds/posts/default
[2026-08-07 07:20:06] - https://www.loyhome.com/feed
[2026-08-07 07:20:06] - http://feeds.feedburner.com/ruanyifeng
[2026-08-07 09:02:07] 本次订阅抓取结果统计:
[2026-08-07 09:02:07] 共 28 条RSS, 成功抓取 25 条.
[2026-08-07 09:02:07] ✘ 有 3 条订阅解析失败:
[2026-08-07 09:02:07] - https://geekinney.com/index.xml
[2026-08-07 09:02:07] - https://tcxx.info/feed
[2026-08-07 09:02:07] - https://www.shephe.com/feed
[2026-08-07 09:02:07] ✘ 有 3 条订阅头像无法访问, 已使用默认头像:
[2026-08-07 09:02:07] - https://hwv430.blogspot.com/feeds/posts/default
[2026-08-07 09:02:07] - https://www.loyhome.com/feed
[2026-08-07 09:02:07] - http://feeds.feedburner.com/ruanyifeng
[2026-08-07 10:54:49] 本次订阅抓取结果统计:
[2026-08-07 10:54:49] 共 28 条RSS, 成功抓取 24 条.
[2026-08-07 10:54:49] ✘ 有 4 条订阅解析失败:
[2026-08-07 10:54:49] - https://geekinney.com/index.xml
[2026-08-07 10:54:49] - https://tcxx.info/feed
[2026-08-07 10:54:49] - https://tumutanzi.com/feed
[2026-08-07 10:54:49] - https://www.shephe.com/feed
[2026-08-07 10:54:49] ✘ 有 2 条订阅头像无法访问, 已使用默认头像:
[2026-08-07 10:54:49] - https://www.loyhome.com/feed
[2026-08-07 10:54:49] - http://feeds.feedburner.com/ruanyifeng
[2026-08-07 11:48:22] 本次订阅抓取结果统计:
[2026-08-07 11:48:22] 共 28 条RSS, 成功抓取 25 条.
[2026-08-07 11:48:22] ✘ 有 3 条订阅解析失败:
[2026-08-07 11:48:22] - https://geekinney.com/index.xml
[2026-08-07 11:48:22] - https://tcxx.info/feed
[2026-08-07 11:48:22] - https://www.shephe.com/feed
[2026-08-07 11:48:22] ✘ 有 2 条订阅头像无法访问, 已使用默认头像:
[2026-08-07 11:48:22] - https://www.loyhome.com/feed
[2026-08-07 11:48:22] - http://feeds.feedburner.com/ruanyifeng
[2026-08-07 13:09:50] 本次订阅抓取结果统计:
[2026-08-07 13:09:50] 共 28 条RSS, 成功抓取 24 条.
[2026-08-07 13:09:50] ✘ 有 4 条订阅解析失败:
[2026-08-07 13:09:50] - https://geekinney.com/index.xml
[2026-08-07 13:09:50] - https://tcxx.info/feed
[2026-08-07 13:09:50] - https://tumutanzi.com/feed
[2026-08-07 13:09:50] - https://www.shephe.com/feed
[2026-08-07 13:09:50] ✘ 有 2 条订阅头像无法访问, 已使用默认头像:
[2026-08-07 13:09:50] - https://www.loyhome.com/feed
[2026-08-07 13:09:50] - http://feeds.feedburner.com/ruanyifeng
[2026-08-07 14:54:44] 本次订阅抓取结果统计:
[2026-08-07 14:54:44] 共 28 条RSS, 成功抓取 25 条.
[2026-08-07 14:54:44] ✘ 有 3 条订阅解析失败:
[2026-08-07 14:54:44] - https://geekinney.com/index.xml
[2026-08-07 14:54:44] - https://tcxx.info/feed
[2026-08-07 14:54:44] - https://www.shephe.com/feed
[2026-08-07 14:54:44] ✘ 有 3 条订阅头像无法访问, 已使用默认头像:
[2026-08-07 14:54:44] - https://hwv430.blogspot.com/feeds/posts/default
[2026-08-07 14:54:44] - https://www.loyhome.com/feed
[2026-08-07 14:54:44] - http://feeds.feedburner.com/ruanyifeng
[2026-08-07 15:58:30] 本次订阅抓取结果统计:
[2026-08-07 15:58:30] 共 28 条RSS, 成功抓取 25 条.
[2026-08-07 15:58:30] ✘ 有 3 条订阅解析失败:
[2026-08-07 15:58:30] - https://www.shephe.com/feed
[2026-08-07 15:58:30] - https://geekinney.com/index.xml
[2026-08-07 15:58:30] - https://tcxx.info/feed
[2026-08-07 15:58:30] ✘ 有 3 条订阅头像无法访问, 已使用默认头像:
[2026-08-07 15:58:30] - https://hwv430.blogspot.com/feeds/posts/default
[2026-08-07 15:58:30] - https://www.loyhome.com/feed
[2026-08-07 15:58:30] - http://feeds.feedburner.com/ruanyifeng
[2026-08-07 17:00:52] 本次订阅抓取结果统计:
[2026-08-07 17:00:52] 共 28 条RSS, 成功抓取 24 条.
[2026-08-07 17:00:52] ✘ 有 4 条订阅解析失败:
[2026-08-07 17:00:52] - https://geekinney.com/index.xml
[2026-08-07 17:00:52] - https://tcxx.info/feed
[2026-08-07 17:00:52] - https://tumutanzi.com/feed
[2026-08-07 17:00:52] - https://www.shephe.com/feed
[2026-08-07 17:00:52] ✘ 有 3 条订阅头像无法访问, 已使用默认头像:
[2026-08-07 17:00:52] - https://hwv430.blogspot.com/feeds/posts/default
[2026-08-07 17:00:52] - https://www.loyhome.com/feed
[2026-08-07 17:00:52] - http://feeds.feedburner.com/ruanyifeng
[2026-08-07 19:01:35] 本次订阅抓取结果统计:
[2026-08-07 19:01:35] 共 28 条RSS, 成功抓取 25 条.
[2026-08-07 19:01:35] ✘ 有 3 条订阅解析失败:
[2026-08-07 19:01:35] - https://geekinney.com/index.xml
[2026-08-07 19:01:35] - https://tcxx.info/feed
[2026-08-07 19:01:35] - https://www.shephe.com/feed
[2026-08-07 19:01:35] ✘ 有 3 条订阅头像无法访问, 已使用默认头像:
[2026-08-07 19:01:35] - https://hwv430.blogspot.com/feeds/posts/default
[2026-08-07 19:01:35] - https://www.loyhome.com/feed
[2026-08-07 19:01:35] - http://feeds.feedburner.com/ruanyifeng
[2026-08-07 20:44:16] 本次订阅抓取结果统计:
[2026-08-07 20:44:16] 共 28 条RSS, 成功抓取 25 条.
[2026-08-07 20:44:16] ✘ 有 3 条订阅解析失败:
[2026-08-07 20:44:16] - https://geekinney.com/index.xml
[2026-08-07 20:44:16] - https://tcxx.info/feed
[2026-08-07 20:44:16] - https://www.shephe.com/feed
[2026-08-07 20:44:16] ✘ 有 2 条订阅头像无法访问, 已使用默认头像:
[2026-08-07 20:44:16] - https://www.loyhome.com/feed
[2026-08-07 20:44:16] - http://feeds.feedburner.com/ruanyifeng
[2026-08-07 21:41:50] 本次订阅抓取结果统计:
[2026-08-07 21:41:50] 共 28 条RSS, 成功抓取 25 条.
[2026-08-07 21:41:50] ✘ 有 3 条订阅解析失败:
[2026-08-07 21:41:50] - https://geekinney.com/index.xml
[2026-08-07 21:41:50] - https://tcxx.info/feed
[2026-08-07 21:41:50] - https://www.shephe.com/feed
[2026-08-07 21:41:50] ✘ 有 2 条订阅头像无法访问, 已使用默认头像:
[2026-08-07 21:41:50] - http://feeds.feedburner.com/ruanyifeng
[2026-08-07 21:41:50] - https://www.loyhome.com/feed
[2026-08-07 22:39:18] 本次订阅抓取结果统计:
[2026-08-07 22:39:18] 共 28 条RSS, 成功抓取 24 条.
[2026-08-07 22:39:18] ✘ 有 4 条订阅解析失败:
[2026-08-07 22:39:18] - https://geekinney.com/index.xml
[2026-08-07 22:39:18] - https://tcxx.info/feed
[2026-08-07 22:39:18] - https://tumutanzi.com/feed
[2026-08-07 22:39:18] - https://www.shephe.com/feed
[2026-08-07 22:39:18] ✘ 有 3 条订阅头像无法访问, 已使用默认头像:
[2026-08-07 22:39:18] - https://hwv430.blogspot.com/feeds/posts/default
[2026-08-07 22:39:18] - https://www.loyhome.com/feed
[2026-08-07 22:39:18] - http://feeds.feedburner.com/ruanyifeng
