[2026-09-14 00:57:22] 本次订阅抓取结果统计:
[2026-09-14 00:57:22] 共 28 条RSS, 成功抓取 24 条.
[2026-09-14 00:57:22] ✘ 有 4 条订阅解析失败:
[2026-09-14 00:57:22] - https://wangpei.net/feed
[2026-09-14 00:57:22] - https://geekinney.com/index.xml
[2026-09-14 00:57:22] - https://tcxx.info/feed
[2026-09-14 00:57:22] - https://www.shephe.com/feed
[2026-09-14 00:57:22] ✘ 有 3 条订阅头像无法访问, 已使用默认头像:
[2026-09-14 00:57:22] - https://www.loyhome.com/feed
[2026-09-14 00:57:22] - http://feeds.feedburner.com/ruanyifeng
[2026-09-14 00:57:22] - https://oba.by/feed
[2026-09-14 06:01:53] 本次订阅抓取结果统计:
[2026-09-14 06:01:53] 共 28 条RSS, 成功抓取 24 条.
[2026-09-14 06:01:53] ✘ 有 4 条订阅解析失败:
[2026-09-14 06:01:53] - https://wangpei.net/feed
[2026-09-14 06:01:53] - https://geekinney.com/index.xml
[2026-09-14 06:01:53] - https://tcxx.info/feed
[2026-09-14 06:01:53] - https://www.shephe.com/feed
[2026-09-14 06:01:53] ✘ 有 3 条订阅头像无法访问, 已使用默认头像:
[2026-09-14 06:01:53] - https://www.loyhome.com/feed
[2026-09-14 06:01:53] - http://feeds.feedburner.com/ruanyifeng
[2026-09-14 06:01:53] - https://oba.by/feed
[2026-09-14 13:45:08] 本次订阅抓取结果统计:
[2026-09-14 13:45:08] 共 28 条RSS, 成功抓取 24 条.
[2026-09-14 13:45:08] ✘ 有 4 条订阅解析失败:
[2026-09-14 13:45:08] - https://wangpei.net/feed
[2026-09-14 13:45:08] - https://geekinney.com/index.xml
[2026-09-14 13:45:08] - https://tcxx.info/feed
[2026-09-14 13:45:08] - https://www.shephe.com/feed
[2026-09-14 13:45:08] ✘ 有 3 条订阅头像无法访问, 已使用默认头像:
[2026-09-14 13:45:08] - https://www.loyhome.com/feed
[2026-09-14 13:45:08] - http://feeds.feedburner.com/ruanyifeng
[2026-09-14 13:45:08] - https://oba.by/feed
