[2026-08-09 01:55:59] 本次订阅抓取结果统计:
[2026-08-09 01:55:59] 共 28 条RSS, 成功抓取 25 条.
[2026-08-09 01:55:59] ✘ 有 3 条订阅解析失败:
[2026-08-09 01:55:59] - https://geekinney.com/index.xml
[2026-08-09 01:55:59] - https://tcxx.info/feed
[2026-08-09 01:55:59] - https://tumutanzi.com/feed
[2026-08-09 01:55:59] ✘ 有 3 条订阅头像无法访问, 已使用默认头像:
[2026-08-09 01:55:59] - https://www.loyhome.com/feed
[2026-08-09 01:55:59] - https://hwv430.blogspot.com/feeds/posts/default
[2026-08-09 01:55:59] - http://feeds.feedburner.com/ruanyifeng
[2026-08-09 03:46:16] 本次订阅抓取结果统计:
[2026-08-09 03:46:16] 共 28 条RSS, 成功抓取 26 条.
[2026-08-09 03:46:16] ✘ 有 2 条订阅解析失败:
[2026-08-09 03:46:16] - https://geekinney.com/index.xml
[2026-08-09 03:46:16] - https://tcxx.info/feed
[2026-08-09 03:46:16] ✘ 有 3 条订阅头像无法访问, 已使用默认头像:
[2026-08-09 03:46:16] - https://hwv430.blogspot.com/feeds/posts/default
[2026-08-09 03:46:16] - https://www.loyhome.com/feed
[2026-08-09 03:46:16] - http://feeds.feedburner.com/ruanyifeng
[2026-08-09 05:08:22] 本次订阅抓取结果统计:
[2026-08-09 05:08:22] 共 28 条RSS, 成功抓取 26 条.
[2026-08-09 05:08:22] ✘ 有 2 条订阅解析失败:
[2026-08-09 05:08:22] - https://geekinney.com/index.xml
[2026-08-09 05:08:22] - https://tcxx.info/feed
[2026-08-09 05:08:22] ✘ 有 3 条订阅头像无法访问, 已使用默认头像:
[2026-08-09 05:08:22] - https://hwv430.blogspot.com/feeds/posts/default
[2026-08-09 05:08:22] - https://www.loyhome.com/feed
[2026-08-09 05:08:22] - http://feeds.feedburner.com/ruanyifeng
[2026-08-09 07:00:41] 本次订阅抓取结果统计:
[2026-08-09 07:00:41] 共 28 条RSS, 成功抓取 26 条.
[2026-08-09 07:00:41] ✘ 有 2 条订阅解析失败:
[2026-08-09 07:00:41] - https://geekinney.com/index.xml
[2026-08-09 07:00:41] - https://tcxx.info/feed
[2026-08-09 07:00:41] ✘ 有 3 条订阅头像无法访问, 已使用默认头像:
[2026-08-09 07:00:41] - https://hwv430.blogspot.com/feeds/posts/default
[2026-08-09 07:00:41] - https://www.loyhome.com/feed
[2026-08-09 07:00:41] - http://feeds.feedburner.com/ruanyifeng
[2026-08-09 07:57:30] 本次订阅抓取结果统计:
[2026-08-09 07:57:30] 共 28 条RSS, 成功抓取 26 条.
[2026-08-09 07:57:30] ✘ 有 2 条订阅解析失败:
[2026-08-09 07:57:30] - https://geekinney.com/index.xml
[2026-08-09 07:57:30] - https://tcxx.info/feed
[2026-08-09 07:57:30] ✘ 有 2 条订阅头像无法访问, 已使用默认头像:
[2026-08-09 07:57:30] - https://www.loyhome.com/feed
[2026-08-09 07:57:30] - http://feeds.feedburner.com/ruanyifeng
[2026-08-09 08:54:13] 本次订阅抓取结果统计:
[2026-08-09 08:54:13] 共 28 条RSS, 成功抓取 26 条.
[2026-08-09 08:54:13] ✘ 有 2 条订阅解析失败:
[2026-08-09 08:54:13] - https://geekinney.com/index.xml
[2026-08-09 08:54:13] - https://tcxx.info/feed
[2026-08-09 08:54:13] ✘ 有 3 条订阅头像无法访问, 已使用默认头像:
[2026-08-09 08:54:13] - https://hwv430.blogspot.com/feeds/posts/default
[2026-08-09 08:54:13] - https://www.loyhome.com/feed
[2026-08-09 08:54:13] - http://feeds.feedburner.com/ruanyifeng
[2026-08-09 09:42:00] 本次订阅抓取结果统计:
[2026-08-09 09:42:00] 共 28 条RSS, 成功抓取 26 条.
[2026-08-09 09:42:00] ✘ 有 2 条订阅解析失败:
[2026-08-09 09:42:00] - https://tcxx.info/feed
[2026-08-09 09:42:00] - https://geekinney.com/index.xml
[2026-08-09 09:42:00] ✘ 有 3 条订阅头像无法访问, 已使用默认头像:
[2026-08-09 09:42:00] - https://hwv430.blogspot.com/feeds/posts/default
[2026-08-09 09:42:00] - https://www.loyhome.com/feed
[2026-08-09 09:42:00] - http://feeds.feedburner.com/ruanyifeng
[2026-08-09 10:37:30] 本次订阅抓取结果统计:
[2026-08-09 10:37:30] 共 28 条RSS, 成功抓取 26 条.
[2026-08-09 10:37:30] ✘ 有 2 条订阅解析失败:
[2026-08-09 10:37:30] - https://geekinney.com/index.xml
[2026-08-09 10:37:30] - https://tcxx.info/feed
[2026-08-09 10:37:30] ✘ 有 3 条订阅头像无法访问, 已使用默认头像:
[2026-08-09 10:37:30] - https://hwv430.blogspot.com/feeds/posts/default
[2026-08-09 10:37:30] - https://www.loyhome.com/feed
[2026-08-09 10:37:30] - http://feeds.feedburner.com/ruanyifeng
[2026-08-09 11:31:55] 本次订阅抓取结果统计:
[2026-08-09 11:31:55] 共 28 条RSS, 成功抓取 26 条.
[2026-08-09 11:31:55] ✘ 有 2 条订阅解析失败:
[2026-08-09 11:31:55] - https://geekinney.com/index.xml
[2026-08-09 11:31:55] - https://tcxx.info/feed
[2026-08-09 11:31:55] ✘ 有 2 条订阅头像无法访问, 已使用默认头像:
[2026-08-09 11:31:55] - https://www.loyhome.com/feed
[2026-08-09 11:31:55] - http://feeds.feedburner.com/ruanyifeng
[2026-08-09 12:56:00] 本次订阅抓取结果统计:
[2026-08-09 12:56:00] 共 28 条RSS, 成功抓取 26 条.
[2026-08-09 12:56:00] ✘ 有 2 条订阅解析失败:
[2026-08-09 12:56:00] - https://geekinney.com/index.xml
[2026-08-09 12:56:00] - https://tcxx.info/feed
[2026-08-09 12:56:00] ✘ 有 4 条订阅头像无法访问, 已使用默认头像:
[2026-08-09 12:56:00] - https://hwv430.blogspot.com/feeds/posts/default
[2026-08-09 12:56:00] - https://www.loyhome.com/feed
[2026-08-09 12:56:00] - http://feeds.feedburner.com/ruanyifeng
[2026-08-09 12:56:00] - https://xyzbz.cn/feed
[2026-08-09 13:51:57] 本次订阅抓取结果统计:
[2026-08-09 13:51:57] 共 28 条RSS, 成功抓取 25 条.
[2026-08-09 13:51:57] ✘ 有 3 条订阅解析失败:
[2026-08-09 13:51:57] - https://geekinney.com/index.xml
[2026-08-09 13:51:57] - https://tcxx.info/feed
[2026-08-09 13:51:57] - https://tumutanzi.com/feed
[2026-08-09 13:51:57] ✘ 有 2 条订阅头像无法访问, 已使用默认头像:
[2026-08-09 13:51:57] - https://www.loyhome.com/feed
[2026-08-09 13:51:57] - http://feeds.feedburner.com/ruanyifeng
[2026-08-09 14:37:06] 本次订阅抓取结果统计:
[2026-08-09 14:37:06] 共 28 条RSS, 成功抓取 26 条.
[2026-08-09 14:37:06] ✘ 有 2 条订阅解析失败:
[2026-08-09 14:37:06] - https://geekinney.com/index.xml
[2026-08-09 14:37:06] - https://tcxx.info/feed
[2026-08-09 14:37:06] ✘ 有 3 条订阅头像无法访问, 已使用默认头像:
[2026-08-09 14:37:06] - https://hwv430.blogspot.com/feeds/posts/default
[2026-08-09 14:37:06] - https://www.loyhome.com/feed
[2026-08-09 14:37:06] - http://feeds.feedburner.com/ruanyifeng
[2026-08-09 15:34:11] 本次订阅抓取结果统计:
[2026-08-09 15:34:11] 共 28 条RSS, 成功抓取 26 条.
[2026-08-09 15:34:11] ✘ 有 2 条订阅解析失败:
[2026-08-09 15:34:11] - https://geekinney.com/index.xml
[2026-08-09 15:34:11] - https://tcxx.info/feed
[2026-08-09 15:34:11] ✘ 有 3 条订阅头像无法访问, 已使用默认头像:
[2026-08-09 15:34:11] - https://hwv430.blogspot.com/feeds/posts/default
[2026-08-09 15:34:11] - https://www.loyhome.com/feed
[2026-08-09 15:34:11] - http://feeds.feedburner.com/ruanyifeng
[2026-08-09 16:38:30] 本次订阅抓取结果统计:
[2026-08-09 16:38:30] 共 28 条RSS, 成功抓取 26 条.
[2026-08-09 16:38:30] ✘ 有 2 条订阅解析失败:
[2026-08-09 16:38:30] - https://geekinney.com/index.xml
[2026-08-09 16:38:30] - https://tcxx.info/feed
[2026-08-09 16:38:30] ✘ 有 3 条订阅头像无法访问, 已使用默认头像:
[2026-08-09 16:38:30] - https://hwv430.blogspot.com/feeds/posts/default
[2026-08-09 16:38:30] - https://www.loyhome.com/feed
[2026-08-09 16:38:30] - http://feeds.feedburner.com/ruanyifeng
[2026-08-09 17:33:44] 本次订阅抓取结果统计:
[2026-08-09 17:33:44] 共 28 条RSS, 成功抓取 26 条.
[2026-08-09 17:33:44] ✘ 有 2 条订阅解析失败:
[2026-08-09 17:33:44] - https://geekinney.com/index.xml
[2026-08-09 17:33:44] - https://tcxx.info/feed
[2026-08-09 17:33:44] ✘ 有 3 条订阅头像无法访问, 已使用默认头像:
[2026-08-09 17:33:44] - https://hwv430.blogspot.com/feeds/posts/default
[2026-08-09 17:33:44] - https://www.loyhome.com/feed
[2026-08-09 17:33:44] - http://feeds.feedburner.com/ruanyifeng
[2026-08-09 18:44:33] 本次订阅抓取结果统计:
[2026-08-09 18:44:33] 共 28 条RSS, 成功抓取 25 条.
[2026-08-09 18:44:33] ✘ 有 3 条订阅解析失败:
[2026-08-09 18:44:33] - https://geekinney.com/index.xml
[2026-08-09 18:44:33] - https://tcxx.info/feed
[2026-08-09 18:44:33] - https://tumutanzi.com/feed
[2026-08-09 18:44:33] ✘ 有 2 条订阅头像无法访问, 已使用默认头像:
[2026-08-09 18:44:33] - https://www.loyhome.com/feed
[2026-08-09 18:44:33] - http://feeds.feedburner.com/ruanyifeng
[2026-08-09 19:35:35] 本次订阅抓取结果统计:
[2026-08-09 19:35:35] 共 28 条RSS, 成功抓取 25 条.
[2026-08-09 19:35:35] ✘ 有 3 条订阅解析失败:
[2026-08-09 19:35:35] - https://geekinney.com/index.xml
[2026-08-09 19:35:35] - https://tcxx.info/feed
[2026-08-09 19:35:35] - https://tumutanzi.com/feed
[2026-08-09 19:35:35] ✘ 有 3 条订阅头像无法访问, 已使用默认头像:
[2026-08-09 19:35:35] - https://www.loyhome.com/feed
[2026-08-09 19:35:35] - https://hwv430.blogspot.com/feeds/posts/default
[2026-08-09 19:35:35] - http://feeds.feedburner.com/ruanyifeng
[2026-08-09 20:35:23] 本次订阅抓取结果统计:
[2026-08-09 20:35:23] 共 28 条RSS, 成功抓取 25 条.
[2026-08-09 20:35:23] ✘ 有 3 条订阅解析失败:
[2026-08-09 20:35:23] - https://geekinney.com/index.xml
[2026-08-09 20:35:23] - https://tcxx.info/feed
[2026-08-09 20:35:23] - https://tumutanzi.com/feed
[2026-08-09 20:35:23] ✘ 有 3 条订阅头像无法访问, 已使用默认头像:
[2026-08-09 20:35:23] - https://www.loyhome.com/feed
[2026-08-09 20:35:23] - https://hwv430.blogspot.com/feeds/posts/default
[2026-08-09 20:35:23] - http://feeds.feedburner.com/ruanyifeng
[2026-08-09 21:35:17] 本次订阅抓取结果统计:
[2026-08-09 21:35:17] 共 28 条RSS, 成功抓取 25 条.
[2026-08-09 21:35:17] ✘ 有 3 条订阅解析失败:
[2026-08-09 21:35:17] - https://geekinney.com/index.xml
[2026-08-09 21:35:17] - https://tcxx.info/feed
[2026-08-09 21:35:17] - https://tumutanzi.com/feed
[2026-08-09 21:35:17] ✘ 有 3 条订阅头像无法访问, 已使用默认头像:
[2026-08-09 21:35:17] - https://hwv430.blogspot.com/feeds/posts/default
[2026-08-09 21:35:17] - https://www.loyhome.com/feed
[2026-08-09 21:35:17] - http://feeds.feedburner.com/ruanyifeng
[2026-08-09 22:34:14] 本次订阅抓取结果统计:
[2026-08-09 22:34:14] 共 28 条RSS, 成功抓取 26 条.
[2026-08-09 22:34:14] ✘ 有 2 条订阅解析失败:
[2026-08-09 22:34:14] - https://geekinney.com/index.xml
[2026-08-09 22:34:14] - https://tcxx.info/feed
[2026-08-09 22:34:14] ✘ 有 3 条订阅头像无法访问, 已使用默认头像:
[2026-08-09 22:34:14] - https://hwv430.blogspot.com/feeds/posts/default
[2026-08-09 22:34:14] - https://www.loyhome.com/feed
[2026-08-09 22:34:14] - http://feeds.feedburner.com/ruanyifeng
